               DMBOT_IMU]?B# $޽      =z  =&kAkA"0     Q     ⲗ8XDP            n      $MBOT_ENCODERSN $     )     :            h      MBOT_MOTOR_COMMAND8m                        J      DMBOT_IMU]?B# tz  =  ;     A#9     Q     28КɿDS0            L      $MBOT_ENCODERSN t     )     :                  DMBOT_IMU]?B# kz    z  ;t8A"0     Q     _u8"DV\            n      $MBOT_ENCODERSN k     )     :                  DMBOT_IMU]?B# q; z    =(f$A"N     Q     ]8[DXx                  $MBOT_ENCODERSN q     )     :           	 4      DMBOT_IMU]?B# ]    =z      <5A#     Q     :q8EDZ           
 7      $MBOT_ENCODERSN ]     )     :                  DMBOT_IMU]?B#       ; =&ksA"     Q     48;D^                  $MBOT_ENCODERSN      )     :                  MBOT_MOTOR_COMMAND8m                        W      DMBOT_IMU]?B# z      =aA"     Q     !8*D_            :      $MBOT_ENCODERSN      )     :                  DMBOT_IMU]?B# H/            <cɾa?A"l     Q     8埿D`                   $MBOT_ENCODERSN H/     )     :            l      DMBOT_IMU]?B# A    =z  ; <oA"1     Q     8ɿDb            n      $MBOT_ENCODERSN A     )     :                  DMBOT_IMU]?B# 䇽  z  ; Dcɾ5A#b     Q      8ԆDe~            |      $MBOT_ENCODERSN      )     :            	      DMBOT_IMU]?B# 2Ǿ; z  ; =:A#     Q     18Dg                  $MBOT_ENCODERSN 2     )     :            X      DMBOT_IMU]?B# z        =	yMA"     Q     C8TDh            Y      $MBOT_ENCODERSN      )     :                  MBOT_MOTOR_COMMAND8m                              DMBOT_IMU]?B# ; z  ; <5m|A"N     Q     ^8ſDj                  $MBOT_ENCODERSN      )     :                  DMBOT_IMU]?B# 8  z  z  <|-A"X     Q     hA8DmA                  $MBOT_ENCODERSN 8     )     :            B      DMBOT_IMU]?B# kվz  z    =X]A#V     Q     s<9{DnW             D      $MBOT_ENCODERSN k     )     :           !       DMBOT_IMU]?B#   z    =X]oA#V     Q     !9Dp           " y      $MBOT_ENCODERSN      )     :           # N      DMBOT_IMU]?B#     =  z  =&kf$A#Cg     Q     t9	H^Du           $       $MBOT_ENCODERSN      )     :           % ,      MBOT_MOTOR_COMMAND8m                       & ,      DMBOT_IMU]?B# Vz  =z      <xA#M.     Q     39!Dv}           ' .      $MBOT_ENCODERSN V     )     :           ( {      DMBOT_IMU]?B# K  z    <yh\A#&     Q     93
GDw           ) }+      $MBOT_ENCODERSN K     )     :           *       DMBOT_IMU]?B#   z  @ <PA#j     Q     	96HD{b           +       $MBOT_ENCODERSN      )     :           ,       DMBOT_IMU]?B# @  z      cɾPA#     Q     ;9*ⅿD|x           -       $MBOT_ENCODERSN @     )     :           . e      DMBOT_IMU]?B#   z    ;m|A#     Q     96D~           / g      $MBOT_ENCODERSN      )     :           0       DMBOT_IMU]?B# J    =    <wGA#9     Q     G9FJ{D           1       $MBOT_ENCODERSN J     )     :           2 
      MBOT_MOTOR_COMMAND8m                       3 )      DMBOT_IMU]?B# +; z  ; =J׾f$A#j     Q     9HyD~           4       $MBOT_ENCODERSN +     )     :           5 PJ      DMBOT_IMU]?B# yvz    ; =DcɾPA#     Q     9;`DU           6 R      $MBOT_ENCODERSN yv     )     :           7       DMBOT_IMU]?B# z  =z  ; <Dcɾ~OA";n     Q     09O=D1           8       $MBOT_ENCODERSN      )     :           9       DMBOT_IMU]?B# z       <NwGA"N     Q     9ej D           :       $MBOT_ENCODERSN      )     :           ; :      DMBOT_IMU]?B# d ; z  ; =f$A";n     Q     9||D1           < <      $MBOT_ENCODERSN d      )     :           = ky      MBOT_MOTOR_COMMAND8m                       > S      DMBOT_IMU]?B# ;     ; =kwGA"N     Q     ϻ9dD           ? _      $MBOT_ENCODERSN      )     :           @ o      DMBOT_IMU]?B#    z    =DcɾRiA"2     Q     ⟓9jrwD           A       $MBOT_ENCODERSN       )     :           B %      DMBOT_IMU]?B# O        ; =DcɾoA#&     Q     x9Z>D           C (4      $MBOT_ENCODERSN O     )     :           D sL      DMBOT_IMU]?B# Ƚ          <5f$A"
     Q     ➲9`&D           E u)      $MBOT_ENCODERSN      )     :           F       DMBOT_IMU]?B# 8  z    <]\YA#     Q     ⵻9R>D           G       $MBOT_ENCODERSN 8     )     :           H       DMBOT_IMU]?B# 9"; z      =Dcɾ|-A"     Q     Ҿ9TXDb           I       $MBOT_ENCODERSN 9"     )     :           J       MBOT_MOTOR_COMMAND8m                       K ^      DMBOT_IMU]?B#     =z  ; =koA#Cg     Q      9U	D           L a      $MBOT_ENCODERSN      )     :           M /      DMBOT_IMU]?B# ՛          <]rbrA"lP     Q     9\mDk           N       $MBOT_ENCODERSN ՛     )     :           O a      DMBOT_IMU]?B# #н  z      =N5^EA"E5     Q     <97.D           P J      $MBOT_ENCODERSN #     )     :           Q H      DMBOT_IMU]?B# q  z    =(rbrA#/     Q     9$D           R J      $MBOT_ENCODERSN q     )     :           S       DMBOT_IMU]?B# :    =z    =Nt8A"lP     Q     9&WD           T       $MBOT_ENCODERSN :     )     :           U       MBOT_MOTOR_COMMAND8m                       V >      DMBOT_IMU]?B# Sz      z  <Nk
!A"     Q     ;9D           W [      $MBOT_ENCODERSN S     )     :           X 3M      DMBOT_IMU]?B# \            <oA#/     Q     9D4           Y 5H      $MBOT_ENCODERSN \     )     :           Z       DMBOT_IMU]?B# ̾; z      =	yoA#&     Q     83D8           [       $MBOT_ENCODERSN      )     :           \ ϻ      DMBOT_IMU]?B#           ;񾆨xA#&     Q     8٠*DX           ] њ      $MBOT_ENCODERSN      )     :           ^       DMBOT_IMU]?B# G$z    @ =N5YA"i     Q     |o8D           _ z      $MBOT_ENCODERSN G$     )     :           ` l      DMBOT_IMU]?B# ; z  ; k
!A#     Q     ⃲8}BD           a n      $MBOT_ENCODERSN      )     :           b t      MBOT_MOTOR_COMMAND8m                       c       DMBOT_IMU]?B# ν  z    <5A#M.     Q     ≂8nqfD[           d       $MBOT_ENCODERSN      )     :           e m      DMBOT_IMU]?B# 1ýz  ; z  =:A#j     Q     x8QD           f 
Y      $MBOT_ENCODERSN 1     )     :           g Vq      DMBOT_IMU]?B#           ;t8A"     Q     wO8AyD           h Xx      $MBOT_ENCODERSN      )     :           i       DMBOT_IMU]?B# 1; z      ;5A"2     Q     ◆7>D           j       $MBOT_ENCODERSN 1     )     :           k       DMBOT_IMU]?B# z  z      <km|A"N     Q     7JD           l       $MBOT_ENCODERSN      )     :           m A      DMBOT_IMU]?B# j۽z      ; =05A"b     Q     Y7DB           n C      $MBOT_ENCODERSN j     )     :           o       MBOT_MOTOR_COMMAND8m                       p U      DMBOT_IMU]?B#   z    <ym|A"l     Q     7rD           q       $MBOT_ENCODERSN      )     :           r       DMBOT_IMU]?B# ;     z  <yU.A#K     Q     8n׿DǠ           s       $MBOT_ENCODERSN      )     :           t +      DMBOT_IMU]?B# U&    =z    <cɾ5A"N     Q     R$8/yD)           u -      $MBOT_ENCODERSN U&     )     :           v zG      DMBOT_IMU]?B# u=z        =DcɾA"'     Q     CW8inĎ           w |      $MBOT_ENCODERSN u     )     :           x !      DMBOT_IMU]?B#   ; z  <DcɾwGA#     Q     0N8LՅDM           y 
      $MBOT_ENCODERSN      )     :           z       DMBOT_IMU]?B# ?    =    =DcɾxA"     Q     ;8TD           {       $MBOT_ENCODERSN ?     )     :           | /X      MBOT_MOTOR_COMMAND8m                       } d      DMBOT_IMU]?B# ; z    <cɾA$     Q     78fD<           ~ f      $MBOT_ENCODERSN      )     :                  DMBOT_IMU]?B#   z    <h\A#Cg     Q     :N8&PD[            o      $MBOT_ENCODERSN      )     :            v      DMBOT_IMU]?B# *; z    <NA"i     Q     QU8ѿD                  $MBOT_ENCODERSN *     )     :            O0      DMBOT_IMU]?B# x            <cɾxA"N     Q     B8BD            Q      $MBOT_ENCODERSN x     )     :                  DMBOT_IMU]?B# ; ; z  =	yAkA"     Q     8ܿDڲ                  $MBOT_ENCODERSN      )     :                  MBOT_MOTOR_COMMAND8m                        
      DMBOT_IMU]?B#  ; ;     ~OA"     Q     8.]D                  $MBOT_ENCODERSN       )     :             9      DMBOT_IMU]?B#  cO  z    =	yHRA"     Q     98CTDށ             ;      $MBOT_ENCODERSN  cO     )     :             b      DMBOT_IMU]?B#  t          =NA#`     Q     97D߈                   $MBOT_ENCODERSN  t     )     :             U      DMBOT_IMU]?B#            ;RiA#`     Q     #7[|DK             O      $MBOT_ENCODERSN       )     :            !$r      DMBOT_IMU]?B# !Mνz        <N^EA"v     Q     7UD            !&]      $MBOT_ENCODERSN !M     )     :            !r      DMBOT_IMU]?B# !
        ; =N55A"     Q     8DP            !ty      $MBOT_ENCODERSN !
     )     :            !      MBOT_MOTOR_COMMAND8m                        !      DMBOT_IMU]?B# !; z    <cɾk
!A"     Q     ;7[D            !      $MBOT_ENCODERSN !     )     :            "P      DMBOT_IMU]?B# "8s          <5k
!A"     Q     v74D0            "Z      $MBOT_ENCODERSN "8s     )     :            "]'      DMBOT_IMU]?B# "  z  z  =	yA"     Q     87akD7            "_      $MBOT_ENCODERSN "     )     :            "p      DMBOT_IMU]?B# "Ի  z  ; ;5A"N     Q     7'Dg            "v      $MBOT_ENCODERSN "Ի     )     :            "3      DMBOT_IMU]?B# ##dz  =z  z  ;WsA"0     Q     $72ҺDp            "7      $MBOT_ENCODERSN ##d     )     :            #      MBOT_MOTOR_COMMAND8m                        #G      DMBOT_IMU]?B# #q    =  ; <cA#     Q     7D            #I      $MBOT_ENCODERSN #q     )     :            #:      DMBOT_IMU]?B# #m; z      <kyA"     Q     7D            #L      $MBOT_ENCODERSN #m     )     :            #      DMBOT_IMU]?B# $v          =05h\A"N     Q     %8EaD            #      $MBOT_ENCODERSN $v     )     :            $2z      DMBOT_IMU]?B# $[ν  z  ; =&kPA#d     Q     .8
$6D,            $4z      $MBOT_ENCODERSN $[     )     :            $      DMBOT_IMU]?B# $ؾ; z    A"     Q     1!831D            $n      $MBOT_ENCODERSN $     )     :            $<      MBOT_MOTOR_COMMAND8m                        $      DMBOT_IMU]?B# $z  z  z  yoA"     Q     Gl8T%nD            $Ӵ      $MBOT_ENCODERSN $     )     :            %x      DMBOT_IMU]?B# %Fez  =z  z  <DcɾWsA"     Q     8]E            %      $MBOT_ENCODERSN %Fe     )     :            %kA      DMBOT_IMU]?B# %  z  ; =Nm|A#/     Q     8^ZE            %mS      $MBOT_ENCODERSN %     )     :            %      DMBOT_IMU]?B# %⤽  z  ; =N5>A"     Q     d7|E:            %      $MBOT_ENCODERSN %     )     :            &      DMBOT_IMU]?B# &1; z  z  ;|-A#     Q     ;77ѿE	            &	      $MBOT_ENCODERSN &1     )     :            &U      DMBOT_IMU]?B# &B  z    <5^EA#M.     Q     <V8L˿E
            &X      $MBOT_ENCODERSN &B     )     :            &J      DMBOT_IMU]?B# &V; ;   =&kYA#K     Q     ,8慿E            &^      $MBOT_ENCODERSN &V     )     :            &
      DMBOT_IMU]?B# 't  z  ; <NPA"     Q     g8E[            &      $MBOT_ENCODERSN 't     )     :            '0      MBOT_MOTOR_COMMAND8m                        '@f      DMBOT_IMU]?B# 'i; =z  ; <kwGA#     Q     B80E5            'B`      $MBOT_ENCODERSN 'i     )     :            '      DMBOT_IMU]?B# 'ڽz      ; <f$A#9     Q     Q585ڿEJ            '      $MBOT_ENCODERSN '     )     :            'ܳ      DMBOT_IMU]?B# (z      @     oA"     Q     j8=/Es            '      $MBOT_ENCODERSN (     )     :            (+g      DMBOT_IMU]?B# (TT;       =yyA#     Q     l[8@E            (-{      $MBOT_ENCODERSN (TT     )     :            (y
      DMBOT_IMU]?B# (n  z  ; =~OA"E5     Q     l8_sEI            (z      $MBOT_ENCODERSN (n     )     :            (+      DMBOT_IMU]?B# (            ya?A#9     Q     yt8Ek            (       $MBOT_ENCODERSN (     )     :            )t      DMBOT_IMU]?B# )>; z  ; =ym|A#tI     Q     ~8PE6            )o      $MBOT_ENCODERSN )>     )     :            )c      DMBOT_IMU]?B# )  z  ; <kh\A"     Q     w8}ѿE            )e      $MBOT_ENCODERSN )     )     :            )      MBOT_MOTOR_COMMAND8m                        )3      DMBOT_IMU]?B# )[    =z  ; =u|sA#     Q     o8jE_            )      $MBOT_ENCODERSN )[     )     :            *       DMBOT_IMU]?B# *)f  z  ; =	yh\A#/     Q     83E!            *      $MBOT_ENCODERSN *)f     )     :            *N1      DMBOT_IMU]?B# *w  z      <y\YA"0     Q     |8HE#            *P       $MBOT_ENCODERSN *w     )     :            *z      DMBOT_IMU]?B# *ž        ; <DcɾA#     Q     q8}\E%            *[      $MBOT_ENCODERSN *ž     )     :            *l      DMBOT_IMU]?B# +; z  @ =U.A"N     Q     o 8'׿E(!            *      $MBOT_ENCODERSN +     )     :            +9      DMBOT_IMU]?B# +b  ; ; <kf$A#     Q     7E*7            +:      MBOT_MOTOR_COMMAND8m                        +<9      $MBOT_ENCODERSN +b     )     :            +<      DMBOT_IMU]?B# +u            =X]YA#K     Q     mq7TE,Q            +      $MBOT_ENCODERSN +u     )     :            +      DMBOT_IMU]?B# +z  z      <DcɾsA"     Q     〚78#^E/            +      $MBOT_ENCODERSN +     )     :            ,$      DMBOT_IMU]?B# ,Lz      z  <t8A"     Q     68:UE1            ,&      $MBOT_ENCODERSN ,L     )     :            ,q      DMBOT_IMU]?B# ,&z      ; <5^EA#j     Q     8(PE5%            ,t6      $MBOT_ENCODERSN ,&     )     :            ,      DMBOT_IMU]?B# ,难; z      55A#M.     Q     
E8N^E7            ,\      $MBOT_ENCODERSN ,     )     :            ,Х      MBOT_MOTOR_COMMAND8m                        --      DMBOT_IMU]?B# -7w  ; z  <5A#/     Q     !8eBE:m            -      $MBOT_ENCODERSN -7w     )     :            -\"      DMBOT_IMU]?B# -z  ; @ <a?A"     Q     l8'E>            -^s      $MBOT_ENCODERSN -     )     :            -Y      DMBOT_IMU]?B# -Ӯ  =z  @ =xA#M.     Q     8EA             -      $MBOT_ENCODERSN -Ӯ     )     :            -      DMBOT_IMU]?B# ."/; z    =u|oA#`     Q     w8fED            -      $MBOT_ENCODERSN ."/     )     :            .G+      DMBOT_IMU]?B# .pM  z  z  <a?A#Cg     Q     8?XEHx            .I      $MBOT_ENCODERSN .pM     )     :            .v      MBOT_MOTOR_COMMAND8m                        .      DMBOT_IMU]?B# .Wz      |-A#)     Q     A7@EJ/            .+      $MBOT_ENCODERSN .W     )     :            .0      DMBOT_IMU]?B# /z  z  z  <yh\A"l     Q     8;EO            .x      $MBOT_ENCODERSN /     )     :            /14      DMBOT_IMU]?B# /Z=z          <rbrA#     Q     p8o2ɿER            /3~      $MBOT_ENCODERSN /Z     )     :            /n      DMBOT_IMU]?B# /ٽz    z  ;񾋎A"v     Q     8uGEU%            /      $MBOT_ENCODERSN /     )     :            /      DMBOT_IMU]?B# //  z  ; <Dcɾh\A#`     Q     D8kpEW@            /и      $MBOT_ENCODERSN //     )     :            0      MBOT_MOTOR_COMMAND8m                        0C      DMBOT_IMU]?B# 0FPz  z      ;k
!A"0     Q     Q\8̿EX            0]      $MBOT_ENCODERSN 0FP     )     :            0jF      DMBOT_IMU]?B# 0; z  ; =	yh\A"     Q     h7<ɿEZ            0ll      $MBOT_ENCODERSN 0     )     :            0p      DMBOT_IMU]?B# 0ỽ  z    =a'f$A";n     Q     7qzE]3            0      $MBOT_ENCODERSN 0     )     :           1      DMBOT_IMU]?B# 10; z    <kwGA"v     Q     \.8=CE`           1	9      $MBOT_ENCODERSN 10     )     :           1Us      DMBOT_IMU]?B# 1~u; ; z  wGA"     Q     
8^;Ec+           1X$      $MBOT_ENCODERSN 1~u     )     :           1H      DMBOT_IMU]?B# 1̎  z    <cɾf$A"     Q     /7k(Ef           1      $MBOT_ENCODERSN 1̎     )     :           1      DMBOT_IMU]?B# 2; z  ; ;m|A#j     Q     /@Eh           1I      $MBOT_ENCODERSN 2     )     :          	 2      MBOT_MOTOR_COMMAND8m                      
 2?t      DMBOT_IMU]?B# 2h; z  z  =a'xA#9     Q     6)Ej           2A      $MBOT_ENCODERSN 2h     )     :           2y      DMBOT_IMU]?B# 2׾; z  ; =J׾k
!A#V     Q     δEn           2      $MBOT_ENCODERSN 2     )     :           2      DMBOT_IMU]?B# 3  z  z  <rbrA#     Q     jEq           2+      $MBOT_ENCODERSN 3     )     :           3*7      DMBOT_IMU]?B# 3SP      ; <DcɾxA"lP     Q     GؿEt           3-      $MBOT_ENCODERSN 3SP     )     :           3x-      DMBOT_IMU]?B# 3}        ; =(5A"N     Q     tݩEww           3z      $MBOT_ENCODERSN 3}     )     :           3      MBOT_MOTOR_COMMAND8m                       3;      DMBOT_IMU]?B# 3ﴽz  z  z  <t8A"     Q     %$ݗEz?           3~      $MBOT_ENCODERSN 3     )     :           4      DMBOT_IMU]?B# 4=ݾ; z   <kh\A#j     Q     )E+           4      $MBOT_ENCODERSN 4=     )     :           4c      DMBOT_IMU]?B# 4A; ;   <yA"0     Q     鸀uEQ           4e      $MBOT_ENCODERSN 4A     )     :           4      DMBOT_IMU]?B# 4ӽ      z  =J׾k
!A#M.     Q     YU2E           4B      $MBOT_ENCODERSN 4     )     :           4      DMBOT_IMU]?B# 5(          ]~OA#`     Q     ,ڸfE           5~      $MBOT_ENCODERSN 5(     )     :           5M      DMBOT_IMU]?B# 5v; z  ; =N5wGA"E5     Q     ;LKE            5O      $MBOT_ENCODERSN 5v     )     :          ! 5      DMBOT_IMU]?B# 5ҽz     <Nt8A#j     Q     +UE          " 5      $MBOT_ENCODERSN 5     )     :          # 5      MBOT_MOTOR_COMMAND8m                      $ 5s      DMBOT_IMU]?B# 6C  =z  @ =Nt8A#tI     Q      E^          % 5      $MBOT_ENCODERSN 6C     )     :          & 68      DMBOT_IMU]?B# 6ax; z   cɾA#9     Q     	E0          ' 6:      $MBOT_ENCODERSN 6ax     )     :          ( 6A      DMBOT_IMU]?B# 6k  z    <N|-A"l     Q     $E          ) 6<      $MBOT_ENCODERSN 6k     )     :          * 6v      DMBOT_IMU]?B# 6        @ <cA"l     Q     :ǎE!          + 6N      $MBOT_ENCODERSN 6     )     :          , 7"      DMBOT_IMU]?B# 7Kƽz  ; ; Dcɾ|-A$?     Q      |&E          - 7$      $MBOT_ENCODERSN 7K     )     :          . 7q9      DMBOT_IMU]?B# 7        z  <DcɾwGA!٪     Q     IE          / 7so      $MBOT_ENCODERSN 7     )     :          0 7K      DMBOT_IMU]?B# 7Q; ; ; =a'|-A"     Q     )ꃚEB          1 7      $MBOT_ENCODERSN 7Q     )     :          2 8	.      MBOT_MOTOR_COMMAND8m                      3 8      DMBOT_IMU]?B# 86; ; ; <km|A#     Q     S EW          4 8      $MBOT_ENCODERSN 86     )     :          5 8[H      DMBOT_IMU]?B# 8z      z  <km|A"i     Q     Z|E          6 8]'      $MBOT_ENCODERSN 8     )     :          7 8      DMBOT_IMU]?B# 8            <ycA#9     Q     .wKE          8 8      $MBOT_ENCODERSN 8     )     :          9 8      DMBOT_IMU]?B# 9!U    =z    <|-A#     Q     (PၶE:          : 8      $MBOT_ENCODERSN 9!U     )     :          ; 9FE      DMBOT_IMU]?B# 9o_  ;   Dcɾk
!A#`     Q     'L@yE          < 9HV      $MBOT_ENCODERSN 9o_     )     :          = 9H      DMBOT_IMU]?B# 9dz        <5h\A"N     Q     /r7#E          > 9      $MBOT_ENCODERSN 9d     )     :          ? 9      DMBOT_IMU]?B# :ͽ  z    =	yt8A#/     Q     3lE          @ 9      $MBOT_ENCODERSN :     )     :          A :      MBOT_MOTOR_COMMAND8m                      B :0      DMBOT_IMU]?B# :YԽz        <k
!A#     Q     -HE
          C :2      $MBOT_ENCODERSN :Y     )     :          D :,      DMBOT_IMU]?B# :   ; =wGA"'     Q     BưE          E :U      $MBOT_ENCODERSN :     )     :          F :(      DMBOT_IMU]?B# :O; z    <k
!A"     Q     ˤE          G :f      $MBOT_ENCODERSN :O     )     :          H ;      DMBOT_IMU]?B# ;Dھ; ;     =a?A#/     Q     m\mE          I ;      $MBOT_ENCODERSN ;D     )     :          J ;i=      DMBOT_IMU]?B# ;  z  ; =kHRA#&     Q     嚀E          K ;k&      $MBOT_ENCODERSN ;     )     :          L ;n      DMBOT_IMU]?B# ;޾; z      <]MA#     Q     墲rٿE          M ;f      $MBOT_ENCODERSN ;     )     :          N ;      MBOT_MOTOR_COMMAND8m                      O <?      DMBOT_IMU]?B# </_; z  z      t8A#`     Q     啱Ee          P <      $MBOT_ENCODERSN </_     )     :          Q <S      DMBOT_IMU]?B# <}?  =z    <yf$A"     Q     SEÄ          R <V      $MBOT_ENCODERSN <}?     )     :          S <l      DMBOT_IMU]?B# <˿z        <NYA"E5     Q     ѸIE          T <R      $MBOT_ENCODERSN <˿     )     :          U <:      DMBOT_IMU]?B# =  =z    <f$A"N     Q     4E          V <      $MBOT_ENCODERSN =     )     :          W =>a      DMBOT_IMU]?B# =gz  =z  z  <k񾀉A"     Q     ońE          X =@]      $MBOT_ENCODERSN =g     )     :          Y =      DMBOT_IMU]?B# =z  ;   <PA#     Q     jȸE̷          Z =      $MBOT_ENCODERSN =     )     :          [ =      MBOT_MOTOR_COMMAND8m                      \ =      DMBOT_IMU]?B# >N  ; z  <|-A#     Q     y<E,          ] =      $MBOT_ENCODERSN >N     )     :          ^ >)4      DMBOT_IMU]?B# >Ro        ; <kyA"     Q     lE          _ >+4      $MBOT_ENCODERSN >Ro     )     :          ` >ww      DMBOT_IMU]?B# >=z        =(PA#tI     Q     PeE          a >y      $MBOT_ENCODERSN >     )     :          b >      DMBOT_IMU]?B# >,    =z  ; <k
!A#j     Q     TE;          c >$      $MBOT_ENCODERSN >,     )     :          d ?x      DMBOT_IMU]?B# ?=@ @ ; <cA#     Q     E٬          e ?      $MBOT_ENCODERSN ?=     )     :          f ?b      DMBOT_IMU]?B# ?Hz      ; <Dcɾt8A#&     Q     呸E=          g ?d      $MBOT_ENCODERSN ?H     )     :          h ?      DMBOT_IMU]?B# ?2  z    <kU.A#&     Q     /xEB          i ?|      $MBOT_ENCODERSN ?2     )     :          j ?&      DMBOT_IMU]?B# @'  z  @ ;oA#     Q     1E          k @ |      $MBOT_ENCODERSN @'     )     :          l @      MBOT_MOTOR_COMMAND8m                      m @LC      DMBOT_IMU]?B# @u    =z  z  =3f$A#     Q     ڿ
E?          n @N
      $MBOT_ENCODERSN @u     )     :          o @      DMBOT_IMU]?B# @0z        ;f$A"i     Q     
2E'          p @@      $MBOT_ENCODERSN @0     )     :          q @      DMBOT_IMU]?B# A$    =z  z  WsA$     Q     )wwE          r @      $MBOT_ENCODERSN A$     )     :          s A6      DMBOT_IMU]?B# A`;  z  z  ;m|A"     Q     BmE          t A8      $MBOT_ENCODERSN A`;     )     :          u A      DMBOT_IMU]?B# A            <yyA#     Q     _E          v A5      $MBOT_ENCODERSN A     )     :          w A      MBOT_MOTOR_COMMAND8m                      x Aӊ      DMBOT_IMU]?B# Aܽ  z  z  <wGA"     Q     ظE[          y A      $MBOT_ENCODERSN A     )     :          z B!      DMBOT_IMU]?B# BK  ;     =05oA"N     Q     偣SE          { B#      $MBOT_ENCODERSN BK     )     :          | Bo      DMBOT_IMU]?B# B          cA";n     Q     ̸EL          } Bq      $MBOT_ENCODERSN B     )     :          ~ B      DMBOT_IMU]?B# BK  ; ; <y:,A"E5     Q     TE[           B      $MBOT_ENCODERSN BK     )     :           Cq      DMBOT_IMU]?B# C5  z      <cɾh\A#     Q     囕Ep           Ch      $MBOT_ENCODERSN C5     )     :           C[      DMBOT_IMU]?B# C  ; ; <]MA#     Q     噺>E           C]
      $MBOT_ENCODERSN C     )     :           Ce      MBOT_MOTOR_COMMAND8m                       C      DMBOT_IMU]?B# C          cA"     Q     呕	Fk           C      $MBOT_ENCODERSN C     )     :           C*      DMBOT_IMU]?B# D [z      @ =N5yA#     Q     ҐF           C      $MBOT_ENCODERSN D [     )     :           DD      DMBOT_IMU]?B# Dn:    =z  @ DcɾcA#K     Q     g¸ݿF
           DF      $MBOT_ENCODERSN Dn:     )     :           Dg      DMBOT_IMU]?B# D  @     <5>A#     Q     ɸ˙F           D]      $MBOT_ENCODERSN D     )     :           DJ      DMBOT_IMU]?B# E
; ;   <A#V     Q     wι1F           Dr      $MBOT_ENCODERSN E
     )     :           EZ      MBOT_MOTOR_COMMAND8m                       E/      DMBOT_IMU]?B# EX; ; =z  =Dcɾ|-A!7     Q     ~޹cF            E2
      $MBOT_ENCODERSN EX     )     :           E}      DMBOT_IMU]?B# E          <m|A#9     Q     cFv           E      $MBOT_ENCODERSN E     )     :           Eˤ      DMBOT_IMU]?B# E  z      <]^EA#9     Q     O?DF           É      $MBOT_ENCODERSN E     )     :           F      DMBOT_IMU]?B# FCz  z      A#     Q     b̸t8FP           F      $MBOT_ENCODERSN FC     )     :           Fh      DMBOT_IMU]?B# F#        ; <DcɾA#&     Q     E̸<F           Fk@      $MBOT_ENCODERSN F#     )     :           F>      DMBOT_IMU]?B# Fz  z  z      oA#j     Q     v(FM           F\      $MBOT_ENCODERSN F     )     :           Fa      MBOT_MOTOR_COMMAND8m                       G      DMBOT_IMU]?B# G.        @     U.A#     Q     x5yFj           G      $MBOT_ENCODERSN G.     )     :           GS      DMBOT_IMU]?B# G|H  ;   =:K6A"N     Q     h
F           GU+      $MBOT_ENCODERSN G|H     )     :           G      DMBOT_IMU]?B# Gcz  =z    <cɾoA#`     Q     jV ԿF 
           G      $MBOT_ENCODERSN Gc     )     :           G?      DMBOT_IMU]?B# H  z  @ <Dcɾk
!A"0     Q     m%_*F$>           G      $MBOT_ENCODERSN H     )     :           H=      DMBOT_IMU]?B# Hf  ; ; <cɾyA#`     Q     aX9uF(           H@>      $MBOT_ENCODERSN Hf     )     :           He      MBOT_MOTOR_COMMAND8m                       H      DMBOT_IMU]?B# H        ; <5t8A"     Q     1MF*           H      $MBOT_ENCODERSN H     )     :           H      DMBOT_IMU]?B# I5@ ; z  <koA"v     Q     caF/p           H۾      $MBOT_ENCODERSN I5     )     :           I(      DMBOT_IMU]?B# IQ    =z    =N5^EA"l     Q     F(cF0           I)      $MBOT_ENCODERSN IQ     )     :           Ivq      DMBOT_IMU]?B# I    =z  ; =05cA#9     Q     .kF4           IxY      $MBOT_ENCODERSN I     )     :           I      DMBOT_IMU]?B# Iz      ; <k\YA"i     Q     EmۿF7           I7      $MBOT_ENCODERSN I     )     :           J0      DMBOT_IMU]?B# J<bz  z  @ <DcɾyA"     Q     y͵F;           J4      $MBOT_ENCODERSN J<b     )     :           J#      MBOT_MOTOR_COMMAND8m                       J`      DMBOT_IMU]?B# JU  ; ; <cɾ|-A"     Q     %F=,           Jb      $MBOT_ENCODERSN JU     )     :           J      DMBOT_IMU]?B# JF; z  z  <cɾcA#Cg     Q     ]j:F?           J      $MBOT_ENCODERSN JF     )     :           JI      DMBOT_IMU]?B# K&          <N>A#&     Q     %1FA           J&      $MBOT_ENCODERSN K&     )     :           KL      DMBOT_IMU]?B# Kuz      =kA"i     Q     +^FC           KN      $MBOT_ENCODERSN Ku     )     :           KC      DMBOT_IMU]?B# KÂ    =    <yk
!A"N     Q     䛉K,dFG           K=      $MBOT_ENCODERSN KÂ     )     :           Kg      DMBOT_IMU]?B# L        ; <a?A"     Q     j05FJu           Kr      $MBOT_ENCODERSN L     )     :           L6      DMBOT_IMU]?B# L_Z  z  z  ;cA#     Q     ]l!FK           L8,      $MBOT_ENCODERSN L_Z     )     :           L*      DMBOT_IMU]?B# Ly; z      =yPA#9     Q     l+bFL4           L      $MBOT_ENCODERSN Ly     )     :           LD      MBOT_MOTOR_COMMAND8m                       Lӽ      DMBOT_IMU]?B# Lz  ;   <5PA#M.     Q     hoFO           L      $MBOT_ENCODERSN L     )     :           M       DMBOT_IMU]?B# MJ1          =(5A#F     Q     wwFP           M#      $MBOT_ENCODERSN MJ1     )     :           Mn      DMBOT_IMU]?B# MH  ; ; <DcɾwGA#Cg     Q     qȏ	FR           Mp      $MBOT_ENCODERSN MH     )     :           Mx      DMBOT_IMU]?B# M擽  z    =J׾h\A#Cg     Q     l^ވDFU           M      $MBOT_ENCODERSN M     )     :           N!      DMBOT_IMU]?B# N4  z    =	yh\A"     Q     |VFXt           N      $MBOT_ENCODERSN N4     )     :           NZ      DMBOT_IMU]?B# N            =Pf$A#`     Q     p6FY           N\%      $MBOT_ENCODERSN N     )     :           N^      MBOT_MOTOR_COMMAND8m                       Nu      DMBOT_IMU]?B# NѴz  ; z  =	yt8A#~     Q     Ai QF]           N      $MBOT_ENCODERSN NѴ     )     :           N      DMBOT_IMU]?B# O=  z  z  =a'U.A#9     Q     IDLF^           N      $MBOT_ENCODERSN O=     )     :           OC      DMBOT_IMU]?B# Omc          =05YA"     Q     #WvFaE           OE      $MBOT_ENCODERSN Omc     )     :           O      DMBOT_IMU]?B# O; ;   kWsA#V     Q     0O{Fcb           O      $MBOT_ENCODERSN O     )     :           O      DMBOT_IMU]?B# P	z  =  ; =yWsA#&     Q     !0 FFe&           O      $MBOT_ENCODERSN P	     )     :           P      MBOT_MOTOR_COMMAND8m                       P/^      DMBOT_IMU]?B# PX  z    =m|A#Cg     Q     "F`Fg           P1Y      $MBOT_ENCODERSN PX     )     :           P|      DMBOT_IMU]?B# P.z          <Dcɾ^EA"l     Q     -ӷFgJ           P~      $MBOT_ENCODERSN P.     )     :           Pt      DMBOT_IMU]?B# P  z    <kPA"v     Q     Qѵ߿Fjx           Pn      $MBOT_ENCODERSN P     )     :           Qr      DMBOT_IMU]?B# QB    =  ; =J׾t8A#     Q     󻸥ƕFlC           QR      $MBOT_ENCODERSN QB     )     :           Qg      DMBOT_IMU]?B# Q  z    =X]h\A"     Q      Fn           Qi      $MBOT_ENCODERSN Q     )     :           Q      DMBOT_IMU]?B# QZ  z      <m|A"     Q     XFq/           Q"      $MBOT_ENCODERSN QZ     )     :           R      DMBOT_IMU]?B# R-սz  =  z  <5cA#Cg     Q     Ѣ	Ft           R      $MBOT_ENCODERSN R-     )     :           RR	      DMBOT_IMU]?B# R{i        z  <<uA"     Q     丁EFw           RT
      $MBOT_ENCODERSN R{i     )     :           R      MBOT_MOTOR_COMMAND8m                       R      DMBOT_IMU]?B# Rɏ; z    <f$A#9     Q     㦀Fx           R7      $MBOT_ENCODERSN Rɏ     )     :           R9      DMBOT_IMU]?B# SPz  z  ; =N5oA#~     Q     㙏F{a           RU      $MBOT_ENCODERSN SP     )     :           S<      DMBOT_IMU]?B# Se  z    =05a?A"     Q     ~@4ZF}           S>      $MBOT_ENCODERSN Se     )     :           S      DMBOT_IMU]?B# SN    =z  ; <cɾwGA"     Q     " ݿF           S      $MBOT_ENCODERSN SN     )     :           SD      DMBOT_IMU]?B# T; z    =J׾t8A#     Q     wVR׿FU           Sۧ      $MBOT_ENCODERSN T     )     :           T&      DMBOT_IMU]?B# TPs  ; ; ;oA#     Q     tFx           T(      $MBOT_ENCODERSN TPs     )     :           Tc      MBOT_MOTOR_COMMAND8m                       Tu      DMBOT_IMU]?B# T; z    <5>;A#V     Q     F(F           Tw      $MBOT_ENCODERSN T     )     :           Té      DMBOT_IMU]?B# T  z      <Nh\A#b     Q     NF           T      $MBOT_ENCODERSN T     )     :            U      DMBOT_IMU]?B# U;%  z  z  ;|-A"     Q     øF           Uw      $MBOT_ENCODERSN U;%     )     :           U`8      DMBOT_IMU]?B# Um          =&koA"N     Q     )YFj           Ub      $MBOT_ENCODERSN Um     )     :           U      DMBOT_IMU]?B# UĽz  =z      <PA"     Q     =ݿF           U      $MBOT_ENCODERSN U     )     :           U      DMBOT_IMU]?B# V%          <|-A#+     Q     |}$FV           Uh      $MBOT_ENCODERSN V%     )     :           V6      MBOT_MOTOR_COMMAND8m                      	 VJ      DMBOT_IMU]?B# Vsz        <^EA#Cg     Q     qF          
 VL      $MBOT_ENCODERSN Vs     )     :           Vz      DMBOT_IMU]?B# V    =z      =a'~OA"2     Q     XIF           V[      $MBOT_ENCODERSN V     )     :           V       DMBOT_IMU]?B# WI  z  @ <5m|A#V     Q     QrFN           V      $MBOT_ENCODERSN WI     )     :           W4      DMBOT_IMU]?B# W^;        z  ym|A#V     Q     RʹBF           W6n      $MBOT_ENCODERSN W^;     )     :           W      DMBOT_IMU]?B# W        ; <~OA#/     Q     '˿F           W      $MBOT_ENCODERSN W     )     :           Wь      DMBOT_IMU]?B# Wɾ; z  @ =wGA"     Q     ?qF           Wӌ      $MBOT_ENCODERSN W     )     :           X      DMBOT_IMU]?B# XH  z  z  <5A"N     Q     9=?t4F           X!      $MBOT_ENCODERSN XH     )     :           XB	      MBOT_MOTOR_COMMAND8m                       Xm      DMBOT_IMU]?B# X$;     z  =&kyA"     Q     |N8MF           Xo      $MBOT_ENCODERSN X$     )     :           X      DMBOT_IMU]?B# XB            =&kYA#     Q     yr6ؿFs           X      $MBOT_ENCODERSN XB     )     :           Y
      DMBOT_IMU]?B# Y3        ; =X]cA"     Q     }G`F           Y      $MBOT_ENCODERSN Y3     )     :           YX      DMBOT_IMU]?B# Yͽ  z  ; =	yFPA"v     Q     X#>F           YZ      $MBOT_ENCODERSN Y     )     :            Yd      DMBOT_IMU]?B# Y            =a'0GA#     Q     ϔ-F          ! Y:      $MBOT_ENCODERSN Y     )     :          " Y      DMBOT_IMU]?B# ZYz  z      =	yTA";n     Q     w5iF9          # Y      $MBOT_ENCODERSN ZY     )     :          $ Ze      MBOT_MOTOR_COMMAND8m                      % ZB      DMBOT_IMU]?B# ZlDz  z    <yPA"i     Q     F+F          & ZE      $MBOT_ENCODERSN ZlD     )     :          ' Z      DMBOT_IMU]?B# Z; ;   <RiA"X     Q      Y_HF          ( Z      $MBOT_ENCODERSN Z     )     :          ) Z      DMBOT_IMU]?B# [	    =z  ; <]A#     Q     .VXͿF          * Z,      $MBOT_ENCODERSN [	     )     :          + [-      DMBOT_IMU]?B# [Vz  @   =a?A"     Q     F׹zпF?          , [/e      $MBOT_ENCODERSN [V     )     :          - [{      DMBOT_IMU]?B# [  z  z  =:wGA#Cg     Q     Hx7F          . [}      $MBOT_ENCODERSN [     )     :          / [ģ      MBOT_MOTOR_COMMAND8m                      0 [      DMBOT_IMU]?B# []        z  <~OA#V     Q     7Թuf\F          1 [K      $MBOT_ENCODERSN []     )     :          2 \      DMBOT_IMU]?B# \A  z    <5h\A#`     Q     '^F          3 \      $MBOT_ENCODERSN \A     )     :          4 \fy      DMBOT_IMU]?B# \; z  @ =J׾PA#&     Q     .QxzFɚ          5 \h      $MBOT_ENCODERSN \     )     :          6 \v      DMBOT_IMU]?B# \; z  ; =&kHRA"b     Q     8ʿF          7 \\      $MBOT_ENCODERSN \     )     :          8 ]      DMBOT_IMU]?B# ],*  z  z  <]HRA"0     Q     -F          9 ]l      $MBOT_ENCODERSN ],*     )     :          : ]P      DMBOT_IMU]?B# ]z?  z  z  =N5f$A#`     Q     .tQEF          ; ]R      $MBOT_ENCODERSN ]z?     )     :          < ]q%      MBOT_MOTOR_COMMAND8m                      = ]w      DMBOT_IMU]?B# ]Ȝ  ;   =J׾A"i     Q     7bÏFe          > ]      $MBOT_ENCODERSN ]Ȝ     )     :          ? ]o      DMBOT_IMU]?B# ^    =z    <5|-A"     Q     Io!AF}          @ ]~      $MBOT_ENCODERSN ^     )     :          A ^;      DMBOT_IMU]?B# ^e          ;|-A#M.     Q     عYFՒ          B ^=      $MBOT_ENCODERSN ^e     )     :          C ^{      DMBOT_IMU]?B# ^z  z      =	y~OA"     Q     SQvoF          D ^g      $MBOT_ENCODERSN ^     )     :          E ^      DMBOT_IMU]?B# _=            <]~OA"0     Q     ZlF          F ^٘      $MBOT_ENCODERSN _=     )     :          G _,      MBOT_MOTOR_COMMAND8m                      H _&W      DMBOT_IMU]?B# _Oz      ; =05k
!A#&     Q     I3Fz          I _)      $MBOT_ENCODERSN _O     )     :          J _t      DMBOT_IMU]?B# _  z  @ k
!A"b     Q     {|рF	          K _v      $MBOT_ENCODERSN _     )     :          L _      DMBOT_IMU]?B# _޽  z  z  <yA"     Q     'uF*          M _s      $MBOT_ENCODERSN _     )     :          N `R      DMBOT_IMU]?B# `:  z  ; =J׾cA"S     Q     9F          O `v      $MBOT_ENCODERSN `:     )     :          P `_
      DMBOT_IMU]?B# `^  z  z  =a'wGA"i     Q     S̱F          Q ``      $MBOT_ENCODERSN `^     )     :          R `      DMBOT_IMU]?B# `            <yxA#     Q     EڿF          S `      $MBOT_ENCODERSN `     )     :          T `N      MBOT_MOTOR_COMMAND8m                      U `      DMBOT_IMU]?B# a$; ;         A"     Q     ̹LyF          V `      $MBOT_ENCODERSN a$     )     :          W aIe      DMBOT_IMU]?B# arz  z      =3oA$}     Q     !FP          X aKh      $MBOT_ENCODERSN ar     )     :          Y a      DMBOT_IMU]?B# a
; z  ; =N5A#     Q     uF          Z a      $MBOT_ENCODERSN a
     )     :          [ a      DMBOT_IMU]?B# bFz  =z  z  =&k:,A#     Q     OtF          \ a      $MBOT_ENCODERSN bF     )     :          ] b4      DMBOT_IMU]?B# b^ z  ;     <5A#~     Q     Ṅ㑿F          ^ b7$      $MBOT_ENCODERSN b^      )     :          _ b[7      MBOT_MOTOR_COMMAND8m                      ` b_      DMBOT_IMU]?B# b; z    ;YA"     Q     F          a bZ      $MBOT_ENCODERSN b     )     :          b bЅ      DMBOT_IMU]?B# b޽z      <]h\A"b     Q     ¹)JF          c ba      $MBOT_ENCODERSN b     )     :          d c      DMBOT_IMU]?B# cH        ; <a?A#+     Q     ibF0          e c       $MBOT_ENCODERSN cH     )     :          f cl      DMBOT_IMU]?B# c7z      ; =J׾yA#d     Q     	EF          g cn      $MBOT_ENCODERSN c7     )     :          h c}      DMBOT_IMU]?B# c䥽  z  ; =Dcɾt8A#`     Q     oyG)          i cy      $MBOT_ENCODERSN c     )     :          j d	|      DMBOT_IMU]?B# d2    =z    <PA#`     Q     5FG          k d      $MBOT_ENCODERSN d2     )     :          l dB      MBOT_MOTOR_COMMAND8m                    m dW      DMBOT_IMU]?B# dͽz      <5f$A#V     Q     䠽G          n dY      $MBOT_ENCODERSN d     )     :          o d      DMBOT_IMU]?B# dz    z  =05PA"
     Q     >'G          p d      $MBOT_ENCODERSN d     )     :          q d      DMBOT_IMU]?B# e$@ z      =bA#&     Q     䛃]G
          r d?      $MBOT_ENCODERSN e$     )     :      s eB      DMBOT_IMU]?B# ekAg z  \ ĲWADAv]     Q     *(\ȿG          t eD      $MBOT_ENCODERSN ek     )     :      u e      DMBOT_IMU]?B# eA  A# @t H@_{@jT     Q     /g:\tGR#          v e!      $MBOT_ENCODERSN e     )     :      w e|      DMBOT_IMU]?B# fB" / A 3@֘AmM     Q     :;пF}          x e}      $MBOT_ENCODERSN f     )     :      y f,      DMBOT_IMU]?B# fUBU Au @fx ?.K@|{AAo     Q     <;늿F*          z f.v      $MBOT_ENCODERSN fU     )     :b      { fl      MBOT_MOTOR_COMMAND8m                    | fz      DMBOT_IMU]?B# f-B Z K  @'A	     Q     =K+;E	          } f|      $MBOT_ENCODERSN f-     )Y     :.      ~ f      DMBOT_IMU]?B# fB @l ?z  R@w@I     Q     =7<+Ex           f       $MBOT_ENCODERSN f     )     9       g      DMBOT_IMU]?B# g@C+ r0 '@@}     Q     >	<-BE<           g      $MBOT_ENCODERSN g@     (     9       gef      DMBOT_IMU]?B# gC@^ p $y@ADX     Q     >@<$jF,/           ggg      $MBOT_ENCODERSN g     (n     9B       g      DMBOT_IMU]?B# gCM@@   y@LcAaZ     Q     >y~< FO           g      $MBOT_ENCODERSN g     (     8       h      DMBOT_IMU]?B# h+)C @r0 ? ?@F@-     Q     ><9)F           h      $MBOT_ENCODERSN h+)     '     8|       h.      MBOT_MOTOR_COMMAND8m                       hP      DMBOT_IMU]?B# hzC$}`@  @vG@`A U     Q     ><Hr?E           hS      $MBOT_ENCODERSN hz     'B     8       h~      DMBOT_IMU]?B# hC @\ ?K  m@8cAG`     Q     >Һ5<XnE           h      $MBOT_ENCODERSN h     &     7       h      DMBOT_IMU]?B# iPC @+ ?p ,@uB@"     Q     ><`AEF           hA      $MBOT_ENCODERSN iP     &|     7I       i:      DMBOT_IMU]?B# idB @ @ Ԋ?g@T
     Q     ?<	ND           i<      $MBOT_ENCODERSN id     &*     6       i      DMBOT_IMU]?B# i!d @ A) @34P@W     Q     ?<}꧿C           i      $MBOT_ENCODERSN i!     %     6       i      DMBOT_IMU]?B# jq6 	 @ 4nPA     Q     ?31<kC           iڜ      $MBOT_ENCODERSN j     %     6       i      MBOT_MOTOR_COMMAND8m                       j%      DMBOT_IMU]?B# jN@K  P Ɖ?ۼ@     Q     >[<]ǿD!           j'      $MBOT_ENCODERSN jN     %     6a       jsQ      DMBOT_IMU]?B# j ? @T |@$	A-     Q     >r<TC           ju5      $MBOT_ENCODERSN j     %v     6E       j      DMBOT_IMU]?B# j:v`? AR  M?VBA     Q     ><MB\           jé      $MBOT_ENCODERSN j     %^     6-       k      DMBOT_IMU]?B# k9#X@X A  ?@A     Q     ><CAQ           k      $MBOT_ENCODERSN k9#     %F     6       k^      DMBOT_IMU]?B# kDYCP @t 9͛|A     Q     >[P<ѰA           kaU      $MBOT_ENCODERSN k     %4     6	       k      MBOT_MOTOR_COMMAND8m                       kJ      DMBOT_IMU]?B# k՞c Aj A!" ?+?3Ac     Q     >b<<ǿA           k_      $MBOT_ENCODERSN k՞     %      5       k      DMBOT_IMU]?B# l#ng@H  ?9A(     Q     =e<K@           k      $MBOT_ENCODERSN l#     %     5       lI*      DMBOT_IMU]?B# lr)Æ} @l |.@y     Q     <_@           lL      $MBOT_ENCODERSN lr)     $     5       l      DMBOT_IMU]?B# lB@A= A |(M     Q     <U?p           l      $MBOT_ENCODERSN l     $     5       l      DMBOT_IMU]?B# mBM AG @/ @Y#tI     Q     <[ֿ?`           l+      $MBOT_ENCODERSN m     $     5       m,      MBOT_MOTOR_COMMAND8m                       m4      DMBOT_IMU]?B# m^qs*  p @:0Asl     Q     >ù<5?F           m7      $MBOT_ENCODERSN m^q     $     5{       m      DMBOT_IMU]?B# mo A* " @$AA1@[     Q     ;a;AeQ           m      $MBOT_ENCODERSN m     $     5_       m      DMBOT_IMU]?B# m*@3 A4 K  n@vO>T     Q     Wa<BW           m      $MBOT_ENCODERSN m*     $u     5C       nb      DMBOT_IMU]?B# nFBZA ` A
1-{A:     Q     5<bÿC|           n3      $MBOT_ENCODERSN nF     $^     5,       nl[      DMBOT_IMU]?B# n  AZ N8A5z     Q     7#<XBg           no       $MBOT_ENCODERSN n     $F     5       n      DMBOT_IMU]?B# n{A{ Ae A[ u?JA7b     Q     :ӡ<@@a           n      $MBOT_ENCODERSN n{     $0     4       o      DMBOT_IMU]?B# o1x   Aߢ =J׾6AL     Q     9 <.)ڿ>n!           o	      $MBOT_ENCODERSN o1x     $     4       oV      DMBOT_IMU]?B# oK@T @G8 Ae~ ?caA\     Q     ;<ؿ<           oY'      $MBOT_ENCODERSN oK     $     4       o      MBOT_MOTOR_COMMAND8m                       ov      DMBOT_IMU]?B# oG8 G8 j` e>A     Q     ;M<<           o6      $MBOT_ENCODERSN o     #     4       oa      DMBOT_IMU]?B# p@^ ?@ ? >)ڃkA)     Q     9<˿<           o      $MBOT_ENCODERSN p     #     4       pA5      DMBOT_IMU]?B# pj~  + ? ?z.A     Q     <g<l<           pC      $MBOT_ENCODERSN pj~     #     4       p;      DMBOT_IMU]?B# p  @Z aMA%!     Q     ;m<迿<A^           p      $MBOT_ENCODERSN p     #     4       p      DMBOT_IMU]?B# q(@D  @ >y-8"A+     Q     72}<-<           p[      $MBOT_ENCODERSN q(     #     4       q+      DMBOT_IMU]?B# qTCP  @ >UA     Q     8;;           q-      $MBOT_ENCODERSN qT     #     4       qG?      MBOT_MOTOR_COMMAND8m            @       qzj      DMBOT_IMU]?B# qz  ? @ ?E 濔nA"     Q     8y<XԿ;           q}4      $MBOT_ENCODERSN q     #     4       q       DMBOT_IMU]?B# qh@K  G8 ACP v?\A&     Q     7^S<7:`           qʈ      $MBOT_ENCODERSN qh     #     4       r+      DMBOT_IMU]?B# r?b  BICx?:A     Q     5WH<ڿ7           rh      $MBOT_ENCODERSN r?     #     4        rd      DMBOT_IMU]?B# rz   B@?,tm?qAA     Q     8W<{1 )           rg      $MBOT_ENCODERSN r     #v     4 
       r      DMBOT_IMU]?B# r@L X B@aĿCA@=     Q     6m;w1)9           r<      $MBOT_ENCODERSN r     #O     4 	       s      DMBOT_IMU]?B# s*>; AX A ?(A     Q     4!;&%n           sg      $MBOT_ENCODERSN s*     #     4 	       sO.      DMBOT_IMU]?B# sxx@CP X B^ %y>A
     Q     /;"           sQ      $MBOT_ENCODERSN sxx     "     4        s9      DMBOT_IMU]?B# sƘA > B@52lA%zs     Q     !e<HϿ           s^      $MBOT_ENCODERSN sƘ     "     4        so      DMBOT_IMU]?B# tAhl @ B;@AL     Q     <!7:           s      $MBOT_ENCODERSN t     "     4        t"      MBOT_MOTOR_COMMAND8m            @       t9      DMBOT_IMU]?B# tc8AH2 ? B@<qAa     Q     F<C)2           t<f      $MBOT_ENCODERSN tc8     "m     4        t      DMBOT_IMU]?B# tAlT @b C$NloUIAY`     Q     <nY6            t      $MBOT_ENCODERSN t     "E     5        t:      DMBOT_IMU]?B# t@t =  CS $#A@p     Q     <j>           tر      $MBOT_ENCODERSN t     "     5@ $       u$      DMBOT_IMU]?B# uM~3 @} CxID%A0     Q     <᩾y           u&      $MBOT_ENCODERSN uM~     !     5g '       ur      DMBOT_IMU]?B# uR  CǠD_>}A     Q     )<VX:y           uu      $MBOT_ENCODERSN u     !     5 )       u      DMBOT_IMU]?B# u*=z  ?j` CvnAg     Q     <&j           u      $MBOT_ENCODERSN u*     !     5 '       v      DMBOT_IMU]?B# v8 ?+ CPA
ȉ     Q     <JxxV           v      $MBOT_ENCODERSN v8     !J     5 )       v+A      MBOT_MOTOR_COMMAND8m                       v]Y      DMBOT_IMU]?B# v  Ccl@     Q     H=*=5           v_      $MBOT_ENCODERSN v     !     6
 *       v;      DMBOT_IMU]?B# vԝ ?Z C?ĲWYA/     Q     =	v>ۡ           v      $MBOT_ENCODERSN vԝ           6/ %       v      DMBOT_IMU]?B# w"@@  Ck:@8kAhD     Q     ;=>r*           vl      $MBOT_ENCODERSN w"           6M        wH      DMBOT_IMU]?B# wq0 v C;A@zWuAP     Q     |o$=(>           wJ9      $MBOT_ENCODERSN wq0      |     6b        w      DMBOT_IMU]?B# w߿K  ?h C@RA%     Q     n=v>#           we      $MBOT_ENCODERSN w      _     6q        w      MBOT_MOTOR_COMMAND8m                       wj      DMBOT_IMU]?B# xtr0 >; B@@?+|-A#V     Q     rU<E>j           w      $MBOT_ENCODERSN xt      I     6z 	       x2      DMBOT_IMU]?B# x[   BOÀ@qA$     Q     <#>B           x4      $MBOT_ENCODERSN x[      9     6~        x      DMBOT_IMU]?B# x\ ? A @A+     Q     <(>ݧU           x      $MBOT_ENCODERSN x      +     6        x      DMBOT_IMU]?B# x@ z  AP sA     Q     !M<z>           x      $MBOT_ENCODERSN x      %     6        y_      DMBOT_IMU]?B# yFu;  AA\ >$y8<A     Q     </>            y      $MBOT_ENCODERSN yFu      !     6        yl      DMBOT_IMU]?B# yٿ @ AZ >?z>8A      Q     <>}+           ynP      $MBOT_ENCODERSN y           6        y~$      MBOT_MOTOR_COMMAND8m                       y      DMBOT_IMU]?B# y⪿;  Ae~ \S&=|A&=     Q     M<$>H           y      $MBOT_ENCODERSN y           6        z      DMBOT_IMU]?B# z0˾; @ A >IL?A     Q     g<P>-6           z	      $MBOT_ENCODERSN z0           6        zU      DMBOT_IMU]?B# z~?p @ A ]>$	A$     Q     }.<t&>          	 zW      $MBOT_ENCODERSN z~           6       
 z      DMBOT_IMU]?B# zͦz   A >.>оA$|A     Q     U<>           z      $MBOT_ENCODERSN zͦ           6        zy      DMBOT_IMU]?B# {R?z    A >a)A f&     Q     vm<P>C?           z      $MBOT_ENCODERSN {R      	     6        {      MBOT_MOTOR_COMMAND8m            @       {@z      DMBOT_IMU]?B# {i; z  A xA"
     Q     x<n->u           {B      $MBOT_ENCODERSN {i           6        {Q      DMBOT_IMU]?B# { ' B x<OA-     Q     }p<^z?            {G      $MBOT_ENCODERSN {          6        {ܺ      DMBOT_IMU]?B# |@ @Z B ?Ak     Q     _ʒ<)?f           {      $MBOT_ENCODERSN |          6        |+      DMBOT_IMU]?B# |T@ @ B@jD	>A9     Q     3/<,??:           |-      $MBOT_ENCODERSN |T          6        |yu      DMBOT_IMU]?B# ||?Z + C(:A$$D     Q     D-=~?˯           |{      $MBOT_ENCODERSN ||          6 "       |o      MBOT_MOTOR_COMMAND8m            @       |3      DMBOT_IMU]?B# |y ? CL?TA2(Q     Q     =
D?/            |?      $MBOT_ENCODERSN |y          7 )       }_      DMBOT_IMU]?B# }>( n Cm ˿YAN0j     Q     撞<?C"           }i      $MBOT_ENCODERSN }>     S     7; .       }c|      DMBOT_IMU]?B# }\ ; C~@X]_@     Q     }<?Yi           }e      $MBOT_ENCODERSN }     '     7n 3        }      DMBOT_IMU]?B# } A/ aԀC)|A]     Q     27?p(          ! }7      $MBOT_ENCODERSN }           7 7      " ~ 9      DMBOT_IMU]?B# ~)K@ AM CPA~?uA@6$     Q     y?          # ~      $MBOT_ENCODERSN ~)K          7 0      $ ~NP      DMBOT_IMU]?B# ~wB= C0V)?|-@n     Q     ;@g8>?x          % ~Pc      $MBOT_ENCODERSN ~w          8
 5      & ~      DMBOT_IMU]?B# ~￻ A" C\@ֿD@NP     Q     ;[;k?Z          ' ~      $MBOT_ENCODERSN ~     J     8@ 6      ( ~      DMBOT_IMU]?B# 	8 !" C&0p	>Ar
     Q     ;(M9ݣ?          ) ~      $MBOT_ENCODERSN 	          8y 9      *       MBOT_MOTOR_COMMAND8m                      + 8      DMBOT_IMU]?B# bA, @ C,>a?JAWD     Q     ;h?vz          , :      $MBOT_ENCODERSN b          8 7      - k      DMBOT_IMU]?B# AX @l C@zpAW3     Q     ;^>?          .       $MBOT_ENCODERSN           8 2      / (      DMBOT_IMU]?B# {@ / C}@w:A#     Q     <JE?36          0 E      $MBOT_ENCODERSN {     t     9 )      1 ր#\      DMBOT_IMU]?B# րL@ި ? CN@՝A,<     Q     <*?@          2 ր%i      $MBOT_ENCODERSN րL     P     9*       3 րq      DMBOT_IMU]?B# ր@@ ?+ C"@@RA     Q     <G/k?H          4 րs      $MBOT_ENCODERSN ր     4     9D       5 րz      MBOT_MOTOR_COMMAND8m                      6 ր      DMBOT_IMU]?B# ր;  0 B @34^EAF     Q     <:_Q?f          7 ր      $MBOT_ENCODERSN ր;          9X       8 ցM      DMBOT_IMU]?B# ց7  ?+ BG@@AW8<A     Q     <)+:?          9 ց      $MBOT_ENCODERSN ց7          9h       : ց\:      DMBOT_IMU]?B# ց@^ @ Bp ?vGaA)8     Q     <+1"]?          ; ց^      $MBOT_ENCODERSN ց          9r 
      < ցS      DMBOT_IMU]?B# ցӨ@G8 >  B5?c}3A%     Q     <=+/?          = ց]      $MBOT_ENCODERSN ցӨ          9{ 	      > ցD      DMBOT_IMU]?B# ւ!?; ? B ?*>A$.     Q     <7#?          ? ց*      $MBOT_ENCODERSN ւ!          9       @ ւF      DMBOT_IMU]?B# ւo z  B)0>Dc>oA+     Q     <."(?          A ւH      $MBOT_ENCODERSN ւo          9       B ւ>      DMBOT_IMU]?B# ւ] ?Z B$ =?O~A$     Q     <$/"A0?U          C ւO      $MBOT_ENCODERSN ւ]          9 	      D ւ      DMBOT_IMU]?B# փ_?p > B**?n;
!A#&     Q     </#??          E ւ      $MBOT_ENCODERSN փ_          9 	      F փ1h      DMBOT_IMU]?B# փZ?@ ?+ B< 	yҎiA     Q     <8Z(J8@           G փ3      $MBOT_ENCODERSN փZ          9 	      H փ      DMBOT_IMU]?B# փz  z  B=t ?#?@A8     Q     <<9+%@2          I փ      $MBOT_ENCODERSN փ          9       J փ      MBOT_MOTOR_COMMAND8m                      K փ      DMBOT_IMU]?B# փ?; ?@ B:	 >_d
TA$$D     Q     <?{2@>          L փ      $MBOT_ENCODERSN փ          9 	      M ք      DMBOT_IMU]?B# քET? Z B<?AR:~OA-S     Q     <C1$/@J          N քT      $MBOT_ENCODERSN քET          9 	      O քi      DMBOT_IMU]?B# քe@G8 ?+ B.3|-A     Q     <I":@P          P քk      $MBOT_ENCODERSN քe          9 	      Q քJ      DMBOT_IMU]?B# ք? ?j` B.?\flA_<     Q     <R9@S1          R ք      $MBOT_ENCODERSN ք          9 	      S օ-      DMBOT_IMU]?B# օ/@ (  B4 ?:=|A"
     Q     <RA?@R          T օ      $MBOT_ENCODERSN օ/          9 
      U օT      DMBOT_IMU]?B# օ~@p ?Z B&? .0A(W     Q     <UAn@L<          V օV      $MBOT_ENCODERSN օ~          9 	      W օ
      DMBOT_IMU]?B# օ1> =z  B,?u|>>;A!P     Q     <T-|D@?'          X օ3      $MBOT_ENCODERSN օ1          9 	      Y օx      MBOT_MOTOR_COMMAND8m            @      Z օ      DMBOT_IMU]?B# ֆP@ j` B?Dc?MA)8     Q     <L+K_I@	%          [ օ"      $MBOT_ENCODERSN ֆP          9       \ ֆ?#      DMBOT_IMU]?B# ֆhK  =z  B]o?JfA'd     Q     <JLO3T@
!d          ] ֆA8      $MBOT_ENCODERSN ֆh          :       ^ ֆ-      DMBOT_IMU]?B# ֆ     BN.Q>-A0     Q     <GJ@          _ ֆ!      $MBOT_ENCODERSN ֆ          :       ` ֆ}      DMBOT_IMU]?B# և@Z ? C=rPTA     Q     <UH?@V          a ֆg      $MBOT_ENCODERSN և     t     :> "      b և*      DMBOT_IMU]?B# ևSI@ 7 C)@c}?dAC{     Q     <k;T @2          c և,F      $MBOT_ENCODERSN ևSI     T     :j ,      d ևw      DMBOT_IMU]?B# ևG? CP CRu?g@2Y     Q     <imJ@k          e ևy      $MBOT_ENCODERSN ևG     .     : 0      f և      DMBOT_IMU]?B# և?  Ct?Sn@\     Q     <geyk@8          g և?      $MBOT_ENCODERSN և          : 4      h ևΌ      MBOT_MOTOR_COMMAND8m            @      i ֈB      DMBOT_IMU]?B# ֈ= A/ Cf`fxmA>     Q     ;*Im@!          j ֈ3      $MBOT_ENCODERSN ֈ=          ; 8      k ֈb      DMBOT_IMU]?B# ֈ ߢ C'pAMAx	@T     Q     Cywբ@(          l ֈd      $MBOT_ENCODERSN ֈ          ;B <      m ֈK      DMBOT_IMU]?B# ֈXa P C1IqAh[     Q     Ë@/          n ֈu      $MBOT_ENCODERSN ֈX     d     ; =      o ֈ      DMBOT_IMU]?B# ։(UAA @ C2Yꔜ@E     Q     K,@7q          p ։      $MBOT_ENCODERSN ։(U     &     ; :      q ։M      DMBOT_IMU]?B# ։wAd j` C?mP߁A     Q     2v%@?MY          r ։O      $MBOT_ENCODERSN ։w          ; :      s ։-      DMBOT_IMU]?B# ։ğA- x CP?jD`A     Q     @ O0L@G)R          t ։e      $MBOT_ENCODERSN ։ğ          <. ;      u ։      MBOT_MOTOR_COMMAND8m                      v ։      DMBOT_IMU]?B# ֊AM [ C!?%>yNP     Q     XoB          w ։      $MBOT_ENCODERSN ֊     l     <h :      x ֊8      DMBOT_IMU]?B# ֊a4A3 Y Ci{@(     Q     f y;W          y ֊:n      $MBOT_ENCODERSN ֊a4     1     < 5      z ֊      DMBOT_IMU]?B# ֊JA/  CPZ{PBAZ     Q     _3}          { ֊      $MBOT_ENCODERSN ֊J          < .      | ֊      DMBOT_IMU]?B# ֊g  C@34s@     Q     ?,          } ֊      $MBOT_ENCODERSN ֊g          < '      ~ ֋"!      DMBOT_IMU]?B# ֋KA@  CK@5ӿ@     Q     ƽ$'           ֋$Z      $MBOT_ENCODERSN ֋K          =        ֋p      DMBOT_IMU]?B# ֋@ @  C ,@L>K6A     Q     8##8           ֋rc      $MBOT_ENCODERSN ֋          =*        ֋h      MBOT_MOTOR_COMMAND8m        ?             ֋      DMBOT_IMU]?B# ֋'@7 @+ Bh @RRA     Q     h&"#           ֋!      $MBOT_ENCODERSN ֋'          =>        ֌	      DMBOT_IMU]?B# ֌6F A( BE@:CqXA#     Q     z!C           ֌      $MBOT_ENCODERSN ֌6          =J        ֌[      DMBOT_IMU]?B# ֌qG8 @ި     >N="'A     Q     gz            ֌]      $MBOT_ENCODERSN ֌q          =V         ֌;      DMBOT_IMU]?B# ֌  @ @ ?@     Q     TV            ֌J      $MBOT_ENCODERSN ֌          =f         ֌      DMBOT_IMU]?B# ֍!3 A if >WlA'K     Q     (ӽ L{!           ֌      $MBOT_ENCODERSN ֍!          =         ֍F9      DMBOT_IMU]?B# ֍oa @x  ?ǘH~@2Y     Q     	wm!7           ֍HQ      $MBOT_ENCODERSN ֍oa          = ) *       ֍      DMBOT_IMU]?B# ֍MT @P , m@X?x     Q     Ⴜyv"           ֍      $MBOT_ENCODERSN ֍M     4     = 9 :       ֍P      DMBOT_IMU]?B# ֎` @8  .K@$@?     Q     Uō"           ֍8      $MBOT_ENCODERSN ֎     |     >/ H K       ֎0y      DMBOT_IMU]?B# ֎Yѿ  @  @ٝ@3U     Q     K#I           ֎2      $MBOT_ENCODERSN ֎Y          > R X       ֎~      DMBOT_IMU]?B# ֎(=z  ?+ rA3     Q     #K#_           ֎      $MBOT_ENCODERSN ֎(     (     > Z `       ֎      MBOT_MOTOR_COMMAND8m        ?             ֎      DMBOT_IMU]?B# ֎8r0 @@ 
ꀿؤz"wA[     Q     )$           ֎       $MBOT_ENCODERSN ֎8          ?J \ c       ֏	      DMBOT_IMU]?B# ֏DK  j`  9	8>]A@"     Q     0>%           ֏      $MBOT_ENCODERSN ֏D          ? ^ d       ֏h      DMBOT_IMU]?B# ֏u ( @ + GuX7Ap     Q     5R:&%           ֏j      $MBOT_ENCODERSN ֏u     @     @ ^ c       ֏      DMBOT_IMU]?B# ֏5 ? ݮ ?nA     Q     9Q-&Ƞ           ֏      $MBOT_ENCODERSN ֏5          @u ^ d       ֐U      DMBOT_IMU]?B# ֐.G8 0 zCAR     Q     @¼O'y           ֐      $MBOT_ENCODERSN ֐.          @ \ c       ֐Tc      DMBOT_IMU]?B# ֐}X =  ȇ%@     Q     G쒼(7           ֐V      $MBOT_ENCODERSN ֐}     X     A> ^ f       ֐!      DMBOT_IMU]?B# ֐A* A: ܴ wTAGA     Q     836(C           ֐?      $MBOT_ENCODERSN ֐          A \ d       ֐]      DMBOT_IMU]?B# ֑B ! @mD;c@y     Q     iz)r           ֐]      $MBOT_ENCODERSN ֑          B T `       ֑!      MBOT_MOTOR_COMMAND8m                       ֑>      DMBOT_IMU]?B# ֑g  U@9     Q     XOD*y           ֑@      $MBOT_ENCODERSN ֑g     _     Ba W _       ֑      DMBOT_IMU]?B# ֑?+ Ad , ?ኙ?A2
     Q     	R*           ֑      $MBOT_ENCODERSN ֑          B \ [       ֑-      DMBOT_IMU]?B# ֒iA  Y @;`,@     Q     [+           ֑X      $MBOT_ENCODERSN ֒i     
     C O V       ֒(      DMBOT_IMU]?B# ֒RXAp ?  @W%AL["     Q     缔7+=           ֒*      $MBOT_ENCODERSN ֒RX     P     CY F G       ֒w      DMBOT_IMU]?B# ֒A?h     + ;oA~_     Q     6it+J           ֒z:      $MBOT_ENCODERSN ֒          C A @       ֒J      MBOT_MOTOR_COMMAND8m                       ֒      DMBOT_IMU]?B# ֒A @; @+ ?g~A.JXAYC     Q     Ἃ`+;           ֒      $MBOT_ENCODERSN ֒          C 8 8       ֓(      DMBOT_IMU]?B# ֓=qBP@$ 8 S@ADU     Q     <^/6+S           ֓G      $MBOT_ENCODERSN ֓=q          D 4 4       ֓b/      DMBOT_IMU]?B# ֓bB @4 | ?3@x	Aɘ     Q     <H"+lO           ֓d      $MBOT_ENCODERSN ֓b      )     D1 , ,       ֓'      DMBOT_IMU]?B# ֓tA ; ? ?YA@ A7<     Q     =%}ҳ+l]           ֓D      $MBOT_ENCODERSN ֓t      O     DV & %       ֓      DMBOT_IMU]?B# ֔'A j`  !hi@#A     Q     =MwW6+t           ֔       $MBOT_ENCODERSN ֔'      q     Dy " #       ֔L	      DMBOT_IMU]?B# ֔uz   ; n@cA ]     Q     =W|Dh+ym           ֔M      $MBOT_ENCODERSN ֔u           D          ֔      DMBOT_IMU]?B# ֔2 ? @ >*|>A     Q     =I(u}+l           ֔      $MBOT_ENCODERSN ֔2           D         ֔      DMBOT_IMU]?B# ֕;8  G8 X]?\AYa     Q     =rۼ{Z+r           ֔w      $MBOT_ENCODERSN ֕;           D         ֕      MBOT_MOTOR_COMMAND8m                   ֕7x      DMBOT_IMU]?B# ֕`  @V ?rbr@     Q     <^)T+u?           ֕9      $MBOT_ENCODERSN ֕`           D         ֕u      DMBOT_IMU]?B# ֕29  G8 B@sIA     Q      ,+n           ֕      $MBOT_ENCODERSN ֕     !     E         ֕      DMBOT_IMU]?B# ֕A @ A  ?$8@o9C     Q     t+[           ֕      $MBOT_ENCODERSN ֕     !#     E         ֖!      DMBOT_IMU]?B# ֖K x  ?4n?A0     Q     Gد6+           ֖#f      $MBOT_ENCODERSN ֖K     !;     E        ֖o      DMBOT_IMU]?B# ֖Ap ?@ [{@@@A4$     Q     $bID,+           ֖rG      $MBOT_ENCODERSN ֖     ![     E         ֖      DMBOT_IMU]?B# ֖%?K  ?+ {?OJAQ     Q     *Z.փ           ֖      $MBOT_ENCODERSN ֖%     !     E &       ֖      MBOT_MOTOR_COMMAND8m                   ֗      DMBOT_IMU]?B# ֗5b@ ? i@c}Af     Q     
=1           ֗      $MBOT_ENCODERSN ֗5b     !     E .       ֗Z&      DMBOT_IMU]?B# ֗ @d "j ?ȿحWA]mQ     Q     Ӆ*q5           ֗\/      $MBOT_ENCODERSN ֗     !     D 2       ֗P      DMBOT_IMU]?B# ֗+ ? 9=@EvQA-U     Q     ;Nk9H           ֗q      $MBOT_ENCODERSN ֗     "     D 6       ֗-      DMBOT_IMU]?B# ֘ h` @d UK$3A/^     Q     nq=           ֗e      $MBOT_ENCODERSN ֘ h     "O     D 8       ֘D      DMBOT_IMU]?B# ֘n'0 @ `ȇJ@*     Q     ༖Bp           ֘F      $MBOT_ENCODERSN ֘n'     "     D 9       ֘z      MBOT_MOTOR_COMMAND8m                       ֘      DMBOT_IMU]?B# ֘S@ @ k2H@MAJ     Q     T缈G           ֘0      $MBOT_ENCODERSN ֘S     "     D ;       ֘
      DMBOT_IMU]?B# ֙
@ @t |lH&@ٛ     Q     z׼@D           ֘:      $MBOT_ENCODERSN ֙
     "     D :       ֙/@      DMBOT_IMU]?B# ֙X @ xZ a1AI     Q     u3@?Q`           ֙1      $MBOT_ENCODERSN ֙X     #7     Dm :       ֙~      DMBOT_IMU]?B# ֙E@ @H Q*>(A(M     Q     P8@:F           ֙)      $MBOT_ENCODERSN ֙E     #i     D[ 2       ֙      DMBOT_IMU]?B# ֙1@b @ %!ۿiоA     Q     ^S	T{@62           ֙      $MBOT_ENCODERSN ֙1     #     DR +       ֚      DMBOT_IMU]?B# ֚C  @  	lCA0?{     Q     :<@3"           ֚      $MBOT_ENCODERSN ֚C     #     DO #       ֚hO      DMBOT_IMU]?B# ֚    | d?)A'Y     Q     9qͻS@1           ֚j\      $MBOT_ENCODERSN ֚     #     DP         ֚.      MBOT_MOTOR_COMMAND8m                       ֚m      DMBOT_IMU]?B# ߽֚z   ^i%2SA4     Q     :\E@/           ֚a      $MBOT_ENCODERSN ߽֚     #     DQ         ֛      DMBOT_IMU]?B# ֛.?Z  	s>|-A"     Q     :l2ο@.?           ֛4      $MBOT_ENCODERSN ֛.     #     DT         ֛R      DMBOT_IMU]?B# ֛|(T  ( ƻ >$y?
A"N     Q     ǯH@.-           ֛U      $MBOT_ENCODERSN ֛|(     $     DX         ֛      DMBOT_IMU]?B# ֛N> >  ?%A&N     Q     [@-           ֛      $MBOT_ENCODERSN ֛N     $     D[         ֛      DMBOT_IMU]?B# ֜u@   	 L
!A:     Q     I5}@-           ֛      $MBOT_ENCODERSN ֜u     $      D^         ֜=      DMBOT_IMU]?B# ֜f; >z  V ?0#PA";n     Q     ޗT@,V           ֜>      $MBOT_ENCODERSN ֜f     $+     D`         ֜D      MBOT_MOTOR_COMMAND8m        ?             ֜      DMBOT_IMU]?B# ֜
@ z  P >dM>FPA$     Q     Ê@,           ֜P      $MBOT_ENCODERSN ֜
     $6     Db         ֜      DMBOT_IMU]?B# ֝Y?+     h =>A%U     Q     DF@+x@           ֜      $MBOT_ENCODERSN ֝Y     $@     Dk 
 	       ֝'      DMBOT_IMU]?B# ֝Q. @ @  Ot>A22     Q     6T2@+6o           ֝)      $MBOT_ENCODERSN ֝Q.     $L     Dz         ֝v      DMBOT_IMU]?B# ֝ @ @, 1nsA+!g     Q     @+f            ֝w      $MBOT_ENCODERSN ֝     $[     D         ֝-      DMBOT_IMU]?B# ֝@  / ?F;lA֬     Q      ۭ/@+i           ֝      $MBOT_ENCODERSN ֝     $r     D         ֞      MBOT_MOTOR_COMMAND8m        ?             ֞      DMBOT_IMU]?B# ֞; ?  ?&<As     Q     /[@+DH           ֞      $MBOT_ENCODERSN ֞;     $     D $ *       ֞`      DMBOT_IMU]?B# ֞?K  0 3 0>A9VV     Q     .ƻt@+.           ֞b      $MBOT_ENCODERSN ֞     $     E
 4 7       ֞      DMBOT_IMU]?B# ֞6@ >z  >@ ?'?G@G     Q     1ٻ|@+)y          	 ֞       $MBOT_ENCODERSN ֞6     %     EP B F      
 ֞      DMBOT_IMU]?B# ֟&v?p @j` ?j` }A4B	     Q     &d@++/           ֞      $MBOT_ENCODERSN ֟&v     %Z     E N Q       ֟K      DMBOT_IMU]?B# ֟t> @7 A# ? .0	>A4=     Q     0#O@+Qa           ֟L      $MBOT_ENCODERSN ֟t     %     E T W       ֟      DMBOT_IMU]?B# ֟ 3 A `PA]F6     Q     3»@+           ֟      $MBOT_ENCODERSN ֟     &     FS X [       ֟Ϯ      MBOT_MOTOR_COMMAND8m        ?             ֟      DMBOT_IMU]?B# ֠\A @V @, ?$1@17     Q     ?ws@+f           ֟      $MBOT_ENCODERSN ֠\     &^     F X ^       ֠6Z      DMBOT_IMU]?B# ֠_	 @R A SxUA-     Q     PtLU@+           ֠8^      $MBOT_ENCODERSN ֠_     &     G Z ^       ֠C      DMBOT_IMU]?B# ֠@  AP 5@     Q     Hj@,B           ֠j      $MBOT_ENCODERSN ֠     '     Gj Z [       ֠B      DMBOT_IMU]?B# ֠  ? A PkAN     Q     U@,           ֠=      $MBOT_ENCODERSN ֠     'm     G [ ^       ֡       DMBOT_IMU]?B# ֡IA (  Ad ?wT?o@x     Q     a@Ka@,           ֡"      $MBOT_ENCODERSN ֡I     '     H& Z ^       ֡n      DMBOT_IMU]?B# ֡ ?p @7 rQAw\     Q     cMy@,           ֡p      $MBOT_ENCODERSN ֡     ("     H [ _       ֡      MBOT_MOTOR_COMMAND8m                       ֡      DMBOT_IMU]?B# ֡@Z z  @ &x?WA     Q     z廽@,           ֡      $MBOT_ENCODERSN ֡     (}     H [ ^        ֢      DMBOT_IMU]?B# ֢4k  A ]?MA.     Q     c)W@-s          ! ֢3      $MBOT_ENCODERSN ֢4k     (     I= V Z      " ֢Yn      DMBOT_IMU]?B# ֢? @t @< >?A=     Q     p*r,@-E          # ֢[      $MBOT_ENCODERSN ֢     )      I M Q      $ ֢      DMBOT_IMU]?B# ֢@4 >z  @ ?@z~A     Q     s򖻼0@-k          % ֢      $MBOT_ENCODERSN ֢     )\     I < A      & ֢      DMBOT_IMU]?B# ֣Ahl ? @4 ^A,     Q     }Z@-          ' ֢      $MBOT_ENCODERSN ֣     )     J 4 4      ( ֣D      DMBOT_IMU]?B# ֣mAO @?h ?Z +PоA	     Q     BՉ@-          ) ֣F      $MBOT_ENCODERSN ֣m     )     J4 0 1      * ֣f      MBOT_MOTOR_COMMAND8m                      + ֣      DMBOT_IMU]?B# ֣PF>   @  '?>;A&x     Q     fF@-          , ֣!      $MBOT_ENCODERSN ֣P     )     Jb . .      - ֣      DMBOT_IMU]?B# ֤	@   5 @?OA7)     Q     @-          . ֣      $MBOT_ENCODERSN ֤	     *     J , +      / ֤/      DMBOT_IMU]?B# ֤XA 7 !" lH>AJ     Q     9[qͶ@-DK          0 ֤1K      $MBOT_ENCODERSN ֤X     *B     J ( )      1 ֤|      DMBOT_IMU]?B# ֤Z >; @  '?4A]     Q     ֚/@-2          2 ֤~      $MBOT_ENCODERSN ֤     *g     J % $      3 ֤ʭ      DMBOT_IMU]?B# ֤@ >; } ?h?a?A3̷     Q     0qڻu@-,          4 ֤̳      $MBOT_ENCODERSN ֤     *     J $ #      5 ֥      MBOT_MOTOR_COMMAND8m                  6 ֥      DMBOT_IMU]?B# ֥B    8?A"     Q     cջN@-#*          7 ֥      $MBOT_ENCODERSN ֥B     *     K         8 ֥g      DMBOT_IMU]?B# ֥z      >x?:,A     Q     nI	@-O          9 ֥iM      $MBOT_ENCODERSN ֥     *     K3 $       : ֥      DMBOT_IMU]?B# ֥޾?    @e@E@n     Q     S+@,          ; ֥      $MBOT_ENCODERSN ֥޾     *     K; $       < ֦      DMBOT_IMU]?B# ֦,AO  餀@v
wo*A"
     Q      j+eQ@*          = ֦      $MBOT_ENCODERSN ֦,     +     K; &        > ֦Q      DMBOT_IMU]?B# ֦{% @ި  ?ِ%@{t     Q     K6@'          ? ֦S      $MBOT_ENCODERSN ֦{%     +G     K6 .      @ ֦      DMBOT_IMU]?B# ֦D  @p ,|@>.9A'     Q     3@$           A ֦      $MBOT_ENCODERSN ֦D     +{     K- 4      B ֦      MBOT_MOTOR_COMMAND8m                  C ֦[      DMBOT_IMU]?B# ֧? ?` ? ?;ANW     Q     )6W@          D ֦      $MBOT_ENCODERSN ֧     +     K  6      E ֧<      DMBOT_IMU]?B# ֧eϾ; ?  W?۶	>@     Q     $l@;          F ֧>      $MBOT_ENCODERSN ֧e     +     K 8      G ֧      DMBOT_IMU]?B# ֧z  @X dE?=A!G     Q     ׶@4          H ֧      $MBOT_ENCODERSN ֧     ,#     J :      I ֧      DMBOT_IMU]?B# ֨@>; @ o ?eDzx@ٯ4     Q     T@F          J ֧      $MBOT_ENCODERSN ֨@     ,`     J =      K ֨&      DMBOT_IMU]?B# ֨PH    A y=c?@>     Q     A@w          L ֨)      $MBOT_ENCODERSN ֨PH     ,     J @      M ֨S      MBOT_MOTOR_COMMAND8m                      N ֨uh      DMBOT_IMU]?B# ֨@ ? Àp?$+fAI     Q     Fi@ɔ          O ֨wV      $MBOT_ENCODERSN ֨     ,     J @      P ֨      DMBOT_IMU]?B# ֨) @V [	[ A0x     Q     ?b          Q ֨O      $MBOT_ENCODERSN ֨)     -     J ;      R ֩n      DMBOT_IMU]?B# ֩: Aj R7>^EAc     Q     }?ڕ          S ֩|      $MBOT_ENCODERSN ֩:     -P     J 5      T ֩_p      DMBOT_IMU]?B# ֩  @ &B36E*AN     Q     S8\?          U ֩at      $MBOT_ENCODERSN ֩     -}     J -      V ֩      DMBOT_IMU]?B# ֩8 @; /Z AB     Q     '5:?(          W ֩      $MBOT_ENCODERSN ֩8     -     J %        X ֩      DMBOT_IMU]?B# ֪%@   V>ѽCA!s     Q     ,;6V?          Y ֩      $MBOT_ENCODERSN ֪%     -     J        Z ֪J      DMBOT_IMU]?B# ֪s@L  =5iӜ?K6AJ     Q     
3;t?          [ ֪M8      $MBOT_ENCODERSN ֪s     -     J        \ ֪      DMBOT_IMU]?B# ֪L  kuA     Q     W;?غ          ] ֪      $MBOT_ENCODERSN ֪     -     J        ^ ֪      MBOT_MOTOR_COMMAND8m                      _ ֪      DMBOT_IMU]?B# ֫  =  m ze?&|A%     Q     !;
x?ޓ          ` ֪      $MBOT_ENCODERSN ֫     -     J        a ֫4      DMBOT_IMU]?B# ֫^;+ ; a ">A&     Q     );E?c}          b ֫6      $MBOT_ENCODERSN ֫^;     .     J        c ֫      DMBOT_IMU]?B# ֫>;      >Ъ=5A     Q     (|:?D          d ֫      $MBOT_ENCODERSN ֫     .     J        e ֫Ѹ      DMBOT_IMU]?B# ֫Z ; 7 S?BdA)L     Q     4:?          f ֫      $MBOT_ENCODERSN ֫     .      J        g ֬      DMBOT_IMU]?B# ֬H߿ =   >'<lA'     Q     ;:.?          h ֬"&      $MBOT_ENCODERSN ֬H     .,     J        i ֬Xr      MBOT_MOTOR_COMMAND8m                      j ֬m      DMBOT_IMU]?B# ֬   >?z<>A!     Q     <op:$1?$          k ֬o      $MBOT_ENCODERSN ֬     .8     J        l ֬      DMBOT_IMU]?B# ֬2 + ΋ >34>A)is     Q     Eqv:lu?עE          m ֬      $MBOT_ENCODERSN ֬2     .D     J        n ֭	      DMBOT_IMU]?B# ֭3X  =  D a'>A%q     Q     K:k?֏H          o ֭      $MBOT_ENCODERSN ֭3X     .O     J        p ֭X      DMBOT_IMU]?B# ֭  h J׾$1Al     Q     Fz:?Ն          q ֭Z      $MBOT_ENCODERSN ֭     .Y     J 
       r ֭      DMBOT_IMU]?B# ֭;    05=>A     Q     H :V?ԁ.          s ֭      $MBOT_ENCODERSN ֭     .c     J 
       t ֭      DMBOT_IMU]?B# ֮   w.>A%f     Q     Oq:4?qr          u ֭      $MBOT_ENCODERSN ֮     .m     J 
       v ֭      MBOT_MOTOR_COMMAND8m            @      w ֮B      DMBOT_IMU]?B# ֮lA> =   A!!     Q     G:0!y?m          x ֮E      $MBOT_ENCODERSN ֮lA     .u     J        y ֮      DMBOT_IMU]?B# ֮^nH ; 	 J׾sA$     Q     Pj:`?ѱk          z ֮      $MBOT_ENCODERSN ֮^     .{     J        { ֮y      DMBOT_IMU]?B# ֯ި ?  A0 mUA+     Q     i;7?q          | ֮      $MBOT_ENCODERSN ֯     .z     J       } ֯-a      DMBOT_IMU]?B# ֯V^ z  B, GjA)     Q     5;2?76          ~ ֯/|      $MBOT_ENCODERSN ֯V     .s     J        ֯{      DMBOT_IMU]?B# ֯ ?K  BOiAX     Q     ;T<?֧l           ֯}      $MBOT_ENCODERSN ֯     .e     K        ֯      MBOT_MOTOR_COMMAND8m                       ֯ɑ      DMBOT_IMU]?B# ֯+@z  @p Bg eYA      Q     G;-?P           ֯ˁ      $MBOT_ENCODERSN ֯+     .[     K         ְ      DMBOT_IMU]?B# ְA@ j` B vD?Y@b|     Q     2<;H?T           ְ      $MBOT_ENCODERSN ְA     .M     KB "       ְf      DMBOT_IMU]?B# ְ;  C
`=c>A!٪     Q     <%;4?           ְi;      $MBOT_ENCODERSN ְ     .A     Ka        ְ      DMBOT_IMU]?B# ְ@@L D B?vbxmAFD     Q     +\;??	           ְo      $MBOT_ENCODERSN ְ@     .7     K|        ֱ      DMBOT_IMU]?B# ֱ, ? K  B @(=t8A'2g     Q     ;b#?           ֱ}      $MBOT_ENCODERSN ֱ,      .1     K        ֱQ      DMBOT_IMU]?B# ֱzij` >  B1? @16?iA!P     Q     ;.\2?           ֱS,      $MBOT_ENCODERSN ֱzi     ./     K        ֱ      DMBOT_IMU]?B# ֱȕ; >z  A >?S+AX     Q     ;?з           ֱ      $MBOT_ENCODERSN ֱȕ     .1     K         ֱ;      MBOT_MOTOR_COMMAND8m                       ֱz      DMBOT_IMU]?B# ֲ  A ?V0?;A     Q     H;	K?d           ֱ)      $MBOT_ENCODERSN ֲ     .5     K         ֲ;S      DMBOT_IMU]?B# ֲd ; ?@ yt8A#b     Q     G:?           ֲ=E      $MBOT_ENCODERSN ֲd     .9     K         ֲn      DMBOT_IMU]?B# ֲK      @  >.?YA$^     Q     #A:I?1           ֲ      $MBOT_ENCODERSN ֲ     .?     K         ֲ      DMBOT_IMU]?B# ֳP+ @ > >d<OA#     Q     &:U?g           ֲ/      $MBOT_ENCODERSN ֳP     .C     K         ֳ%      DMBOT_IMU]?B# ֳOm3 =  @ =e>A#     Q     5]:^?           ֳ'      $MBOT_ENCODERSN ֳOm     .H     K          ֳtz      DMBOT_IMU]?B# ֳK  ?K  X =ya?A'     Q     J+:z?           ֳw      $MBOT_ENCODERSN ֳ     .J     K          ֳ      MBOT_MOTOR_COMMAND8m            @       ֳD      DMBOT_IMU]?B# ֳ?@ K  ?P =PozA"      Q     I&:,?           ֳĨ      $MBOT_ENCODERSN ֳ     .J     K           ִ      DMBOT_IMU]?B# ִ: j` A!" }w0GA z     Q     X:t?>           ִ
      $MBOT_ENCODERSN ִ:     .G     K        ִ^v      DMBOT_IMU]?B# ִ/ > A >kE*A     Q     }h1:{?           ִ`      $MBOT_ENCODERSN ִ     .9     K        ִ      DMBOT_IMU]?B# ִGAe~ t BPM3A#     Q     Njc:ۦ?           ִ      $MBOT_ENCODERSN ִG     .)     K        ִ      DMBOT_IMU]?B# ֵ$z  @ B{(]l	A     Q     /DN;?o           ִS      $MBOT_ENCODERSN ֵ$     .     K        ֵI+      DMBOT_IMU]?B# ֵr   CaH9    A!Z     Q     +&8;I*@H           ֵK_      $MBOT_ENCODERSN ֵr     .     L         ֵq      DMBOT_IMU]?B# ֵ@ ?K  C,=.@:֍A     Q     .p;q@           ֵ      $MBOT_ENCODERSN ֵ     -     L9 &       ֵɒ      MBOT_MOTOR_COMMAND8m            @       ֵo      DMBOT_IMU]?B# ֶ7 v CC! .Q	iA]     Q     6|r;b	@\           ֵ-      $MBOT_ENCODERSN ֶ     -     Lb )       ֶ3      DMBOT_IMU]?B# ֶ]G?z  @j` C`M?.@rm     Q     *+;@           ֶ6      $MBOT_ENCODERSN ֶ]G     -     L ,       ֶU      DMBOT_IMU]?B# ֶ? >n Cj@`YAGm     Q     %W;@Q@           ֶ      $MBOT_ENCODERSN ֶ     -     L .       ֶЎ      DMBOT_IMU]?B# ֶ@ ( fx Cy ?>WsA=X     Q      ;`%@:           ֶ      $MBOT_ENCODERSN ֶ     -f     L /       ַ      DMBOT_IMU]?B# ַG@7 0 Cc0VAe     Q     ;@@@           ַ!      $MBOT_ENCODERSN ַG     -;     M .       ַlr      DMBOT_IMU]?B# ַ
@ j` CpHa+A     Q     N;C@#<           ַn      $MBOT_ENCODERSN ַ
     -     MI 0       ַ      DMBOT_IMU]?B# ַg $ C>J׿@ACe     Q     ;iC@)           ַw      $MBOT_ENCODERSN ַg     ,     M{ 2       ָ	u      DMBOT_IMU]?B# ָ2   C?1&|AB     Q     q;@/e           ָ      $MBOT_ENCODERSN ָ2     ,     M 1       ָ      MBOT_MOTOR_COMMAND8m                       ָW1      DMBOT_IMU]?B# ָ0 7 C@@?mA:-l     Q     >;	@5           ָY      $MBOT_ENCODERSN ָ     ,     M 0       ָ      DMBOT_IMU]?B# ָ?@CP @  C4P?$yKA-     Q     :J@;           ָ      $MBOT_ENCODERSN ָ?     ,b     N +       ָ      DMBOT_IMU]?B# ֹC?p ' C\@.?79A-'     Q     {9r@@           ָ      $MBOT_ENCODERSN ֹC     ,>     N+ $       ֹA      DMBOT_IMU]?B# ֹkB?; d C+@AWA2     Q     #..C@D5           ֹD&      $MBOT_ENCODERSN ֹkB     ,"     NG        ֹ_      DMBOT_IMU]?B# ֹ@'  B@05a?A6S     Q     /Ż@H           ֹ      $MBOT_ENCODERSN ֹ     ,     N\        ֹ<      MBOT_MOTOR_COMMAND8m        ?             ֹ      DMBOT_IMU]?B# ֺO  Bl@5A(D&     Q     "wMG           ֹ`      $MBOT_ENCODERSN ֺ     +     Nk        ֺ,      DMBOT_IMU]?B# ֺU @@ B29 @/DA     Q     >TF           ֺ/      $MBOT_ENCODERSN ֺU     +     Nw         ֺz      DMBOT_IMU]?B# ֺ- ?z  A @C*Au     Q     x)E           ֺ}@      $MBOT_ENCODERSN ֺ-     ,     N  	       ֺȀ      DMBOT_IMU]?B# ֺ(. @fx v ?>A?K     Q     CV$F           ֺʵ      $MBOT_ENCODERSN ֺ(     ,"     N         ֻ      DMBOT_IMU]?B# ֻ@@ @4 l >k?nA	Ax     Q     𪻸F97           ֻ      $MBOT_ENCODERSN ֻ@     ,<     N         ֻe      DMBOT_IMU]?B# ֻ?P =  ި ߟAP     Q     ֻF[4           ֻg      $MBOT_ENCODERSN ֻ     ,b     N & (       ֻn      MBOT_MOTOR_COMMAND8m        ?             ֻ      DMBOT_IMU]?B# ֻ@ >  %2@S@O     Q     Fws           ֻ      $MBOT_ENCODERSN ֻ     ,     O 2 6       ּ      DMBOT_IMU]?B# ּ+* @+ V pEH(+jAZ     Q     e^RF	           ּ      $MBOT_ENCODERSN ּ+*     ,     OM B F       ּP      DMBOT_IMU]?B# ּy.> ?   m|A      Q     лxF$           ּR      $MBOT_ENCODERSN ּy.     -#     O M R       ּ      DMBOT_IMU]?B# ּǄp ?  =3uA6     Q     4qLqKF           ּ      $MBOT_ENCODERSN ּǄ     -w     O T Y       ּ      DMBOT_IMU]?B# ֽ.   <7mAi:R     Q     ջ'&F           ּ      $MBOT_ENCODERSN ֽ     -     PS V [       ֽ      MBOT_MOTOR_COMMAND8m                       ֽ:      DMBOT_IMU]?B# ֽcAL @  ` xa@Gs     Q     jmXFW           ֽ<      $MBOT_ENCODERSN ֽc     .%     P X _       ֽ      DMBOT_IMU]?B# ֽ) ? 4 r#mAt	      Q     D'kG           ֽ      $MBOT_ENCODERSN ֽ)     .y     Q T [       ֽ׌      DMBOT_IMU]?B# ־ @ @ ( @ADU     Q     NfC~G8[           ֽK      $MBOT_ENCODERSN ־      .     Q[ H N       ־%      DMBOT_IMU]?B# ־N ( >  @ =NNAA     Q     VG4           ־'      $MBOT_ENCODERSN ־N     .     Q 8 :       ־sT      DMBOT_IMU]?B# ־Av  @ 0#=~OA2Y3     Q     -qaO.G           ־uZ      $MBOT_ENCODERSN ־     /!     Q ( )       ־      DMBOT_IMU]?B# ־A @    ?>>A     Q     gy[G;           ־      $MBOT_ENCODERSN ־     /G     Q & %       ֿ      DMBOT_IMU]?B# ֿ9I>  @z  ?9HA+     Q     0)y4F           ֿ!      $MBOT_ENCODERSN ֿ9I     /n     R ' %       ֿ]      DMBOT_IMU]?B# ֿ( p ? ?N?yA).     Q     MEF           ֿ_      $MBOT_ENCODERSN ֿ(     /     R, % $       ֿq      MBOT_MOTOR_COMMAND8m                   ֿU      DMBOT_IMU]?B# ֿt      k?A(0     Q     iٻOG	           ֿs      $MBOT_ENCODERSN ֿt     /     RP # $       ֿ      DMBOT_IMU]?B# # ( @ >  >>xA     Q     gvENG           ֿz      $MBOT_ENCODERSN #     /     Ro         H      DMBOT_IMU]?B# q=  G8   ?ǘ=a?ADi     Q     ru> G%[           J      $MBOT_ENCODERSN q     /     R !              DMBOT_IMU]?B# L r0 . ???A90     Q     x֢G                 $MBOT_ENCODERSN      0     R $ 	       2      DMBOT_IMU]?B# JAz  @@8?@[C     Q     7Rk@H                 $MBOT_ENCODERSN J     0C     R )        3      DMBOT_IMU]?B# ]p j` # ?LA     Q     /Fo@E5           5      MBOT_MOTOR_COMMAND8m                   6      $MBOT_ENCODERSN ]     0s     R 0             DMBOT_IMU]?B# k @^ =?ֿ A/T     Q     _p;7M@A1                  $MBOT_ENCODERSN      0     R 8       ϧ      DMBOT_IMU]?B# O ? Q?GuXAr     Q     n>`B@<Y                 $MBOT_ENCODERSN      0     Rz :       U      DMBOT_IMU]?B# F>; ; \@5M
A     Q     s߼N@7h           ;      $MBOT_ENCODERSN F     1     Ri :       k      DMBOT_IMU]?B# uv @+ lK!?Wu@     Q     |Whr@2           n	      $MBOT_ENCODERSN u     1]     RT >       ºH      DMBOT_IMU]?B#  @nH wP@5QUA(?     Q     ʼ^@-6           ¼      $MBOT_ENCODERSN      1     R? @      	 һ      MBOT_MOTOR_COMMAND8m                      
 	1      DMBOT_IMU]?B# 2A4 @ }@58MA%:     Q     P@'                 $MBOT_ENCODERSN 2A     1     R( @       V      DMBOT_IMU]?B#  @h u`|rbrA#     Q     (;P@!i           Y?      $MBOT_ENCODERSN      2     R ;       ä      DMBOT_IMU]?B# @| @ IZy SA,)_     Q     #*/@5           æ      $MBOT_ENCODERSN      2M     R 5             DMBOT_IMU]?B# ;> ?z  %gqX:k
!A(u     Q     a@                 $MBOT_ENCODERSN ;     2y     R ,       A      DMBOT_IMU]?B# j @ ( דX]?q)A#     Q     L@           C      $MBOT_ENCODERSN j     2     R $         ď^      DMBOT_IMU]?B# ĸ@CP + 6@ҿCA6S     Q     n}@P4           đd      $MBOT_ENCODERSN ĸ     2     R               DMBOT_IMU]?B# @+ @ ; r?>A$     Q     ~c8@@           4      $MBOT_ENCODERSN      2     R	         +      DMBOT_IMU]?B# T >  >>xA"i     Q     zhY_@H           -      $MBOT_ENCODERSN T     2     R         z      DMBOT_IMU]?B# ţtp ?@ h >8?RiA$     Q     ƻ@           |.      $MBOT_ENCODERSN ţt     2     R         Ȧ      DMBOT_IMU]?B# ?h ;  _d-$A&i     Q     JX@*M                 $MBOT_ENCODERSN      3     R                MBOT_MOTOR_COMMAND8m        ?             o      DMBOT_IMU]?B# ??+ >@  >BAx     Q     ~ػ6@                  $MBOT_ENCODERSN ?     3     R&        ! d1      DMBOT_IMU]?B# ƍ >z  G w.4Ai     Q     ̾@:          " fF      $MBOT_ENCODERSN ƍ     3     R1        # ƲT      DMBOT_IMU]?B#  ?@ @V <DcɿnJA*     Q     n@/D          $ ƴ3      $MBOT_ENCODERSN      3-     R?        %        DMBOT_IMU]?B# *  @ ( ?>ԿqA     Q     A[Z@C          &       $MBOT_ENCODERSN *     3=     RR        ' O      DMBOT_IMU]?B# y%p ? >z  >B*(A
P     Q     ׻K@G          ( R3      $MBOT_ENCODERSN y%     3S     Rl        ) ǝD      DMBOT_IMU]?B# Ƅ @j` >z  ?g<A;y     Q     ܻ˺.@H          * ǟ`      $MBOT_ENCODERSN Ƅ     3w     R $ &      + E      MBOT_MOTOR_COMMAND8m                      ,       DMBOT_IMU]?B# K  + @Z >(;l@     Q     Yw@R          -       $MBOT_ENCODERSN      3     R 2 6      . 9      DMBOT_IMU]?B# c @V  @l :CA	     Q     ֻ̎o@zi          / ;      $MBOT_ENCODERSN c      3     S B C      0 ȇ~      DMBOT_IMU]?B# Ȱ@ ?+ @V l+)A#     Q     &ӯu@          1 ȉk      $MBOT_ENCODERSN Ȱ     4/     SR D G      2 V      DMBOT_IMU]?B# ?  ? @+ -D@8r@Є     Q     냻@5          3 ،      $MBOT_ENCODERSN      4h     S 9 <      4 $'      DMBOT_IMU]?B# M@  ? @fx @7E A!w     Q     Z86@          5 &S      $MBOT_ENCODERSN M     4     S ( +      6 rC      DMBOT_IMU]?B# ɛA O @r0 >a@A     Q     ٶ@{          7 tJ      $MBOT_ENCODERSN ɛ     4     S        8 O      DMBOT_IMU]?B# AF @+ j` ?= AX     Q     û۾@.          9 6      $MBOT_ENCODERSN      4     S        :       MBOT_MOTOR_COMMAND8m                      ;       DMBOT_IMU]?B# :$?  + @b dAt(     Q     /@Z          <       $MBOT_ENCODERSN :$     4     T         = ]x      DMBOT_IMU]?B# ʆ =  0 ?(@ EA&     Q     TJ@          > _      $MBOT_ENCODERSN ʆ     5     T0        ? ʫ)      DMBOT_IMU]?B# Ԉ>; @p  >_dA $     Q     O@J          @ ʭ      $MBOT_ENCODERSN Ԉ     5#     TK        A x      DMBOT_IMU]?B# "پ ; ` a?OA/r+     Q     \J@          B       $MBOT_ENCODERSN "     5<     Tb        C G      DMBOT_IMU]?B# p?+ ? =z  >uA$.     Q     TG@          D I      $MBOT_ENCODERSN p     5R     Ty        E ˕g      DMBOT_IMU]?B# ˾ @ ? -A6S     Q     /@)          F ˗Y      $MBOT_ENCODERSN ˾     5h     T        G ˪      MBOT_MOTOR_COMMAND8m        ?            H z      DMBOT_IMU]?B# ?z     ?BA +}     Q     ll@          I       $MBOT_ENCODERSN      5z     T        J 2      DMBOT_IMU]?B# [K    @$ >|RA'O     Q     ,<@          K 4      $MBOT_ENCODERSN [     5     T        L ̀      DMBOT_IMU]?B# ̩O  @8 >+g:A     Q     =@k          M ̂      $MBOT_ENCODERSN ̩     5     T        N v      DMBOT_IMU]?B# p @ @b ?iӜA"E5     Q     Am@          O Ѝ      $MBOT_ENCODERSN      5     T        P t      DMBOT_IMU]?B# E鿄 ? ? DcɾUAN     Q     (寳@          Q t      $MBOT_ENCODERSN E     5     T        R j      DMBOT_IMU]?B# ͔7@ + >  ?뢿&AY     Q     WHy@d          S m3      $MBOT_ENCODERSN ͔7     5     U # %      T ͹N      DMBOT_IMU]?B# >@ @ ` PcEAF     Q     o@          U ͻv      $MBOT_ENCODERSN      6"     UO 2 3      V       DMBOT_IMU]?B# 0 @' ^ @GN?AkA     Q     ]%@          W 
$      $MBOT_ENCODERSN 0     6b     U @ C      X 	      MBOT_MOTOR_COMMAND8m        ?            Y UW      DMBOT_IMU]?B# ~=z  >  ?P >mA)S     Q     u@8          Z W8      $MBOT_ENCODERSN ~     6     U L O      [ Σ      DMBOT_IMU]?B#   @ ?D_M6A?     Q     넼7@
          \ Υ      $MBOT_ENCODERSN      7      V7 R V      ] g      DMBOT_IMU]?B# X 8 @z  @BA     Q     >%u@          ^       $MBOT_ENCODERSN      7X     V X Z      _ @      DMBOT_IMU]?B# jf@p >@ } >|@r     Q     {%н@          ` C      $MBOT_ENCODERSN jf     7     V X \      a ώ      DMBOT_IMU]?B# ϸ?@ p @ @*@&<A4     Q     DQ@          b ϑ      $MBOT_ENCODERSN ϸ     8     WI X \      c Ϥ      MBOT_MOTOR_COMMAND8m        ?            d Y      DMBOT_IMU]?B# @O @ @+ ?ݍ_Af     Q      *ȼ@          e 8      $MBOT_ENCODERSN      8b     W Z \      f *      DMBOT_IMU]?B# T@  @@ A	 ?mG?QA4i$     Q     SJz@6          g ,      $MBOT_ENCODERSN T     8     X X \      h y@      DMBOT_IMU]?B# Тqz  >; AL WA=     Q     
@          i {U      $MBOT_ENCODERSN Тq     9     X\ [ [      j       DMBOT_IMU]?B# d@R Z A 8=&|@#     Q     h-@          k ȫ      $MBOT_ENCODERSN d     9q     X \ Z      l r      DMBOT_IMU]?B# >^ ^ BS UvAGj     Q     8!8@\          m S      $MBOT_ENCODERSN >     9     Y \ Y      n L
      MBOT_MOTOR_COMMAND8m        ?            o cy      DMBOT_IMU]?B# ь@| @/ Ak ,tm?T @ɹ     Q     
8@j(          p f/      $MBOT_ENCODERSN ь     :'     Yi Z Z      q ѱ      DMBOT_IMU]?B# (  A0 WA     Q     8)=@          r ѳ      $MBOT_ENCODERSN (     :     Y X Z      s       DMBOT_IMU]?B# )M@ @b A 6ml@?     Q     ~nʑ@          t 6      $MBOT_ENCODERSN )M     :     Z X [      u N      DMBOT_IMU]?B# w|z  X A @.0@v5@)R     Q     q-@          v P      $MBOT_ENCODERSN w|     ;/     Z{ X ]      w Ҝ9      DMBOT_IMU]?B# ũ?+ @3 A >u|:,@l     Q     fg&@!V          x Ҟ       $MBOT_ENCODERSN ũ     ;     Z X \      y       DMBOT_IMU]?B# A P A @Ӏ?nAAG     Q     	a@c          z       $MBOT_ENCODERSN      ;     [1 Z Z      {       MBOT_MOTOR_COMMAND8m        ?            | 8      DMBOT_IMU]?B# a      A @G$B@"     Q     \T@          } :      $MBOT_ENCODERSN a     <9     [ X X      ~ Ӈ@      DMBOT_IMU]?B# Ӱ@ ?` A @&VqA!n     Q     2k@]           Ӊa      $MBOT_ENCODERSN Ӱ     <     [ X Y             DMBOT_IMU]?B# c  ' A 0 ;2Ah9     Q      	@֝           #      $MBOT_ENCODERSN c     <     \= Y [       #w      DMBOT_IMU]?B# L@d @ A] ?3@Z@5     Q     㐻@B[           %h      $MBOT_ENCODERSN L     =D     \ Z \       qY      DMBOT_IMU]?B# Ԛ  @ ?b@AP     Q     鏼 [@ti           s/      $MBOT_ENCODERSN Ԛ     =     \ Z \       Դ      MBOT_MOTOR_COMMAND8m                       Կl      DMBOT_IMU]?B# 	AV ? A yU@     Q     17@           @      $MBOT_ENCODERSN 	     =     ]R ] ]       !      DMBOT_IMU]?B# 7ip  A!" ?y@ AS`     Q     	-@҉           [      $MBOT_ENCODERSN 7i     >W     ] \ ^       \      DMBOT_IMU]?B# ՅB#z  @ ?D\A	@K     Q     rB)@           ^I      $MBOT_ENCODERSN Յ     >     ^ a c       ժ,      DMBOT_IMU]?B# Ӓ> nH A. ?iAe     Q     :̔@5           լ7      $MBOT_ENCODERSN Ӓ     ?     ^j X W       t      DMBOT_IMU]?B# !A; @ As* >k@g6@     Q     #<@S           I      $MBOT_ENCODERSN !     ?\     ^ L N       F      DMBOT_IMU]?B# pB @nH   ?A.At&u     Q     <Im@lQ           H      $MBOT_ENCODERSN p     ?     ^ D G       ֕      DMBOT_IMU]?B# ־BcȀ@ X @)dAx      Q     <t6,@}           ֗      $MBOT_ENCODERSN ־     ?     _< < =       ֶ      MBOT_MOTOR_COMMAND8m                             DMBOT_IMU]?B# tBfP @t @]k@B     Q     =gڻ՛@b                 $MBOT_ENCODERSN t     @     _n 2 2       14      DMBOT_IMU]?B# ZB @ @ @uqAO.     Q     =+@           3\      $MBOT_ENCODERSN Z     @8     _ * *       /      DMBOT_IMU]?B# רBl?j` ?Z @@SA     Q     =w'@           ׁ8      $MBOT_ENCODERSN ר     @\     _ $ $             DMBOT_IMU]?B# PB@>    h@-A:0     Q     >#A@                 $MBOT_ENCODERSN P     @|     _           g      DMBOT_IMU]?B# EBl; ?Z >K?FAcw     Q     >&滣]@                 $MBOT_ENCODERSN E     @     _         jY      DMBOT_IMU]?B# ؓB @p @nH ?"-@<^I@     Q     >5>ԫ@ú           l      $MBOT_ENCODERSN ؓ     @     `         ظi      DMBOT_IMU]?B# A +  S@BA     Q     >?c黮v@g           غy      $MBOT_ENCODERSN      @     `7               DMBOT_IMU]?B# /?K  ?0 @ =a'@*(@/     Q     >Aw@e                 $MBOT_ENCODERSN /     @     `T               MBOT_MOTOR_COMMAND8m            @       Tm      DMBOT_IMU]?B# ~q6 @ b >F<?:Aw     Q     >?2M@           V[      $MBOT_ENCODERSN ~     A     `r         ٢      DMBOT_IMU]?B# Q_ @ A e`@FA+\     Q     >5
$*@           ٥m      $MBOT_ENCODERSN Q     A(     `  !             DMBOT_IMU]?B# S Ac B@@7@A̖     Q     >.oj:@2
                 $MBOT_ENCODERSN S     A3     `  -       >      DMBOT_IMU]?B# hjPA C@&$?}@.%     Q     >"&Y@ܺ           A      $MBOT_ENCODERSN hj     A3     `   2       ڍ=      DMBOT_IMU]?B# ڶ­7A CA- ?WA
k     Q     >NKg@!C           ڏ      $MBOT_ENCODERSN ڶ     A/     a+ 9             MBOT_MOTOR_COMMAND8m            @       s      DMBOT_IMU]?B# 8@A1 Cm +:3:Acw     Q     =ȗ溧W@%T           o      $MBOT_ENCODERSN      A%     am B       *B      DMBOT_IMU]?B# S A8 CоVڿA x     Q     =OnFL@+ɇ           ,p      $MBOT_ENCODERSN S     A     a G       w      DMBOT_IMU]?B# ۡL-7?@ CA ?(IA-     Q     N@2/           y      $MBOT_ENCODERSN ۡL     A     a H             DMBOT_IMU]?B# B 9 Cm`N]	@fH     Q     r?J@7/                 $MBOT_ENCODERSN      @     b@ D             DMBOT_IMU]?B# =X BC
=qS+     Q     c ůF@=                 $MBOT_ENCODERSN =     @     bz :       b      DMBOT_IMU]?B# ܋@  Cs*uVoA     Q     o@D (           d      $MBOT_ENCODERSN ܋     @     b 9       k=      MBOT_MOTOR_COMMAND8m            @       ܱO      DMBOT_IMU]?B# ڇ @3 CN@@iM3XAerm     Q     ;1mHE           ܳ      $MBOT_ENCODERSN ڇ     @y     b 9             DMBOT_IMU]?B# (_fx p C @A
u     Q     _:TBDt                 $MBOT_ENCODERSN (_     @R     c& :       M      DMBOT_IMU]?B# vu@ 4 C?<y@'F     Q     ɺ<X           OO      $MBOT_ENCODERSN vu     @-     ca ;       ݛ2      DMBOT_IMU]?B# Ĭ@  @r0 C`V0@     Q     0;69           ݝ)      $MBOT_ENCODERSN Ĭ     @	     c 9       2      DMBOT_IMU]?B#   d C>cɾ@     Q     :gh/                 $MBOT_ENCODERSN      ?     c <             MBOT_MOTOR_COMMAND8m            @       7      DMBOT_IMU]?B# a@Z 7 C?w3M,@     Q     ^;$\)A           9      $MBOT_ENCODERSN a     ?     d >       ކ0      DMBOT_IMU]?B# ޯ@} j` C?GuX6@     Q     v;I"t           ވ*      $MBOT_ENCODERSN ޯ     ?     dT @       Թ      DMBOT_IMU]?B# ?  C`@H<lAJ     Q     ~;fk           G      $MBOT_ENCODERSN      ?t     d A       "7      DMBOT_IMU]?B# Kp ?K  C?>Խ;AQ     Q     ;Xe           $-      $MBOT_ENCODERSN K     ?K     d @       p      DMBOT_IMU]?B# ߙz  ) CD>+P.A@     Q     H(;	           r      $MBOT_ENCODERSN ߙ     ?#     e B       ߻      MBOT_MOTOR_COMMAND8m            @       ߿      DMBOT_IMU]?B# H@ (  C-p?tA]4     Q     F;FL                 $MBOT_ENCODERSN H     >     eZ C       8      DMBOT_IMU]?B# 6?  Cp@PA8ux     Q     .<Qۿ           W      $MBOT_ENCODERSN 6     >     e ?       Z      DMBOT_IMU]?B# sp L C*A)     Q     n<g           \      $MBOT_ENCODERSN s     >     e A             DMBOT_IMU]?B# ? l Cp@-8?A1     Q     <"ބz                 $MBOT_ENCODERSN      >n     f A       U      DMBOT_IMU]?B#  @z  @3 C?04AW     Q     `<D;           a      $MBOT_ENCODERSN       ><     fZ ?       F#      DMBOT_IMU]?B# o> >n C0<5??lyW     Q     <T           H      $MBOT_ENCODERSN o     >     f ?       O      MBOT_MOTOR_COMMAND8m                             DMBOT_IMU]?B# 0z  @ C)?tBH@3     Q     <rI                 $MBOT_ENCODERSN 0     =     f >             DMBOT_IMU]?B# ^@' 8 C S A     Q     ob;F           -      $MBOT_ENCODERSN ^     =     g <       0      DMBOT_IMU]?B# Y? . CX?|A-N     Q     ^X< +a\           2      $MBOT_ENCODERSN Y     =     gG 4       }      DMBOT_IMU]?B# ⧩@; > C@
d?AV     Q     ^;HAc                 $MBOT_ENCODERSN ⧩     =p     gq *       ̼      DMBOT_IMU]?B#  P CT@*9u@     Q     ^;jWu                 $MBOT_ENCODERSN      =_     g               DMBOT_IMU]?B# D?Z AR Cq AWAfp     Q     H;+Ͽf                 $MBOT_ENCODERSN D     =T     g        i%      DMBOT_IMU]?B# q@  B8?0m|A!U     Q     UƹnT^.           k^      $MBOT_ENCODERSN q     =L     g              DMBOT_IMU]?B# xp @ި B/K @5?'A'd     Q     P#:Y6           㸿      $MBOT_ENCODERSN x     =F     g        ,      DMBOT_IMU]?B# .@ K  A c>oA,     Q     @c7V@                 $MBOT_ENCODERSN .     =A     g        3      MBOT_MOTOR_COMMAND8m            @       S      DMBOT_IMU]?B# }'  @ B??ZkA%U     Q     I:bS           V+      $MBOT_ENCODERSN }'     =;     g              DMBOT_IMU]?B# >?P } B:Āk@gA(a{     Q     BU8ªPE                 $MBOT_ENCODERSN >     =2     h        /      DMBOT_IMU]?B#  z  BԀhblA7     Q     9b:ΨH).           %      $MBOT_ENCODERSN      =%     h        =      DMBOT_IMU]?B# gt; } CromA9     Q     Ad;P;           @      $MBOT_ENCODERSN gt     =     h= $       匄      DMBOT_IMU]?B# @  C] *PiA!3v     Q     @|i;&)(           厣      $MBOT_ENCODERSN      <     hh +       l      DMBOT_IMU]?B# @ ? C'6m~>4]A\     Q     2;)x            ݚ      $MBOT_ENCODERSN      <     h 4             MBOT_MOTOR_COMMAND8m            @       (      DMBOT_IMU]?B# R. P C.Ş>A     Q     3;mƾt           *      $MBOT_ENCODERSN R.     <     h 8       w      DMBOT_IMU]?B#  ?  3 C~3A߳     Q     2;|           z      $MBOT_ENCODERSN       <_     i <       
      DMBOT_IMU]?B# @Z  ( C[?TX>	>A]     Q     ;*en           X      $MBOT_ENCODERSN      <'     iL <       !      DMBOT_IMU]?B# <@ P CP?W&@     Q     -;cɽ؍X          	       $MBOT_ENCODERSN <     ;     i <      
 a      DMBOT_IMU]?B# #@`  Cf@{Ai     Q     *;L<           d      $MBOT_ENCODERSN #     ;     i =             MBOT_MOTOR_COMMAND8m            @       篦      DMBOT_IMU]?B#  ? D C@fA     Q     Wo;>           籦      $MBOT_ENCODERSN       ;m     j =             DMBOT_IMU]?B# '5@ ?h C	 S)aAC     Q     ;^>M                 $MBOT_ENCODERSN '5     ;/     j> <       K      DMBOT_IMU]?B# u@v } C@NA5ܨ     Q     $;,>           N,      $MBOT_ENCODERSN u     :     jy ;       
      DMBOT_IMU]?B# ï@CP  CP?iӜ7QA+!g     Q     .:?	                 $MBOT_ENCODERSN ï     :     j <             DMBOT_IMU]?B# ' @d C@A5TQA_     Q      :?*                 $MBOT_ENCODERSN      :u     j ;       )      MBOT_MOTOR_COMMAND8m            @       6      DMBOT_IMU]?B# ` @b C<iASo     Q     |hG/?J!           8      $MBOT_ENCODERSN `     ::     k+ ;             DMBOT_IMU]?B# A@fx @b Cq@R2;PAi     Q     9?j           醡      $MBOT_ENCODERSN A     9     kf ;       ,      DMBOT_IMU]?B# ? * CT?Mw>A-     Q     V>?M           Q      $MBOT_ENCODERSN      9     k :       !,      DMBOT_IMU]?B# J @@ C($ȇ4BAa     Q     oܺK\?H           #|      $MBOT_ENCODERSN J     9     k ;        p)      DMBOT_IMU]?B# j@ ި CNaAc(     Q     ;#k?D          ! rq      $MBOT_ENCODERSN j     9J     l =      " 꽴      DMBOT_IMU]?B# ?P   CP@a<]A@B     Q     'c?          #       $MBOT_ENCODERSN      9     lR :      $       MBOT_MOTOR_COMMAND8m            @      %       DMBOT_IMU]?B# 5C?P @X CIA4B	     Q     )ѻGK?          &       $MBOT_ENCODERSN 5C     8     l ;      ' Z      DMBOT_IMU]?B# =z  $ CfU2?`Y;n     Q     @liL?֨          ( \      $MBOT_ENCODERSN      8     l =      ) 3      DMBOT_IMU]?B# Ѭ/  C?[	A2i     Q     U}<?O          * 몎      $MBOT_ENCODERSN Ѭ     8T     m =      +       DMBOT_IMU]?B#  @j` @ C1@$A]6     Q     d$F?          ,       $MBOT_ENCODERSN       8     mE >      - D      DMBOT_IMU]?B# n?p ED C?jpA!!     Q     d㣻C@^          . F      $MBOT_ENCODERSN n     7     m <      /       DMBOT_IMU]?B# %?z  > C?U ;L@i     Q     \@          0       $MBOT_ENCODERSN %     7     m =      1 o      MBOT_MOTOR_COMMAND8m            @      2       DMBOT_IMU]?B# 
i@ . C%ndt@Ҕ     Q     ߻,@6.          3       $MBOT_ENCODERSN 
i     7V     m =      4 /      DMBOT_IMU]?B# X@  ( C+@;@
     Q     	F7@~          5 1      $MBOT_ENCODERSN X     7     n7 <      6 }      DMBOT_IMU]?B# @ ?h C0@
]     Q     ۻ=b@%O          7       $MBOT_ENCODERSN      6     nt =      8       DMBOT_IMU]?B# F@ nH CA*J#?,     Q     ȺS@.q          9       $MBOT_ENCODERSN F     6     n <      :       DMBOT_IMU]?B# C>@p X C uA$     Q     &9~L@6          ; /      $MBOT_ENCODERSN C>     6R     n >      < h      DMBOT_IMU]?B# @ \ CiU\A?.,     Q     $:4@?S          = k      $MBOT_ENCODERSN      6     o, >      >       MBOT_MOTOR_COMMAND8m            @      ? q      DMBOT_IMU]?B# ߿@@ b CL><A,D     Q      7:@GK          @       $MBOT_ENCODERSN ߿     5     oh <      A G      DMBOT_IMU]?B# .^@@ @ C ?=MA0?     Q     36;wA۔          B Y      $MBOT_ENCODERSN .^     5     o >      C R      DMBOT_IMU]?B# |30  C@@?6f@s     Q     D;h9D          D T      $MBOT_ENCODERSN |3     5M     o >      E v      DMBOT_IMU]?B# @ ?j` C͐?F<?mA     Q     ;>a0
          F V      $MBOT_ENCODERSN      5     p" >      G       DMBOT_IMU]?B# n?Z  C!ܢoTA<"     Q     ;0(/          H       $MBOT_ENCODERSN n     4     p_ =      I <      DMBOT_IMU]?B# f@3 @ CP8AX     Q     ;
          J ?!      $MBOT_ENCODERSN f     4     p >      K       DMBOT_IMU]?B#  @  C@>5'4A?     Q     ;;9          L       $MBOT_ENCODERSN       4D     p ?      M ٤      DMBOT_IMU]?B# @  X C@EK?ABg     Q     o;          N       $MBOT_ENCODERSN      4      q =      O       MBOT_MOTOR_COMMAND8m            @      P '      DMBOT_IMU]?B# Q1=z   Cpf@r     Q     ;Z          Q *(      $MBOT_ENCODERSN Q1     3     qW >      R u      DMBOT_IMU]?B# 5 | C4@&xA     Q     0<Ơ          S w      $MBOT_ENCODERSN 5     3|     q >      T       DMBOT_IMU]?B# ~?P  Cw? ;2AFo     Q     	z<u          U Ť      $MBOT_ENCODERSN ~     38     q ?      V       DMBOT_IMU]?B# <n@+ 3 CP?AQ4     Q     {d_<0a          W       $MBOT_ENCODERSN <n     2     r ?      X `      DMBOT_IMU]?B# ?   C
@^:AAo     Q     <&          Y b      $MBOT_ENCODERSN      2     rR ?      Z       MBOT_MOTOR_COMMAND8m                  [       DMBOT_IMU]?B# 1? D C:`@SA     Q     u<&ڋ          \       $MBOT_ENCODERSN 1     2p     r ?      ]       DMBOT_IMU]?B# &\@ ܴ C UΠAyuk     Q     j:<          ^       $MBOT_ENCODERSN &\     27     r 6      _ K      DMBOT_IMU]?B# u\ G8 C @J?A[h     Q     t<Xe          ` Ml      $MBOT_ENCODERSN u     2     r "      a       DMBOT_IMU]?B# 2Aj A& Ct AwdA4K     Q     0;|Gb          b       $MBOT_ENCODERSN 2     2     r       c       DMBOT_IMU]?B# if  BF@?B@!#AaZ     Q     fr6:܉=          d       $MBOT_ENCODERSN      2     r       e 6      DMBOT_IMU]?B# _%; A@ B%ŀA!^ A5n     Q     U:j~          f 7      $MBOT_ENCODERSN _%     2     r       g B      MBOT_MOTOR_COMMAND8m                  h       DMBOT_IMU]?B# M@ r0  ?z~OA     Q     R܌~y~e          i       $MBOT_ENCODERSN M     2,     r       j       DMBOT_IMU]?B# p @CP ¤ˀ?I?hA $     Q     a׺k          k       $MBOT_ENCODERSN      2:     r       l        DMBOT_IMU]?B# I޿ =z  @?U>@A.s     Q     d)I-          m #w      $MBOT_ENCODERSN I     2H     r       n n      DMBOT_IMU]?B# @ @v &@?F@     Q     dlF|          o q      $MBOT_ENCODERSN      2\     r       p       DMBOT_IMU]?B# $>z  ? "@?%>YA`     Q     eG&(          q .      $MBOT_ENCODERSN $     2r     r       r       MBOT_MOTOR_COMMAND8m                  s 
      DMBOT_IMU]?B# 4Kz  @ 1? @$RAqk     Q     e5&q          t       $MBOT_ENCODERSN 4K     2     rb       u X      DMBOT_IMU]?B# m @j` < ? MAe     Q     ^X_{          v Z      $MBOT_ENCODERSN m     2     rA       w       DMBOT_IMU]?B# .    ? G(`>EA3     Q     d\Rl
=          x f      $MBOT_ENCODERSN .     2     r        y       DMBOT_IMU]?B# &@@ @z  IZ    @     Q     ]ꣿ          z |      $MBOT_ENCODERSN &     2     q        { C      DMBOT_IMU]?B# m2    ?z  U?H@     Q     TIPn          | F3      $MBOT_ENCODERSN m2     3     q        }       DMBOT_IMU]?B# 9?K  @ M ?"-CA*{3     Q     \}Cǰn          ~       $MBOT_ENCODERSN 9     3(     q "             MBOT_MOTOR_COMMAND8m                         DMBOT_IMU]?B# 	}X p aGf#|A     Q     ^'ȿc]                 $MBOT_ENCODERSN 	}     3I     q !       .      DMBOT_IMU]?B# X-?+ @O Z#@8D,Ait     Q     gQs˿=8           1~      $MBOT_ENCODERSN X-     3l     qj #       |      DMBOT_IMU]?B# 4 @ hUAF     Q     tUy                 $MBOT_ENCODERSN      3     qB $       ʏ      DMBOT_IMU]?B# ?z  @ g ?~A]     Q     hH&|^                 $MBOT_ENCODERSN      3     q #             DMBOT_IMU]?B# B$?h @H q&`f?AI     Q     xy:ÿ$                 $MBOT_ENCODERSN B$     3     p $       -2      MBOT_MOTOR_COMMAND8m                   g      DMBOT_IMU]?B# yl @p s K$aۼAD.     Q     x\лP           is      $MBOT_ENCODERSN y     3     p &             DMBOT_IMU]?B# M@ ?@ z ?VUA+RI     Q     uJB                 $MBOT_ENCODERSN M     4%     p (             DMBOT_IMU]?B# -
 AX z ?@     Q     	ϊ           ^      $MBOT_ENCODERSN -
     4K     ph &       Q      DMBOT_IMU]?B# {HX  Â=N.A<x     Q     ż"#qZ           T9      $MBOT_ENCODERSN {H     4r     p: '             DMBOT_IMU]?B# ? @ ÆӠ@U9NAE     Q     }o"           $      $MBOT_ENCODERSN ?     4     p )             DMBOT_IMU]?B# Y A Ìq@     Q     N=4                 $MBOT_ENCODERSN Y     4     o *       =      DMBOT_IMU]?B# f@}  Ê`?[A_     Q     üD<,%           @P      $MBOT_ENCODERSN f     4     o +       a      DMBOT_IMU]?B# ?Z A) Î>?6@ӓ     Q     lK=&,H9                 $MBOT_ENCODERSN      5     ou ,             DMBOT_IMU]?B#  @ @?h ÒP=J׿tAn     Q     Ul2           l      $MBOT_ENCODERSN       5H     oB ,             MBOT_MOTOR_COMMAND8m                   &      DMBOT_IMU]?B# P9 @ Ô@D$XAO|     Q     |[V9X_           )"      $MBOT_ENCODERSN P9     5v     o .       uT      DMBOT_IMU]?B# @+ @\ Õ@'5AC~     Q     'c^@Z           w      $MBOT_ENCODERSN      5     n .       j      DMBOT_IMU]?B# i? @ Ø0?A3     Q     1vF                 $MBOT_ENCODERSN i     5     n .             DMBOT_IMU]?B# :? @G8 Ù`A*@Q@     Q     Fϼ{q@DQ           [      $MBOT_ENCODERSN :     6     nm 0       `K      DMBOT_IMU]?B# 8? @ Ù2lXApr     Q     x~@=D           b}      $MBOT_ENCODERSN 8     62     n5 0             DMBOT_IMU]?B# =?z  @  ßpAK     Q     sD'@6                 $MBOT_ENCODERSN =     6c     m 1             DMBOT_IMU]?B# %xV ? Þ@+F)`AXvY     Q     "1@/~                 $MBOT_ENCODERSN %x     6     m 1       K      DMBOT_IMU]?B# t  T àp=&k(     Q     x⼱@(i           M      $MBOT_ENCODERSN t     6     m 1       V      MBOT_MOTOR_COMMAND8m                         DMBOT_IMU]?B# 0 A( ã\P@8A=     Q     }	@!"           2      $MBOT_ENCODERSN      6     mT 4             DMBOT_IMU]?B# h =z  ç4k@     Q     |ؼ'@W                 $MBOT_ENCODERSN      7-     m 4       4      DMBOT_IMU]?B# ^1 ?@ ë@y~{@[P     Q     x~@           7#      $MBOT_ENCODERSN ^1     7c     l 6             DMBOT_IMU]?B# Y AU ï ?z$@φ     Q     pa@
R[                 $MBOT_ENCODERSN Y     7     l 6       Ѵ      DMBOT_IMU]?B# $  ñF?Ӟ A^     Q     cxͼ@m                 $MBOT_ENCODERSN      7     lc 6              MBOT_MOTOR_COMMAND8m                           DMBOT_IMU]?B#  JP=z  A2 õ>*|@̩     Q     Mj?S            "      $MBOT_ENCODERSN  JP     8     l$ 8        m      DMBOT_IMU]?B#  | @ ÷?Ӟk@~X     Q     6;U?c            o      $MBOT_ENCODERSN       8=     k 6              DMBOT_IMU]?B#  6?@ @\ øp@=|G=ISAg     Q     )B?                   $MBOT_ENCODERSN  6     8w     k :       	      DMBOT_IMU]?B# 3Jr0 Av ýR\GA)U     Q     D!?=Z                 $MBOT_ENCODERSN 3J     8     kj 8       X      DMBOT_IMU]?B#  p üj`xAS
     Q     	ǈ?R           Z      $MBOT_ENCODERSN      8     k+ :             DMBOT_IMU]?B# Ϸ? AO ø`?׸.#,@fu     Q     ?                 $MBOT_ENCODERSN Ϸ     9!     j 8       
      MBOT_MOTOR_COMMAND8m                         DMBOT_IMU]?B# 3 ?j` ñӞX^@     Q     E?{                 $MBOT_ENCODERSN      9Y     j 8       B      DMBOT_IMU]?B# l    @3 ðl@ڍg2AW     Q     uO"?            D      $MBOT_ENCODERSN l     9     ji 8             DMBOT_IMU]?B# D @nH ñp 濝AA     Q     !伛?cj                 $MBOT_ENCODERSN D     9     j) 8       w      DMBOT_IMU]?B# fx @R ó?T?K@D     Q     T?C                 $MBOT_ENCODERSN      :     i 8       -      DMBOT_IMU]?B# V A ôsP?>APt     Q      !?#H           0      $MBOT_ENCODERSN V     :9     i 8       pu      MBOT_MOTOR_COMMAND8m                   {      DMBOT_IMU]?B#  @ õ|Z{пѣ^@     Q     (}u
?+>           }      $MBOT_ENCODERSN      :r     ij 9       ɷ      DMBOT_IMU]?B#  ?  ô@5aJXA     Q     x(q>           '      $MBOT_ENCODERSN      :     i* 7             DMBOT_IMU]?B# AD AX õu ~"ħAL     Q     6Y>^                 $MBOT_ENCODERSN AD     :     h 8       fN      DMBOT_IMU]?B# @p @+ övD" ]A     Q     UdL>	 i           hs      $MBOT_ENCODERSN      ;     h ;             DMBOT_IMU]?B# ?P @ õu ?o̿PT@w     Q     ռ.OH;'                 $MBOT_ENCODERSN      ;V     hk :       #      DMBOT_IMU]?B# ,P A
 ùʀ?NҰ?a?@"v     Q     0½K           }      $MBOT_ENCODERSN ,P     ;     h+ :       #      MBOT_MOTOR_COMMAND8m                   P      DMBOT_IMU]?B# zR @ ÷P?bvD=AN֞     Q     Լ*qUv           S(      $MBOT_ENCODERSN zR     ;     g ;             DMBOT_IMU]?B# ^@ A
 ø$|RAg@     Q     =½n                 $MBOT_ENCODERSN ^     <     g :       b      DMBOT_IMU]?B# Z z  ùʀ??}@ &     Q     ~ѿ^                 $MBOT_ENCODERSN      <A     gh <       ;      DMBOT_IMU]?B# d A>n ý@ŠEA<3     Q     7e$5=           =      $MBOT_ENCODERSN d     <{     g( :       }      DMBOT_IMU]?B# b ?  ýpI[A|     Q     ^#ER                 $MBOT_ENCODERSN      <     f :             MBOT_MOTOR_COMMAND8m        ?                   DMBOT_IMU]?B# H    @P ú7?a?s@     Q     :ƿgW           2      $MBOT_ENCODERSN H     <     f <       %      DMBOT_IMU]?B# OA] AL 4ÿ4ALY     Q     @Ŀ           '~      $MBOT_ENCODERSN OA     =+     fa :       s      DMBOT_IMU]?B# s@ܴ  úf@     Q     =p           v4      $MBOT_ENCODERSN s     =_     f: 4             DMBOT_IMU]?B# Z A Ï0H?s@     Q     A#*:           ĳ      $MBOT_ENCODERSN      =     f: &               DMBOT_IMU]?B# :+ 8 uـ}7A G     Q     jn	bx                 $MBOT_ENCODERSN :     =     fT !        ^~      DMBOT_IMU]?B# @ Ae~ 2@ÏnA0     Q     !Wu%           `      $MBOT_ENCODERSN      =     f} $ )             DMBOT_IMU]?B# = X {q0A]F6     Q     T`/                 $MBOT_ENCODERSN =     =     f / 9             DMBOT_IMU]?B# 	$pAO AmN ̶@=N5zAD     Q     }1:í                 $MBOT_ENCODERSN 	$p     >/     f 6 G       	<      MBOT_MOTOR_COMMAND8m        ?             	I]      DMBOT_IMU]?B# 	r ( ?h ڠF~y"A/-     Q     {ə           	K      $MBOT_ENCODERSN 	r     >i     gQ : T       	V      DMBOT_IMU]?B# 	  A( #@/Y@/@8!     Q     &8d           	]      $MBOT_ENCODERSN 	     >     g F ^       	      DMBOT_IMU]?B# 
H>  ~b+@I     Q     `&=ҲE            	      $MBOT_ENCODERSN 
H     >     h N c       
4U      DMBOT_IMU]?B# 
]rG8 @p ¦ AUf7A	^     Q     s:Nz           
6      $MBOT_ENCODERSN 
]r     ?S     hu V c       
      DMBOT_IMU]?B# 
{@ @ ¹ ?JOA     Q     rNl           
      $MBOT_ENCODERSN 
{     ?     h X f       
}      DMBOT_IMU]?B# 
 @ ͑ ?XzA)     Q     7Pt=           
Қ      $MBOT_ENCODERSN 
     @     iC \ h             DMBOT_IMU]?B# G@ A CA[@     Q     ,Z߃                  $MBOT_ENCODERSN G     @e     i ^ f      	 W      MBOT_MOTOR_COMMAND8m        ?            
 m      DMBOT_IMU]?B# >  ?@ZA     Q     `*           os      $MBOT_ENCODERSN      @     j ^ g             DMBOT_IMU]?B# Z} @h ?;8ųAr     Q     Tغny5                 $MBOT_ENCODERSN Z     A!     ju ^ e             DMBOT_IMU]?B# 2sz  K  ƛIL?K6Asb     Q     7           
      $MBOT_ENCODERSN 2s     A     j ^ f       WP      DMBOT_IMU]?B# ? =z  Ǖm@1AUJ     Q     |?	T           Y      $MBOT_ENCODERSN      A     kA ^ f       2      DMBOT_IMU]?B# λ ( @  SEA+     Q     ,ƿb           Q      $MBOT_ENCODERSN λ     B;     k ^ f       Y      DMBOT_IMU]?B# ' 7 -@>N?A>     Q     {PM           =      $MBOT_ENCODERSN      B     l _ f       B+      DMBOT_IMU]?B# kp@?h    R\=sA]T     Q     nI           D      $MBOT_ENCODERSN kp     B     lt b g       t      MBOT_MOTOR_COMMAND8m        ?                   DMBOT_IMU]?B# rv @+ ?@n@%AFg     Q     "pz`ҍ                 $MBOT_ENCODERSN r     C^     l b f       l      DMBOT_IMU]?B# w ¶@@`7A&     Q     \ w                 $MBOT_ENCODERSN      C     mB f h       ,U      DMBOT_IMU]?B# U #TATL     Q     Qx           .M      $MBOT_ENCODERSN U     D,     m h f       z      DMBOT_IMU]?B# ! A\ K!<lA3U     Q     aZȄ            }F      $MBOT_ENCODERSN !     D     n l d      !       DMBOT_IMU]?B# nA} AF> ހ>f܀A9     Q     Qnr	lX          "       $MBOT_ENCODERSN n     E      np h d      #       DMBOT_IMU]?B# @TA\  A     Q     Z4m
'          $ x      $MBOT_ENCODERSN @T     E`     n ` d      % M?      MBOT_MOTOR_COMMAND8m            @      & eK      DMBOT_IMU]?B# 3 @  @$ȇ>ǉAw\     Q     _
a          ' gK      $MBOT_ENCODERSN      E     o9 e e      ( 1      DMBOT_IMU]?B# ܾ@   @4oA     Q     ^ռ"P          ) ,      $MBOT_ENCODERSN ܾ     F)     o d g      * [      DMBOT_IMU]?B# *4 @  @?PTAN~     Q     cHi          + w      $MBOT_ENCODERSN *     F     p Z f      , O      DMBOT_IMU]?B# y=A=t >; AJ ǰC@Py     Q     \ʼ#/          - Q      $MBOT_ENCODERSN y=     F     pm B g      .       DMBOT_IMU]?B# ǍB# Bs Bd ?T$@     Q     3໤
          / B      $MBOT_ENCODERSN Ǎ     F     p  h      0 b      DMBOT_IMU]?B# Bs* ICP 3h@@AH׭     Q     _5;%a          1       $MBOT_ENCODERSN      F     q?  j      2 	H      MBOT_MOTOR_COMMAND8m            @      3 :      DMBOT_IMU]?B# cBd B'<Ct@>K!?@E6     Q     L#;ZJ          4 <      $MBOT_ENCODERSN c     F     q p      5 B      DMBOT_IMU]?B# B= e~ Cw?fA]2     Q     <W><΋          6       $MBOT_ENCODERSN      F     r  q      7 e      DMBOT_IMU]?B#  A B#рCM@޶=8@1     Q     <<<34          8 W      $MBOT_ENCODERSN       F     r x      9 %9      DMBOT_IMU]?B# NAY @p C%>\GA<=     Q     =o<OwEU3          : '4      $MBOT_ENCODERSN N     F     s u      ; tG      DMBOT_IMU]?B# hA	 A C@5;$@     Q     =t<a          < w      $MBOT_ENCODERSN h     F     s v      =       DMBOT_IMU]?B#  Ag C?>A&G     Q     = <ڿ          >       $MBOT_ENCODERSN      Fq     s r      ?       MBOT_MOTOR_COMMAND8m            @      @ l      DMBOT_IMU]?B# 8Ij?j` C@pEHlVA#     Q     <q<F          A       $MBOT_ENCODERSN 8     FI     td o      B ]      DMBOT_IMU]?B# 7X A C⟠@4A)}     Q     ;ˌ<g|r           C _      $MBOT_ENCODERSN 7     F!     t m      D       DMBOT_IMU]?B# ՙv (CxpA>$?<AH     Q     W(<:ݿT          E       $MBOT_ENCODERSN ՙ     E     u9 h      F       DMBOT_IMU]?B# #` B+$CPA)WOB
      Q     "8<C/tI          G       $MBOT_ENCODERSN #     E     u [      H H!      DMBOT_IMU]?B# qH2 & Cr@'gAR(     Q     r$<X
R          I J      $MBOT_ENCODERSN q     E     u P      J j      MBOT_MOTOR_COMMAND8m            @      K       DMBOT_IMU]?B# A& Au CĘ @?@?r     Q     T;ϋ          L       $MBOT_ENCODERSN      Ew     v1 M      M       DMBOT_IMU]?B# dz  p C6>fFAXV     Q     ]< 6x          N       $MBOT_ENCODERSN d     EL     v O      O 3       DMBOT_IMU]?B# \@ @  CIP?y@     Q     $;5þ\          P 4      $MBOT_ENCODERSN \     E!     v Q      Q %      DMBOT_IMU]?B# |@ oB C @Jv=lA6j     Q     2
;bF          R       $MBOT_ENCODERSN |     D     w! P      S V      DMBOT_IMU]?B# @ @ C@N\hAG     Q     $/;1Q=          T t      $MBOT_ENCODERSN      D     wq P      U 7      MBOT_MOTOR_COMMAND8m                      V ?      DMBOT_IMU]?B# G nH CƉ=>2     Q     ZJ8 xI>          W        $MBOT_ENCODERSN G     D     w Q      X k      DMBOT_IMU]?B# 4z  @ C?sːA     Q     ճX>          Y n      $MBOT_ENCODERSN 4     Dn     x N      Z       DMBOT_IMU]?B# Ͼ@  Cp@`;LA^     Q     仄:D?          [       $MBOT_ENCODERSN      DD     x^ N      \       DMBOT_IMU]?B# 20>; ? Cp@W@A-     Q     ϻR?$          ]        $MBOT_ENCODERSN 20     D$     x G      ^ V      DMBOT_IMU]?B# ? P C ?ӻ+:A0\     Q     #c3.?A          _ X      $MBOT_ENCODERSN      D     x <      ` `      DMBOT_IMU]?B# >; $ C`@J8YPBA5,     Q     7a-?Y          a Y      $MBOT_ENCODERSN      D     y 3      b       MBOT_MOTOR_COMMAND8m                      c       DMBOT_IMU]?B# )@l @3 CLH@+:3>A     Q     -hϼV?n          d       $MBOT_ENCODERSN )     D     y? +      e A      DMBOT_IMU]?B# jb d B@@eRAF     Q     4?{}          f C2      $MBOT_ENCODERSN jb     C     yg (      g       DMBOT_IMU]?B# ? @ B?fٝA!s     Q     -nm?          h       $MBOT_ENCODERSN      C     y $      i P      DMBOT_IMU]?B# @@  BY@3|:AN<     Q     $mx?z          j ߏ      $MBOT_ENCODERSN      C     y        k +M      DMBOT_IMU]?B# T?K  ? Bn???A)8     Q     %/?%          l -      $MBOT_ENCODERSN T     C     y       m y      DMBOT_IMU]?B# > Z B~ ??a?A:0     Q     #PJ?          n {      $MBOT_ENCODERSN      C     y       o       DMBOT_IMU]?B# P@K  O Bsi6?sA$x     Q     $y?l          p       $MBOT_ENCODERSN P     C     z       q       MBOT_MOTOR_COMMAND8m                      r f      DMBOT_IMU]?B# ?@ ? B@>4=>A~_     Q     (?"          s       $MBOT_ENCODERSN ?     C     z         t d      DMBOT_IMU]?B# G?  B~-)A     Q     )'μX~?          u g+      $MBOT_ENCODERSN G     C     z2         v       DMBOT_IMU]?B# ? 7 B&<@OA      Q     +Yټ?=          w       $MBOT_ENCODERSN      C     zJ       x  g      DMBOT_IMU]?B# *? > BY@>05ZAN     Q     2众Q?          y Z      $MBOT_ENCODERSN *     C     z`       z N      DMBOT_IMU]?B# xEz    BI?-(AW     Q     6LS?(e          { P      $MBOT_ENCODERSN xE     C     zw       |       DMBOT_IMU]?B#  ? Bt$ ?<5A'     Q     8켖~?          }       $MBOT_ENCODERSN      C     z       ~       MBOT_MOTOR_COMMAND8m                             DMBOT_IMU]?B# Gj` @ BSm >xǉA>K     Q     DK?`           -      $MBOT_ENCODERSN G     C     z        9P      DMBOT_IMU]?B# b A B/?QG":A     Q     nhf5?           ;      $MBOT_ENCODERSN b     C     z                DMBOT_IMU]?B# K @ AN =x~A     Q     CBL?/                 $MBOT_ENCODERSN K     C     z                DMBOT_IMU]?B# :X @ A% =>;A     Q     "I?x0                 $MBOT_ENCODERSN :     C     z   	       $5      DMBOT_IMU]?B# MR @@ A 5A ?     Q     荼?           &g      $MBOT_ENCODERSN M     C     z   
       \      MBOT_MOTOR_COMMAND8m        ?             r      DMBOT_IMU]?B#   @CP Aݮ <kA&l     Q     7?"           t$      $MBOT_ENCODERSN      C     z   
       U      DMBOT_IMU]?B# G8 @X AO sI)A"     Q     Ѐ?R           ?      $MBOT_ENCODERSN      C     z  
             DMBOT_IMU]?B# 7} @ ( A @XyAi     Q     ]|?4                 $MBOT_ENCODERSN 7     D     z         \      DMBOT_IMU]?B#  @$ @ ?Ȅ%A     Q     Իl ?           ^      $MBOT_ENCODERSN      D     {               DMBOT_IMU]?B# pp ` A& @\     Q     =ػ	?w,           3      $MBOT_ENCODERSN p     D:     {          %      DMBOT_IMU]?B# "; @ A( @Aڹ     Q     xA2?@Z           G      $MBOT_ENCODERSN "     Dg     {G - (       F      DMBOT_IMU]?B# p$ ?  Ap 5ADX     Q     	%9w9$?           H      $MBOT_ENCODERSN p     D     { 7 :       U      DMBOT_IMU]?B# @b     =z  ?-D
gA)=     Q     
:ޛ?            }      $MBOT_ENCODERSN      D     { D I       ת      MBOT_MOTOR_COMMAND8m        ?                   DMBOT_IMU]?B#  ?Z     ?OzWuA#     Q     ::&B?]           y      $MBOT_ENCODERSN       E0     | N U        2      DMBOT_IMU]?B#  [ ? A TABg     Q     m:MN?(            4*      $MBOT_ENCODERSN  [     E     |z X [              DMBOT_IMU]?B#  @ @ A] @h@AX     Q     +;*ʾ?                  $MBOT_ENCODERSN       E     | \ [              DMBOT_IMU]?B#   @ A @z(AB     Q     O;('?                  $MBOT_ENCODERSN       FA     }2 ] ]       !      DMBOT_IMU]?B# !E@3 @7 B@*|?ƞAO     Q     U;f?H           !N      $MBOT_ENCODERSN !E     F     } ^ ^       !jt      DMBOT_IMU]?B# !?+ @V B" @acRǱ@1y     Q      d>;v?           !l      $MBOT_ENCODERSN !     F     } ` ^       !]      MBOT_MOTOR_COMMAND8m        ?             !      DMBOT_IMU]?B# !f@ j` BLՀAvd@#AZp     Q     ";~?w           !?      $MBOT_ENCODERSN !f     G_     ~M ` _       "      DMBOT_IMU]?B# "0@/ ?` B\7 /g@}     Q     )Ђ;g?"           "	      $MBOT_ENCODERSN "0     G     ~ a `       "T      DMBOT_IMU]?B# "~A X B_% @Z^@ݼA>W     Q     (;2"?ڣ           "V      $MBOT_ENCODERSN "~     H      _ a       "      DMBOT_IMU]?B# "BNɀkAȯ @'?A4     Q     PcD??           "      $MBOT_ENCODERSN "     H}     y ^ k       "a      DMBOT_IMU]?B# #` A8 B @|A8rA0v     Q     Q?x;           "      $MBOT_ENCODERSN #     H      a d       #2      MBOT_MOTOR_COMMAND8m                   #@      DMBOT_IMU]?B# #if@ g AB @c?\1A>9     Q     弁?ż           #A      $MBOT_ENCODERSN #if     I@     F b i       #      DMBOT_IMU]?B# #wDJ A B5ԲAFD     Q     ay?;           #      $MBOT_ENCODERSN #w     I      c j       #      DMBOT_IMU]?B# $@+  A @ʮ/?7@\     Q     sἔv?ǋi           #      $MBOT_ENCODERSN $     J	      f a       $*V      DMBOT_IMU]?B# $SA( A Y @8l|At0<     Q     ߙ_(T?%           $,K      $MBOT_ENCODERSN $S     Jp     Y g H       $xJ      DMBOT_IMU]?B# $  ®@@@@p     Q     ܘ:?           $zs      $MBOT_ENCODERSN $     J     ~ j %       $)      DMBOT_IMU]?B# $SAlT B@@:F?A	W     Q     lx?K           $.      $MBOT_ENCODERSN $S     KH      n        $M      MBOT_MOTOR_COMMAND8m                   %      DMBOT_IMU]?B# %>wG8  {$@A      Q     [ڠ ?<U           %,      $MBOT_ENCODERSN %>w     K     u q       %c      DMBOT_IMU]?B# %A=t Az ï@l`AXV     Q     V8?           %e      $MBOT_ENCODERSN %     L+     k r       %      DMBOT_IMU]?B# %.R   ?r@@     Q     WR6?           %      $MBOT_ENCODERSN %.     L     X s       %      DMBOT_IMU]?B# &)4A ; 0>AX("     Q     g_?           &      $MBOT_ENCODERSN &)4     M     ? r       &N)      DMBOT_IMU]?B# &w\A5 YAO@!F     Q     <䚒?Wf           &Pz      $MBOT_ENCODERSN &w\     M      s       &      DMBOT_IMU]?B# &ōAk 7 W@l ·     Q     j.`>?.V           &)      $MBOT_ENCODERSN &ō     M      n       &      DMBOT_IMU]?B# '$ A3 ?5@݈     Q     Ｗ@>?KT           &      $MBOT_ENCODERSN '     NX      g       '8       DMBOT_IMU]?B# 'a@ (  `Oh!Ap#     Q     a>
           ':=      $MBOT_ENCODERSN 'a     N      _       '      DMBOT_IMU]?B# '2 A ѧ4(t@0<     Q     i>Xs           '      $MBOT_ENCODERSN '     O     h Y       '      DMBOT_IMU]?B# 'B	   VBE@~QAle     Q     '6tʷ=â           '      $MBOT_ENCODERSN 'B     Oe     = U       '      MBOT_MOTOR_COMMAND8m                       (#p      DMBOT_IMU]?B# (Lu@ | @@>A     Q     [Ѽ_}ͽ           (%G      $MBOT_ENCODERSN (Lu     O      R       (qp      DMBOT_IMU]?B# ( Agr ø9'@vf     Q     #Q=ӶJ`           (s?      $MBOT_ENCODERSN (     P      M       (      DMBOT_IMU]?B# ( ި áP3@@     Q     eߒ	oww           (      $MBOT_ENCODERSN (     PJ      F       )B      DMBOT_IMU]?B# )7Tj` A Ê  <iUifA`^      Q     bw           )      $MBOT_ENCODERSN )7T     P      >       )\      DMBOT_IMU]?B# )G8  q6 	m @_<     Q     ˢ.           )_       $MBOT_ENCODERSN )     P      6       )x      DMBOT_IMU]?B# )g?0 AA\ ;@7E?"'Ad     Q     ȹ]1           )]      $MBOT_ENCODERSN )g     P      .         )z      DMBOT_IMU]?B# *!?@ p `A)A%     Q     "~g           )B      $MBOT_ENCODERSN *!     Q      +         *
      MBOT_MOTOR_COMMAND8m                       *F      DMBOT_IMU]?B# *o? @?h @?l+K6A$     Q     U;6,o           *Hj      $MBOT_ENCODERSN *o     Q?      (         *      DMBOT_IMU]?B# *0 @^ ½.> A     Q     B:	5t           *      $MBOT_ENCODERSN *     Qe      &         *      DMBOT_IMU]?B# +  V ¢VھHRA!=<     Q     Eq;'ֿ=w           *      $MBOT_ENCODERSN +     Q      $         +2      DMBOT_IMU]?B# +Z?+ @ ?)b>lA     Q     #;DGD           +42      $MBOT_ENCODERSN +Z     Q      "         +      DMBOT_IMU]?B# +' @ @a?5A     Q     %;/J~           +      $MBOT_ENCODERSN +     Q                +      DMBOT_IMU]?B# +G8 @ ¬@?C)>AM     Q     ;5>KQp           +      $MBOT_ENCODERSN +     Q              ,      DMBOT_IMU]?B# ,E"@O @ ¯+EAFу     Q     ;R4ZS           ,      $MBOT_ENCODERSN ,E"     R               ,0      MBOT_MOTOR_COMMAND8m                       ,j      DMBOT_IMU]?B# ,} ?K  w@vaA5     Q     E;_#a,           ,l      $MBOT_ENCODERSN ,}     R               ,      DMBOT_IMU]?B# ,W?p >  @A8!     Q     ";~̿gX           ,      $MBOT_ENCODERSN ,W     R4               -/      DMBOT_IMU]?B# -/j` @ ( ?Z{п3WA"     Q     c;bnP           -[      $MBOT_ENCODERSN -/     RM               -T      DMBOT_IMU]?B# -}K      @?,tma?A     Q     
^;tX           -V~      $MBOT_ENCODERSN -}     Rc               -      DMBOT_IMU]?B# -  =  䀾	y>!A     Q     M`;qz           -      $MBOT_ENCODERSN -     Ry               -      DMBOT_IMU]?B# .: ? >uA&     Q     ;忀tw           -      $MBOT_ENCODERSN .:     R               .\      MBOT_MOTOR_COMMAND8m                        .?H      DMBOT_IMU]?B# .hf @  U>(HA*     Q     B;zp           .A8      $MBOT_ENCODERSN .hf     R               .S      DMBOT_IMU]?B# .; ?j` v 5?I`A-S     Q     ?;z@l           .K      $MBOT_ENCODERSN .     R               .2      DMBOT_IMU]?B# /+ ?Z n	?@1A-N     Q     "J#;           .      $MBOT_ENCODERSN /     R               /)|      DMBOT_IMU]?B# /S>z  > g3=33A,m     Q     *h;_8           /+b      $MBOT_ENCODERSN /S     R               /xE      DMBOT_IMU]?B# /7> ?z  Q ;lA     Q     *U^;Z          	 /z      $MBOT_ENCODERSN /7     R              
 /-      DMBOT_IMU]?B# /az  =  NɀAR:?UA*     Q     .I;R           /\      $MBOT_ENCODERSN /a     S               0%      DMBOT_IMU]?B# 0=| ?Z ? A.}     Q     1 l;R           0      $MBOT_ENCODERSN 0=|     S               0ba      DMBOT_IMU]?B# 0@ z  ; N?A8     Q     3;5           0d%      $MBOT_ENCODERSN 0     S               0      DMBOT_IMU]?B# 0z  @ %
 >z
!A#b     Q     3;YH           0      $MBOT_ENCODERSN 0     S.               1       DMBOT_IMU]?B# 1(V=z  z  & {>UA"
     Q     6a;(ѿs           1K      $MBOT_ENCODERSN 1(V     S;               1	      MBOT_MOTOR_COMMAND8m        ?             1Ms      DMBOT_IMU]?B# 1ve; > >=r>A,     Q     9;(           1O_      $MBOT_ENCODERSN 1ve     SG               1      DMBOT_IMU]?B# 1}; ?p F ?X]{AJ     Q     > ;濛           1      $MBOT_ENCODERSN 1}     SU              1      DMBOT_IMU]?B# 2 @  #2DA2v     Q     U_;Ƀ͍           1      $MBOT_ENCODERSN 2     Se              27      DMBOT_IMU]?B# 2`> t  vؿA"N     Q     uj;i           29)      $MBOT_ENCODERSN 2`     Sz               2d      DMBOT_IMU]?B# 2fG8 @` Y ?C)9'AM}     Q     r%;E翟q           2^      $MBOT_ENCODERSN 2f     S     !  !       2/      MBOT_MOTOR_COMMAND8m        ?              2N      DMBOT_IMU]?B# 2f@b  R ?=$AE     Q     3(;ԿT          ! 2Z      $MBOT_ENCODERSN 2f     S     O * .      " 3"      DMBOT_IMU]?B# 3K@p ?` X tߟ\A(     Q     c;V          # 3$      $MBOT_ENCODERSN 3K     S      7 9      $ 3p!      DMBOT_IMU]?B# 3L @  @ @J8Yd}@"h     Q     ];2          % 3q      $MBOT_ENCODERSN 3     T<      D F      & 3r      DMBOT_IMU]?B# 3@   !" L'A?     Q     U;q,          ' 3Q      $MBOT_ENCODERSN 3     T     # Q U      ( 4      DMBOT_IMU]?B# 46h ? : ?'fA/7     Q     q;βӿC          ) 4      $MBOT_ENCODERSN 46     T      V ^      * 4\      DMBOT_IMU]?B# 4@nH &  &k? A 
     Q     E;᏿,          + 4^      $MBOT_ENCODERSN 4     U?      \ b      , 4q}      MBOT_MOTOR_COMMAND8m                      - 4t      DMBOT_IMU]?B# 4҈ ? P @1]RYA20     Q     `;[oM          . 4j      $MBOT_ENCODERSN 4҈     U     E ] b      / 4      DMBOT_IMU]?B# 5 ?   o S:A2     Q     ;Ð          0 4      $MBOT_ENCODERSN 5      U      Z b      1 5Ec      DMBOT_IMU]?B# 5n$N& ?kAs     Q     Gm8A          2 5G      $MBOT_ENCODERSN 5n     V@      J T      3 5G      DMBOT_IMU]?B# 5-v   ( a<@1@     Q     %v/B0          4 5<      $MBOT_ENCODERSN 5-     V     A @ F      5 5f      DMBOT_IMU]?B# 6JA As* K  @*N?UAJ7     Q     )Լ          6 5G      $MBOT_ENCODERSN 6J     V     x 9 7      7 6      MBOT_MOTOR_COMMAND8m            @      8 600      DMBOT_IMU]?B# 6Y\@ @ AM ?g~@ @ï     Q     6üqa!          9 62      $MBOT_ENCODERSN 6Y\     V      1 -      : 6~p      DMBOT_IMU]?B# 6BG @@ AL >@AJrL     Q     *9          ; 6      $MBOT_ENCODERSN 6     W      - )      < 6̔      DMBOT_IMU]?B# 6A / @ ӻ@sA5#     Q     i*7Q9          = 6u      $MBOT_ENCODERSN 6     W8      ! -      > 79      DMBOT_IMU]?B# 7D%B	sAF> BF @A)=     Q     @dz^W          ? 7      $MBOT_ENCODERSN 7D%     WI     .  3      @ 7ik      DMBOT_IMU]?B# 7{A
 ; CO45@     Q     ;ʥq          A 7k      $MBOT_ENCODERSN 7{     WL     f  8      B 7      DMBOT_IMU]?B# 7$ @} CH`	A:>     Q     9~gY#          C 7S      $MBOT_ENCODERSN 7     WJ      <      D 7r      MBOT_MOTOR_COMMAND8m                      E 8~      DMBOT_IMU]?B# 8.¦aB C\ @
ڍmp@     Q     >;@          F 8      $MBOT_ENCODERSN 8.     WH      B      G 8S      DMBOT_IMU]?B# 8| x CI1?c@     Q     %3<*b%7          H 8Uq      $MBOT_ENCODERSN 8|     WD     & B      I 8      DMBOT_IMU]?B# 8@P >z  CE?͘ws@R     Q     )<g/p9          J 8p      $MBOT_ENCODERSN 8     WB     [ 5      K 8t      DMBOT_IMU]?B# 9P3  Bz?J?>Ar     Q     )G<Dlb          L 8      $MBOT_ENCODERSN 9P     WB        '      M 9>N      DMBOT_IMU]?B# 9g_AX  BO@?AhYt     Q     < YC          N 9@      $MBOT_ENCODERSN 9g_     WD             O 9`      DMBOT_IMU]?B# 9d?K  @ B @.@JfAM     Q     D;j0Sf          P 9      $MBOT_ENCODERSN 9d     WJ             Q 9      MBOT_MOTOR_COMMAND8m                      R 9k      DMBOT_IMU]?B# :3 @p B ?!@GA>     Q     <TO2          S 9ܿ      $MBOT_ENCODERSN :     WX             T :(      DMBOT_IMU]?B# :Q?   Afx ?Q??A/     Q     %;gڿM*(          U :+^      $MBOT_ENCODERSN :Q     Wd             V :w      DMBOT_IMU]?B# :+`   AR =0GA+yd     Q     ];ϡL          W :y      $MBOT_ENCODERSN :+     Wt             X :j      DMBOT_IMU]?B# :O? @ A?h ?=rA$     Q     ;ۿJZ          Y :      $MBOT_ENCODERSN :O     W             Z ;      DMBOT_IMU]?B# ;<>z  ' A. >nd0GA     Q     ;ETI           [ ;@      $MBOT_ENCODERSN ;<     W     &        \ ;a      DMBOT_IMU]?B# ; =z  A] >dMM,A     Q     \;=cH߿          ] ;d      $MBOT_ENCODERSN ;     W     7        ^ ;t      MBOT_MOTOR_COMMAND8m        ?            _ ;      DMBOT_IMU]?B# ;> p A& Ւ뿘A      Q     ^;F%Gɇ          ` ;R      $MBOT_ENCODERSN ;     W     H        a ;      DMBOT_IMU]?B# <'#   AR >FxaA     Q     Ҕ;Y$F          b < Q      $MBOT_ENCODERSN <'#     W     Y        c <L      DMBOT_IMU]?B# <uWp  A >!]A\     Q     ;EI          d <N      $MBOT_ENCODERSN <uW     W     l        e <A      DMBOT_IMU]?B# <j ? A >AnA     Q     !I;E          f <i      $MBOT_ENCODERSN <j     W             g <      DMBOT_IMU]?B# = P @ >cLA     Q     +ρ;1DN%          h <      $MBOT_ENCODERSN =     W             i =7      DMBOT_IMU]?B# =_$ ` @z  @A7Y     Q     4<;ȋC          j =9      $MBOT_ENCODERSN =_     X      & )      k =w8      MBOT_MOTOR_COMMAND8m        ?            l =      DMBOT_IMU]?B# =3X ?@ @d P\YAv     Q     :;C          m =.      $MBOT_ENCODERSN =3     XO      4 7      n =>      DMBOT_IMU]?B# =q  ?+ @+ @%CAA(     Q     A;ICa          o =j      $MBOT_ENCODERSN =q     X     D B E      p >       DMBOT_IMU]?B# >J7 / ? @	yC@n     Q     E;!CH          q >"      $MBOT_ENCODERSN >J7     X      N R      r >o"      DMBOT_IMU]?B# >?  3  vA|-@L     Q     G*;tC)J          s >q)      $MBOT_ENCODERSN >     Y3      T Z      t >      DMBOT_IMU]?B# >B@ AmN ?)Arn     Q     ;BL          u >c      $MBOT_ENCODERSN >     Y     I V Y      v ?      DMBOT_IMU]?B# ?5@Aa  A% ?X@+     Q     :z;qy¿@          w ?      $MBOT_ENCODERSN ?5@     Y      X V      x ?Gd      MBOT_MOTOR_COMMAND8m                      y ?Y      DMBOT_IMU]?B# ?A  B7=a'iоA,     Q     N;sd=R          z ?\=      $MBOT_ENCODERSN ?A     Z<      [ Y      { ?z      DMBOT_IMU]?B# ?{A>n  A @!?@JKAK     Q     vQ;9޿:          | ?      $MBOT_ENCODERSN ?{     Z     P V X      } ?x      DMBOT_IMU]?B# @0 @V A@ ? D_?A#+     Q     !;9          ~ ?      $MBOT_ENCODERSN @     Z      J K       @D      DMBOT_IMU]?B# @mA8  A ?g?[A8X$     Q     ;O7w           @GU      $MBOT_ENCODERSN @m     [      > ?       @      DMBOT_IMU]?B# @=A     Ad ?~OA5]     Q     sC;I6u           @3      $MBOT_ENCODERSN @=     [O      5 8       @      MBOT_MOTOR_COMMAND8m                       @      DMBOT_IMU]?B# A+ ? A0 |cAC     Q     Oͧ;#%5           @}      $MBOT_ENCODERSN A     [     D 1 2       A/      DMBOT_IMU]?B# AX@ ?p @Z @!@dARm     Q     Y;;H1x4           A1      $MBOT_ENCODERSN AX     [     p * ,       A}      DMBOT_IMU]?B# AAJ  ; >y>A	     Q     [:KT4H           A      $MBOT_ENCODERSN A     [      * )       A0      DMBOT_IMU]?B# AnH  @ @@:,AW     Q     "m:3V4E           AY      $MBOT_ENCODERSN A     [      & %       B      DMBOT_IMU]?B# BC#O ?K  d .K@HtA(     Q     #:$4jQ           B8      $MBOT_ENCODERSN BC#     \      " #       Bhc      DMBOT_IMU]?B# B'u @} b N?$1A1     Q     :mv45           BjQ      $MBOT_ENCODERSN B'     \<                B      MBOT_MOTOR_COMMAND8m        ?             B{      DMBOT_IMU]?B# Bߕ$   3?A9B     Q     2 :S4           B^      $MBOT_ENCODERSN Bߕ     \Z              CF      DMBOT_IMU]?B# C-@  >@ 3 >*|?;A (     Q     *:5           C      $MBOT_ENCODERSN C-     \v     9         CR      DMBOT_IMU]?B# C{C @  >7A     Q     Bj:п5>           CU
      $MBOT_ENCODERSN C{     \     R         C       DMBOT_IMU]?B# C0 @+ @ @A'm     Q     o:&SD5$           C      $MBOT_ENCODERSN C     \     h         C5      DMBOT_IMU]?B# DM ?Z @; ?hf
RA     Q     :74(           C9      $MBOT_ENCODERSN DM     \              D/      MBOT_MOTOR_COMMAND8m                       DA!      DMBOT_IMU]?B# Df Z ?` ?]ɮ\AC     Q     |y:bP4           DA=      $MBOT_ENCODERSN Df     \        "       DN      DMBOT_IMU]?B# D@ ?   (?Td}A2     Q     4à           D\      $MBOT_ENCODERSN D     ]      & )       D      DMBOT_IMU]?B# E@ X @?h ?dMs&P@>     Q     bz`A4           D1      $MBOT_ENCODERSN E     ]$      " $       E(      DMBOT_IMU]?B# EQA?h ? @+ ?Td}A     Q     JٺK4U           E*      $MBOT_ENCODERSN EQ     ]B              Ev      DMBOT_IMU]?B# E'@ > @nH ??A$.     Q     i*o4           Ex      $MBOT_ENCODERSN E'     ]^     ,         Ev      DMBOT_IMU]?B# E@  @@ >z  ?6S>sA%     Q     2պ 3           EƠ      $MBOT_ENCODERSN E     ]z     I         EG      MBOT_MOTOR_COMMAND8m                   F      DMBOT_IMU]?B# F;'   ?j` >M?A*     Q     1rT%3́           F      $MBOT_ENCODERSN F;     ]     e         F`      DMBOT_IMU]?B# F=z  =z   ?߳CBdA     Q     &}<4           Fcm      $MBOT_ENCODERSN F     ]     y         F      DMBOT_IMU]?B# FX  ƀ@	*UAF     Q     E#$6G           F      $MBOT_ENCODERSN F     ]      !        F      DMBOT_IMU]?B# G&'A j` @@J>|A)     Q      .=~           F9      $MBOT_ENCODERSN G&'     ]      %         GK      DMBOT_IMU]?B# GtQ @3 @㿿A}     Q     QsI           GM      $MBOT_ENCODERSN GtQ     ^'     { -       G{      MBOT_MOTOR_COMMAND8m                       G      DMBOT_IMU]?B# G @ 4{ ?<A/b     Q     *e-Xl           Gz      $MBOT_ENCODERSN G     ^Z     p 3       G      DMBOT_IMU]?B# Hz   C?8AM     Q     6rĿjA           G]      $MBOT_ENCODERSN H     ^     d /       H6      DMBOT_IMU]?B# H_C@, @P | 36>>A_     Q     )λHyA           H8@      $MBOT_ENCODERSN H_C     ^     [ +       H      DMBOT_IMU]?B# H"=  ?  @=>>A(     Q     k~=b>R           H      $MBOT_ENCODERSN H"     ^     X $       H,      DMBOT_IMU]?B# H9@d @@ §@(]>A b     Q     
*4           H      $MBOT_ENCODERSN H9     ^     \         I       DMBOT_IMU]?B# IIO } {8R:?dA      Q      ͺ!?           I"m      $MBOT_ENCODERSN II     _     d         Io]      DMBOT_IMU]?B# IX ?p q ?t8A%6     Q     矺fY-           Ip      MBOT_MOTOR_COMMAND8m                       IqE      $MBOT_ENCODERSN I     _#     m  	       I      DMBOT_IMU]?B# I @  f$>yA/ݶ     Q      Jg           I2      $MBOT_ENCODERSN I     _3     u         J:      DMBOT_IMU]?B# J4O=z  z  u =|	>A!=<     Q     濎j           J7      $MBOT_ENCODERSN J4O     _@     }         JY      DMBOT_IMU]?B# Jg ?+ * p?oRA(Z     Q     'w           J[Y      $MBOT_ENCODERSN Jg     _K              J      DMBOT_IMU]?B# JДK  > 9 y>|-A$K_     Q     3P8;=           J      $MBOT_ENCODERSN JД     _U      
        JJ      DMBOT_IMU]?B# KK    >z  M >a'5A$     Q     78?            J{      $MBOT_ENCODERSN KK     __      
        KC      DMBOT_IMU]?B# Klv z  $ e>m|A#F     Q     FLI$ÿV           KE      $MBOT_ENCODERSN Kl     _h      	        K      DMBOT_IMU]?B# K"; =z  \ =x=lA$     Q     P18Lǿ           K      $MBOT_ENCODERSN K"     _q      	        K,      DMBOT_IMU]?B# L	 ?K  " >)A!     Q     Wl9           KL      $MBOT_ENCODERSN L	     _w              K      MBOT_MOTOR_COMMAND8m        ?             L.       DMBOT_IMU]?B# LWr  ; >U>7A$x     Q     W894D	           L/      $MBOT_ENCODERSN LWr     _~              L}      DMBOT_IMU]?B# L^b ?  mpA      Q     eC
:ɑ           L=      $MBOT_ENCODERSN L^     _              L      DMBOT_IMU]?B# L7CP >; @  6hA#F     Q     8l:i1`           Ḽ      $MBOT_ENCODERSN L7     _      
        M      DMBOT_IMU]?B# MB @ >z  dgA(u     Q     Xy:F`           M      $MBOT_ENCODERSN MB     _              Mg%      DMBOT_IMU]?B# M<  @d @ hiAkA:@     Q     w::53           Mh      $MBOT_ENCODERSN M<     _              M      MBOT_MOTOR_COMMAND8m        ?             M(      DMBOT_IMU]?B# My?+ ? @ ?gKA?     Q     ;響O           M      $MBOT_ENCODERSN My     _      $ '       N      DMBOT_IMU]?B# N,@r0 ?; @ ?8<A:Q     Q     ;Ί           N      $MBOT_ENCODERSN N,     `     : 5 6       NQ      DMBOT_IMU]?B# Nz ? @X ?տA6Q     Q     ;Db[           NS      $MBOT_ENCODERSN Nz     `R      C E       N      DMBOT_IMU]?B# N@+ ?  8IA`     Q     h;mZN           N      $MBOT_ENCODERSN N     `      N P       N      DMBOT_IMU]?B# O;@R v p }7mA/#     Q     ;80           N      $MBOT_ENCODERSN O;     `     ' R X       O6U      MBOT_MOTOR_COMMAND8m        ?             O=      DMBOT_IMU]?B# Og@ @G8 @ F
!A9s     Q     :0           O?      $MBOT_ENCODERSN Og     aJ      X ]       Ox      DMBOT_IMU]?B# O 	 AL >kA?.,     Q     Ѯ|:]zb           O      $MBOT_ENCODERSN O     a      V Y       Op      DMBOT_IMU]?B# P@ ? A| G"WM@\>     Q     һ?90?           O,      $MBOT_ENCODERSN P     a     9 Y \       P&      DMBOT_IMU]?B# PO, nH A @yA
     Q     cAsI           P(K      $MBOT_ENCODERSN PO     bS      Z \       Pu       DMBOT_IMU]?B# Pd@X @z  A @ |12@     Q     aP93u           Pw      $MBOT_ENCODERSN Pd     b      [ [       P      DMBOT_IMU]?B# PV @ Afx ???A     Q     r#:p7߿[           P      $MBOT_ENCODERSN PV     c     K X [       P܁      MBOT_MOTOR_COMMAND8m                       Q      DMBOT_IMU]?B# Q:@b ?  A& :FwAclC     Q     ۚ:c           Q      $MBOT_ENCODERSN Q:     ca      [ \       Q`      DMBOT_IMU]?B# Q$@j` @^ A?h v1ADL@     Q     ;"           QbD      $MBOT_ENCODERSN Q$     c       X Y       Q]      DMBOT_IMU]?B# QQV  Ac ?AG~     Q     ;            Q|      $MBOT_ENCODERSN QQ     d     O O O       Q       DMBOT_IMU]?B# R% ? @ _AD     Q     :О翌           Q      $MBOT_ENCODERSN R%     dC      ; ?       RJ      DMBOT_IMU]?B# RszA"  ? V?<A2v     Q     u/:ܿ&#          	  RL4      $MBOT_ENCODERSN Rsz     dt      1 3      	 RZ      MBOT_MOTOR_COMMAND8m            @      	 R      DMBOT_IMU]?B# RAhl ? @nH J׿$1A     Q     t:D9          	 R      $MBOT_ENCODERSN R     d      . 0      	 R      DMBOT_IMU]?B# S0 p @4 p?AAp     Q     &c:'ւ          	 Rl      $MBOT_ENCODERSN S     d      . .      	 S5      DMBOT_IMU]?B# S^@h @ @P >@8oA>j     Q     : 7          	 S6      $MBOT_ENCODERSN S^@     d     O $ 0      	 S      DMBOT_IMU]?B# S,B%Z BjyUABv     Q     88:E          		 S      $MBOT_ENCODERSN S,     e
       7      	
 S      DMBOT_IMU]?B# S^@ A: C`i]@s&PA
      Q     .<.e          	 S      $MBOT_ENCODERSN S^     e       7      	 T!>      DMBOT_IMU]?B# THK    CM?ѕ|-@]`     Q     ؞<ͿxQ1          	 T"      $MBOT_ENCODERSN TH     e       B      	 T%6      MBOT_MOTOR_COMMAND8m            @      	 Tm      DMBOT_IMU]?B# T  Cav@q@L@@-     Q     |G<d          	 To      $MBOT_ENCODERSN T     e     F G      	 T(      DMBOT_IMU]?B# Tg@  C^`@@Mh@M      Q     k;"Pg~          	 T<      $MBOT_ENCODERSN Tg     e      C      	 U
      DMBOT_IMU]?B# U39AP ? Ca )b޿zx@Q     Q     v;4<gV          	 U      $MBOT_ENCODERSN U39     d      =      	 UXV      DMBOT_IMU]?B# Ug? O CeF;~A^W     Q     H;|(/          	 UZV      $MBOT_ENCODERSN Ug     d      @      	 U      DMBOT_IMU]?B# U  Ck?>a?@a     Q     h}; }F          	 U      $MBOT_ENCODERSN U     d     H B      	 U      DMBOT_IMU]?B# VԿ+  Cn@`w> A.     Q     y;k          	 U      $MBOT_ENCODERSN V     d      A      	 VB      DMBOT_IMU]?B# Vk@ G8 Cl4=5OAz     Q     ^M;cё          	 VG|      $MBOT_ENCODERSN Vk     d      @      	 V      DMBOT_IMU]?B# Vk>z   Cul Q`,A^     Q     N;          	 V.      $MBOT_ENCODERSN Vk     d     	 @      	 VF      DMBOT_IMU]?B# Wul  Cz?@.
A      Q     n1;;Jr/          	  Vb      $MBOT_ENCODERSN Wu     d     J A      	! V      MBOT_MOTOR_COMMAND8m        ?            	" W-      DMBOT_IMU]?B# WV?p d Cy@?@
{AD     Q     dm;̾           	# W/      $MBOT_ENCODERSN WV     dv      B      	$ W{      DMBOT_IMU]?B# W@  @$ Cf@Ŀ EA5@:     Q     PX;>          	% W}      $MBOT_ENCODERSN W     dn      3      	& Wɬ      DMBOT_IMU]?B# W  CP@'=pA{     Q     9;7:k          	' W˕      $MBOT_ENCODERSN W     dx      
 %      	( Xs      DMBOT_IMU]?B# XAH | B @@FA(W     Q     x9S=/7          	) X$      $MBOT_ENCODERSN XAH     d       #      	* XfD      DMBOT_IMU]?B# Xu@\ @ AF> @=|G\A2     Q     2y=<          	+ XhC      $MBOT_ENCODERSN Xu     d     -  &      	, X      DMBOT_IMU]?B# Xݺ @fx @  @]@$Ap      Q     l;۽=C;          	- X      $MBOT_ENCODERSN Xݺ     d     Q + $      	. X      MBOT_MOTOR_COMMAND8m                      	/ Y      DMBOT_IMU]?B# Y-nA# > <z A     Q     Te:I=7\          	0 Y0      $MBOT_ENCODERSN Y-n     e      8 1      	1 YP      DMBOT_IMU]?B# Yyd ?z  { ?#@+:Aa     Q     {8;?=#          	2 YR      $MBOT_ENCODERSN Yy     eK      @ 9      	3 Y      DMBOT_IMU]?B# Y&@ Z P AܧA>W     Q     L^:r=
\          	4 Y:      $MBOT_ENCODERSN Y&     e      C A      	5 Y      DMBOT_IMU]?B# Zkx    |֍AO     Q     i:w?=
          	6 Y)      $MBOT_ENCODERSN Zk     e     4 8 8      	7 Z;      DMBOT_IMU]?B# Zd@ ?Z P .@I@S     Q     ɳ:<ψ          	8 Z=      $MBOT_ENCODERSN Zd     e     ` ) ,      	9 Z      DMBOT_IMU]?B# ZAgr   @ ? .0=t8A2i     Q     ::	,=0          	: Z      $MBOT_ENCODERSN Z     f      " !      	; Z      DMBOT_IMU]?B# [&Ad @V > >>|-Aڹ     Q     ,W:=c          	< Zٜ      $MBOT_ENCODERSN [&     f1        !      	= [&      DMBOT_IMU]?B# [OX?   z  |?A&     Q     tpf:=K#          	> [([      $MBOT_ENCODERSN [OX     fQ        !      	? [t      DMBOT_IMU]?B# [V   @X Y@vOA/ݶ     Q     {I':=ѽ          	@ [v      $MBOT_ENCODERSN [V     fp              	A [      DMBOT_IMU]?B# [ ? >; =5?YA%S     Q     L:_=p          	B [      $MBOT_ENCODERSN [     f              	C \v      DMBOT_IMU]?B# \9?  @D p?D%A$U&     Q     iE:=M          	D \9      $MBOT_ENCODERSN \9     f             	E \c      MBOT_MOTOR_COMMAND8m                  	F \_B      DMBOT_IMU]?B# \4@@ ? @fx ?2?UA!G     Q     k:,={          	G \a/      $MBOT_ENCODERSN \4     f     2        	H \      DMBOT_IMU]?B# \b '  @._hA#     Q     v@:3N=          	I \      $MBOT_ENCODERSN \     f     C        	J \      DMBOT_IMU]?B# ]$X  a@?:,A/     Q     ںnN<          	K \      $MBOT_ENCODERSN ]$     f     F        	L ]I      DMBOT_IMU]?B# ]rA @$ ǵ ?X@LozAW     Q     d`;~>%          	M ]K      $MBOT_ENCODERSN ]r     g     D "      	N ]      DMBOT_IMU]?B# ]G8 ^ `I>x	@     Q     nMP|          	O ]X      $MBOT_ENCODERSN ]     gD     @ +      	P ]      DMBOT_IMU]?B# ^ @8 (@ܢ9'AUu     Q               	Q ]N      $MBOT_ENCODERSN ^     gs     7 /      	R ^      MBOT_MOTOR_COMMAND8m                  	S ^5(      DMBOT_IMU]?B# ^^;>z    A@PcA]     Q     P!h          	T ^7_      $MBOT_ENCODERSN ^^;     g     ' 4      	U ^^      DMBOT_IMU]?B# ^@  \`E >)A$}     Q     ~lv          	V ^      $MBOT_ENCODERSN ^     g      6      	W ^      DMBOT_IMU]?B# ^ ? nH 1'A     Q     m"          	X ^      $MBOT_ENCODERSN ^     h      :      	Y _      DMBOT_IMU]?B# _G A z .KGtA8:     Q     ki          	Z _       $MBOT_ENCODERSN _G     hS      <      	[ _m      DMBOT_IMU]?B# _? >@ ~&?{MA5     Q     g^Ǿj          	\ _n      $MBOT_ENCODERSN _     h      :      	] _a      DMBOT_IMU]?B# _&?P A  Â?R: AH     Q     /ɏK          	^ _      $MBOT_ENCODERSN _&     h      <      	_ `	      DMBOT_IMU]?B# `21 @?h Ã@8YZ5A@=     Q     *߾D+If          	` `      $MBOT_ENCODERSN `21     i      =      	a `3e      MBOT_MOTOR_COMMAND8m                      	b `W      DMBOT_IMU]?B# `/ @ Æ7`ٿ"'A      Q     [C,          	c `Y      $MBOT_ENCODERSN `     iB     m <      	d `l      DMBOT_IMU]?B# `Ϋ@ @ ÁtFPA     Q     %<?[5          	e `      $MBOT_ENCODERSN `Ϋ     iy     R 7      	f `I      DMBOT_IMU]?B# a? @ S|@pA!     Q     xϻpпo-          	g `      $MBOT_ENCODERSN a     i     < 2      	h aA      DMBOT_IMU]?B# aj @} (F ca>m|A*     Q     K          	i aD      $MBOT_ENCODERSN aj     i     0 (      	j a3      DMBOT_IMU]?B# a5    @ ( b3VAi     Q     $96          	k a      $MBOT_ENCODERSN a5     i     - "      	l a      DMBOT_IMU]?B# blz   V>sA(     Q     ;E'          	m a      $MBOT_ENCODERSN bl     j     -         	n b->      DMBOT_IMU]?B# bU? > 6_EKA     Q     ǻn]          	o b.      $MBOT_ENCODERSN bU     j!     -         	p bK       MBOT_MOTOR_COMMAND8m        ?            	q b{      DMBOT_IMU]?B# b; / 	 C)MA     Q     E          	r b|      $MBOT_ENCODERSN b     j/     -         	s bȔ      DMBOT_IMU]?B# bX @ b >>Խ&|A$$     Q     Z⬿`          	t b      $MBOT_ENCODERSN b     j=     4        	u c      DMBOT_IMU]?B# c@i ?P ?+ "*A1     Q     +AM3um          	v c      $MBOT_ENCODERSN c@i     jK     E        	w ce      DMBOT_IMU]?B# ct  @ ?SA+     Q     ŕX0Ͽ%          	x cg      $MBOT_ENCODERSN ct     jZ     X        	y c      DMBOT_IMU]?B# cܟ@$ ?  @ @#+@e8     Q     .Dn          	z c      $MBOT_ENCODERSN cܟ     jp     u        	{ c      MBOT_MOTOR_COMMAND8m                      	| dt      DMBOT_IMU]?B# d,R /  ~GA8     Q     BRZ          	} dU      $MBOT_ENCODERSN d,     j      # +      	~ dOT      DMBOT_IMU]?B# dxԿK  ?p @z  @.6Ar3     Q     0"x          	 dQ      $MBOT_ENCODERSN dx     j      . 4      	 d      DMBOT_IMU]?B# dw?    @O $1A     Q      'GϮS          	 d0      $MBOT_ENCODERSN dw     j      7 :      	 dh      DMBOT_IMU]?B# e @3  }`YA!     Q     AT/Hf          	 d      $MBOT_ENCODERSN e     k%     ? - 1      	 e:      DMBOT_IMU]?B# ec@v  | X]YAQ     Q     1           	 e<]      $MBOT_ENCODERSN ec     kE     d   %      	 ee      DMBOT_IMU]?B# eA5   @ =&k?A*N     Q     3ڻq          	 e      $MBOT_ENCODERSN e     k_             	 e6      MBOT_MOTOR_COMMAND8m        ?            	 e֕      DMBOT_IMU]?B# e@4 @   >OAF     Q     c^׿X          	 e؅      $MBOT_ENCODERSN e     kz             	 f$      DMBOT_IMU]?B# fN @P P > =ozA,]     Q     ^^⿐j          	 f&      $MBOT_ENCODERSN fN      k             	 fsl      DMBOT_IMU]?B# fd ? =z  ?A     Q     \'c          	 fu      $MBOT_ENCODERSN f     k             	 f      DMBOT_IMU]?B# f   @ >SxA ѱ     Q     +C          	 f      $MBOT_ENCODERSN f     k             	 g5      DMBOT_IMU]?B# g8(  @ ?y
pA4&     Q     a8          	 g      $MBOT_ENCODERSN g8     k             	 g]]      DMBOT_IMU]?B# g?K  ? @( >=@<     Q     Js0ڌ          	 g_8      $MBOT_ENCODERSN g     l     0 $ %      	 g      DMBOT_IMU]?B# g@ ?; A ?EKsA_8     Q     J          	 g      $MBOT_ENCODERSN g     l;     _ . /      	 g      DMBOT_IMU]?B# h#ܿ  ?@ A	 >)@?@#     Q     (ѿ.          	 g      $MBOT_ENCODERSN h#     lw      < =      	 h1      MBOT_MOTOR_COMMAND8m                      	 hH      DMBOT_IMU]?B# hq@     @ I@4@[     Q     ֺv˿          	 hJ      $MBOT_ENCODERSN hq     l      G J      	 hI      DMBOT_IMU]?B# h@p z  @ @+A     Q     =;izI          	 hQ      $MBOT_ENCODERSN h     m     9 P S      	 hp      DMBOT_IMU]?B# i^  @ y ]AW *     Q     JK4vDL          	 ht      $MBOT_ENCODERSN i     m\      N R      	 i2      DMBOT_IMU]?B# i\+?  ; A+ @:CqFA     Q     Tֻ1"          	 i4      $MBOT_ENCODERSN i\+     m      B F      	 i      DMBOT_IMU]?B# i@ X AP @1n{#A0     Q     E(mG          	 i      $MBOT_ENCODERSN i     m      4 2      	 i      DMBOT_IMU]?B# inA5 +   >)b?A1d     Q     5ԿV          	 if      $MBOT_ENCODERSN in     m     . & +      	 iw      MBOT_MOTOR_COMMAND8m        ?            	 jt      DMBOT_IMU]?B# jFA  > @\ >h?8<Awu     Q     ڻwF          	 j}      $MBOT_ENCODERSN jF     n     U & '      	 jk:      DMBOT_IMU]?B# j @ ( @T >3?`A(~     Q     ]$tf          	 jl      $MBOT_ENCODERSN j     nB     y $ $      	 j      DMBOT_IMU]?B# j ?K  @ܴ >@A3~     Q     >kj          	 j      $MBOT_ENCODERSN j     nc      ! !      	 k:      DMBOT_IMU]?B# k1]@/   @ ?.qA     Q     IdLS          	 k
R      $MBOT_ENCODERSN k1]     n        #      	 kV      DMBOT_IMU]?B# k3 ?K  ? @λA     Q     -ML          	 kX      $MBOT_ENCODERSN k     n      ( *      	 k      MBOT_MOTOR_COMMAND8m            @      	 k+      DMBOT_IMU]?B# k͛F @V @@ ?@dAf"h     Q     873Ͽ          	 k      $MBOT_ENCODERSN k͛     n      ( ,      	 k^      DMBOT_IMU]?B# lA ?Z ? `P`k
!A      Q     ٻD]Z          	 kN      $MBOT_ENCODERSN l     o     D / 1      	 l@      DMBOT_IMU]?B# lj\ ? @V {ӿAP     Q     }ʻ	gT          	 lB9      $MBOT_ENCODERSN lj     o&      $ ?      	 l      DMBOT_IMU]?B# l$A. @d B UyHMA+G     Q     "J          	 l      $MBOT_ENCODERSN l$     o4       M      	 lc      DMBOT_IMU]?B# mxA nH BǕIA
AP     Q     J:ʿ          	 lR      $MBOT_ENCODERSN mx     o4     $   T      	 m(      MBOT_MOTOR_COMMAND8m            @      	 m-      DMBOT_IMU]?B# mV@ A CP0ZYAb=/     Q     T;|          	 m.      $MBOT_ENCODERSN mV     o2     z V      	 myq      DMBOT_IMU]?B# mp & C}Kxя@Dh     Q     ʜ;2j8          	 m{/      $MBOT_ENCODERSN m     o(      X      	 mǆ      DMBOT_IMU]?B# m  CҠA=AFAH;     Q     {;+ݿPBK          	 mS      $MBOT_ENCODERSN m     o     & T      	 n      DMBOT_IMU]?B# n?At$ P C?(A@"     Q     v;Cc3͕          	 n      $MBOT_ENCODERSN n?     n     w Q      	 nd      DMBOT_IMU]?B# nkAL O CL@J8Y@b     Q     ;$E          	 nf      $MBOT_ENCODERSN nk     n      P      	 n      DMBOT_IMU]?B# n۾ =t CP?SAG{     Q     3;KiW          	 nN      $MBOT_ENCODERSN n۾     n      S      	 o       DMBOT_IMU]?B# o) ` C?K_#AW^     Q     u:ypc          	 o/      $MBOT_ENCODERSN o)     n     m S      	 oO\      DMBOT_IMU]?B# ox@ 4 CP@]L@ײ     Q     mEQF          	 oQG      $MBOT_ENCODERSN ox     nU      Q      	 oQl      MBOT_MOTOR_COMMAND8m                      	 o      DMBOT_IMU]?B# oƳ   C?hbhAa     Q     Mq          	 o      $MBOT_ENCODERSN oƳ     n+      Q      	 o-      DMBOT_IMU]?B# p[@  Ci >)qAJ-     Q     _=2Ck          	 o      $MBOT_ENCODERSN p[     n     X I      	 p8      DMBOT_IMU]?B# pb`@  CP@);PTA'(     Q     )>!          	 p:      $MBOT_ENCODERSN pb`     m      @      	 p_      DMBOT_IMU]?B# p@ 3 C~@.XA߳     Q     x,]>|          	 pP      $MBOT_ENCODERSN p     m      7      	 pՎ      DMBOT_IMU]?B# pz  t C6@U?M,ABO     Q     >P          	 p      $MBOT_ENCODERSN p     m      0      	 q$      DMBOT_IMU]?B# qMd@ z  B@=տA-S     Q     BV>          	 q&      $MBOT_ENCODERSN qMd     m     ' (      	 qr      DMBOT_IMU]?B# qACP @, B@>]A22     Q     8>%          	 qth      $MBOT_ENCODERSN q     m     E       	 q      MBOT_MOTOR_COMMAND8m                      	 qM      DMBOT_IMU]?B# q? ? B ?>EA0     Q     껴>ް          	 q      $MBOT_ENCODERSN q     m     b       	 r5      DMBOT_IMU]?B# r7X     BM ??t8A5     Q     r8>,G          	 r	      $MBOT_ENCODERSN r7     m              	 r\      DMBOT_IMU]?B# r =  B =&ka?ALxv     Q     m`Q>s          	 r^i      $MBOT_ENCODERSN r     m              	 r      DMBOT_IMU]?B# r_@  B ^*|1A+     Q     z!?}          	 r?      $MBOT_ENCODERSN r_     m              	 r<      DMBOT_IMU]?B# s"u@ ?; B}@>MA0S     Q     x{$?          	 r      $MBOT_ENCODERSN s"u     m              	 sG3      DMBOT_IMU]?B# sp   B}@>.$1A>K     Q     v?          	 sI      $MBOT_ENCODERSN sp     m              	 sN      MBOT_MOTOR_COMMAND8m        ?            	 s      DMBOT_IMU]?B# s>; @ B ?E k
!A(&     Q      ?q          	 s      $MBOT_ENCODERSN s     m               	 s      DMBOT_IMU]?B# tj` =  Bz?>>A2E     Q     A Q?z          	 s_      $MBOT_ENCODERSN t     m             	 t2      DMBOT_IMU]?B# t[(X P B$ @Y޳A     Q     s?          	 t3      $MBOT_ENCODERSN t[(     m     (        	 tf      DMBOT_IMU]?B# tyY ?P @ iU=OA7D     Q     Cb? x          	 t      $MBOT_ENCODERSN ty     m     ?        	 tΊ      DMBOT_IMU]?B# t@     A# ?v,@Cz     Q     +Є?!          	 tS      $MBOT_ENCODERSN t     n      W        	 u       MBOT_MOTOR_COMMAND8m        ?            	 u      DMBOT_IMU]?B# uEO ? @ ?|<?XA1     Q     ˰?"C          	 u|      $MBOT_ENCODERSN uE     n$     z $ #      	 ujA      DMBOT_IMU]?B# u? >@ @^ |DAPZ     Q     7@?"n          	 ulx      $MBOT_ENCODERSN u     nW      3 2      	 u2      DMBOT_IMU]?B# ux  @V 2AH      Q     د[?"          	 uS      $MBOT_ENCODERSN ux     n      A A      	 va      DMBOT_IMU]?B# v0  @j` @A     Q     ?#L          	 v	H      $MBOT_ENCODERSN v0     n     : K M      	 vU.      DMBOT_IMU]?B# v~T@Z >  @ ( L?VA3	.     Q     pػ?#          	 vV      $MBOT_ENCODERSN v~T     o3      P S      	 vi      DMBOT_IMU]?B# v̩? @z  X @wAH     Q     Ё[H$?#i          
  v"      $MBOT_ENCODERSN v̩     o      T Y      
 v%      MBOT_MOTOR_COMMAND8m                      
 vz      DMBOT_IMU]?B# wA. >  @\ @wz@ر     Q     ⻂g?#Œ          
 vx      $MBOT_ENCODERSN w     o     @ W Z      
 w@      DMBOT_IMU]?B# wi  Aa ?ݾ>Ax)     Q     ?@?$          
 wC      $MBOT_ENCODERSN wi     p3      U W      
 w      DMBOT_IMU]?B# w@ ? ADJ ^qA&     Q     $)?%          
 w      $MBOT_ENCODERSN w     p|      I I      
 wV      DMBOT_IMU]?B# x ?z  A9 ?v A>     Q     xSg?'          
	 wJ      $MBOT_ENCODERSN x     p      7 7      

 x*      DMBOT_IMU]?B# xSAQ ; @ }>MA]     Q     Ǜ?'|          
 x,      $MBOT_ENCODERSN xS     p     C ) ,      
 xyB      DMBOT_IMU]?B# xAq6 @  @ ِ%:A-K     Q     ӻ
?'           
 xz      $MBOT_ENCODERSN x     q     l & )      
 x      MBOT_MOTOR_COMMAND8m                      
 xǨ      DMBOT_IMU]?B# x ?@ @7 =?}fA)     Q     b:?('          
 x'      $MBOT_ENCODERSN x     q)      ' )      
 y      DMBOT_IMU]?B# y>DL > @ >I@A,ϔ     Q     Lz?(p          
 y!      $MBOT_ENCODERSN y>D     qP      ' &      
 yc      DMBOT_IMU]?B# y{; > >  ?<iU A+!g     Q     k'?(V          
 yd      $MBOT_ENCODERSN y{     qt      $ $      
 y%      DMBOT_IMU]?B# yڎx ; K  @"wAE]     Q     9代X?(          
 y      $MBOT_ENCODERSN yڎ     q             
 y3      DMBOT_IMU]?B# z(@fx @ ?+ ?K>K6A0p]     Q     Qb?(U          
 z
      $MBOT_ENCODERSN z(     q             
 z-z      MBOT_MOTOR_COMMAND8m        ?            
 zM      DMBOT_IMU]?B# zw' p b y@A/     Q     ׻?(Ov          
 zO      $MBOT_ENCODERSN zw     q     3        
 z      DMBOT_IMU]?B# za; ? ?j` ?>:A0     Q     l?(p          
 z      $MBOT_ENCODERSN za     q     I        
 z      DMBOT_IMU]?B# {P  r0 e>UA'K     Q     F{?(%@          
 z      $MBOT_ENCODERSN {P     q     _        
  {8      DMBOT_IMU]?B# {aj` ? ?0 zeAp     Q     C?(/          
! {;.      $MBOT_ENCODERSN {a     r     t        
" {      DMBOT_IMU]?B# { ; @V 륿{A'(     Q     ϻ?(u*          
# {t      $MBOT_ENCODERSN {     r             
$ {c      MBOT_MOTOR_COMMAND8m        ?            
% {      DMBOT_IMU]?B# {M` @ ?+ ?%CA     Q     !@?(          
& {      $MBOT_ENCODERSN {M     r9             
' |#      DMBOT_IMU]?B# |LJ@X ?; ; @.R@(     Q     =߻r4?(          
( |%`      $MBOT_ENCODERSN |LJ     r]      $ %      
) |r      DMBOT_IMU]?B# |e z  Z ;\sAD     Q     Fûg:?(          
* |t      $MBOT_ENCODERSN |e     r       . 3      
+ |A      DMBOT_IMU]?B# |?@ K  @G8 ?b
!Ap     Q     |?(Ş          
, |      $MBOT_ENCODERSN |     r     > < >      
- }      DMBOT_IMU]?B# }6?z  @ @ 	y%AYO     Q     [
?)0          
. }f      $MBOT_ENCODERSN }6     s      H K      
/ }^      DMBOT_IMU]?B# }=@  ? @@ ?pj@<     Q     (8?)c~          
0 }^      $MBOT_ENCODERSN }=     s_      P T      
1 }      DMBOT_IMU]?B# }ҿ >; A ?۶	A7Fe     Q     ?)v          
2 }       $MBOT_ENCODERSN }     s     4 S W      
3 }      DMBOT_IMU]?B# ~!_ ? A (YAY     Q     	Z?*¿          
4 }M      $MBOT_ENCODERSN ~!_     t      T W      
5 ~F8      DMBOT_IMU]?B# ~oA: CP A- @R2?9@-     Q     8?+          
6 ~H0      $MBOT_ENCODERSN ~o     t\      V Z      
7 ~|      DMBOT_IMU]?B# ~O @v A 8D;Av.     Q     	?,%          
8 ~u      $MBOT_ENCODERSN ~     t     ? X Z      
9 ~.      MBOT_MOTOR_COMMAND8m        ?            
: ~      DMBOT_IMU]?B# @K  V AV ;7@Q     Q     3?-          
; ~      $MBOT_ENCODERSN      u
      V Z      
< 1]      DMBOT_IMU]?B# ZY?p ?@ A; ^*|ozAI     Q     a»5I?/          
= 4      $MBOT_ENCODERSN ZY     ua      W Z      
>       DMBOT_IMU]?B# A  @j` As* EH2A@     Q     ͻ\?0Ka          
?       $MBOT_ENCODERSN      u     L W Y      
@ ͖      DMBOT_IMU]?B# P  AC @=r?.AY     Q     g`e?2EF          
A       $MBOT_ENCODERSN      v      Y X      
B ׀      DMBOT_IMU]?B# ׀D? @ A >ZD@     Q     % ?4r          
C ׀      $MBOT_ENCODERSN ׀D     vi      X X      
D ׀j      DMBOT_IMU]?B# ׀  ި AK ? b^A|     Q     p仒p?6$          
E ׀ma      $MBOT_ENCODERSN ׀     v     V X Z      
F ׀      DMBOT_IMU]?B# ׀/P ; Ap >XWAUu     Q     ߻ժ?8          
G ׀z      $MBOT_ENCODERSN ׀/     w      V X      
H ׁ 1      MBOT_MOTOR_COMMAND8m                      
I ׁ(      DMBOT_IMU]?B# ׁ1&@ @+ A; >@)     Q     B?:4l          
J ׁ
      $MBOT_ENCODERSN ׁ1&     wo     	 X [      
K ׁTF      DMBOT_IMU]?B# ׁ} h A ࿙CArZ     Q     Y:?;          
L ׁV      $MBOT_ENCODERSN ׁ}     w     _ U V      
M ׁE      DMBOT_IMU]?B# ׁ˾A @ AoB u@%     Q     @?=a9          
N ׁr      $MBOT_ENCODERSN ׁ˾     x      V X      
O ׁ      DMBOT_IMU]?B# ׂ@ ^ Ab >?=0GAD     Q     l??>          
P ׁf      $MBOT_ENCODERSN ׂ     xj     	 P R      
Q ׂ?      DMBOT_IMU]?B# ׂh=A ; @O \+>ͨA+b     Q     Y׻,??Q          
R ׂAP      $MBOT_ENCODERSN ׂh=     x     R D I      
S ׂN      DMBOT_IMU]?B# ׂOAfx >  A=t =a'?WsA$.     Q     
e
?@ذ          
T ׂ      $MBOT_ENCODERSN ׂO     x      > A      
U ׂ      MBOT_MOTOR_COMMAND8m                      
V ׂ      DMBOT_IMU]?B# ׃d @CP A# ?0#@{}A[0     Q     O뻅RH?A          
W ׂ      $MBOT_ENCODERSN ׃d     y$      8 9      
X ׃)6      DMBOT_IMU]?B# ׃RBC0 P >a'@Ap     Q     U?A          
Y ׃+]      $MBOT_ENCODERSN ׃R     yY      5 5      
Z ׃y       DMBOT_IMU]?B# ׃A ?  ?:@ngA{a     Q     <Ż?A<          
[ ׃{      $MBOT_ENCODERSN ׃     y     / / .      
\ ׃      DMBOT_IMU]?B# ׃A ?Z  ?AR:@6fAH     Q     <߈?A5          
] ׃[      $MBOT_ENCODERSN ׃     y     V ( '      
^ ׄ{      DMBOT_IMU]?B# ׄ=_A   ze>OAGS     Q     < 8+?@          
_ ׄ@      $MBOT_ENCODERSN ׄ=_     y     y $ #      
` ׄyG      DMBOT_IMU]?B# ׄj @R   ?8@;A *     Q     <%%f?@u          
a ׄy      $MBOT_ENCODERSN ׄ     y      "        
b ׄ      MBOT_MOTOR_COMMAND8m            @      
c ׄ      DMBOT_IMU]?B# ׄJ P ? =L?s@j     Q     <`t?@v          
d ׄc      $MBOT_ENCODERSN ׄJ     z              
e ׄ      DMBOT_IMU]?B# ׅ(mYI ^ A# -`@AV     Q     V?@          
f ׅ      $MBOT_ENCODERSN ׅ(m     z-       $      
g ׅM      DMBOT_IMU]?B# ׅvn! @ BKۀ#??оAE-     Q     vJ⻃O?Dg          
h ׅO      $MBOT_ENCODERSN ׅvn     z;       /      
i ׅ      DMBOT_IMU]?B# ׅ9|  B [PuIA1Q:     Q     <?K          
j ׅ#      $MBOT_ENCODERSN ׅ9     z:     9 -      
k ׅ)      DMBOT_IMU]?B# ׆U@ ( ? B.ADt     Q     {%e?U           
l ׅL      $MBOT_ENCODERSN ׆U     z1     h /      
m ׆8      DMBOT_IMU]?B# ׆`@ Z CӠOtA*     Q     j0?a'          
n ׆9      $MBOT_ENCODERSN ׆`     z&      0      
o ׆m      MBOT_MOTOR_COMMAND8m            @      
p ׆      DMBOT_IMU]?B# ׆?  C6`ƉZAG     Q     G1b?nE          
q ׆      $MBOT_ENCODERSN ׆     z      4      
r ׆ԇ      DMBOT_IMU]?B# ׆uz  ; C1No?*(A     Q     \3_?}M4          
s ׆      $MBOT_ENCODERSN ׆u     z      6      
t ׇ"{      DMBOT_IMU]?B# ׇKK@?h  CA\ ?y`YA:g     Q     3Ya?          
u ׇ$      $MBOT_ENCODERSN ׇKK     y     : 8      
v ׇq      DMBOT_IMU]?B# ׇ@  ( CK`@{IA	     Q     ǤO?z          
w ׇsv      $MBOT_ENCODERSN ׇ     y     u ;      
x ׇ      DMBOT_IMU]?B# ׇAO 1 CX?UﾆxA     Q     fM?          
y ׇ      $MBOT_ENCODERSN ׇ     y      >      
z ׈t      DMBOT_IMU]?B# ׈6GAz  Ca	`CiAx     Q     z༴?T{          
{ ׈      $MBOT_ENCODERSN ׈6G     y      >      
| ׈\      DMBOT_IMU]?B# ׈Ap AK C{H @v?@)     Q     %^6Q?[p          
} ׈^V      $MBOT_ENCODERSN ׈     y     - <      
~ ׈I      DMBOT_IMU]?B# ׈G@X ? C>ԿlCAW     Q     Di߼Y?>          
 ׈E      $MBOT_ENCODERSN ׈G     y     m @      
 ׈I      DMBOT_IMU]?B# ׉ e@ j` CE}?A/T     Q     ؼJ1?O          
 ׈      $MBOT_ENCODERSN ׉ e     yb      B      
 ׉D      MBOT_MOTOR_COMMAND8m                      
 ׉Ec      DMBOT_IMU]?B# ׉n@ ; C`@!UA"X     Q     ̲뼒8?ۖ          
 ׉G      $MBOT_ENCODERSN ׉n     yB      C      
 ׉      DMBOT_IMU]?B# ׉aA ?Z CM?)$XA#     Q     ߼p(?߇          
 ׉      $MBOT_ENCODERSN ׉a     y      4 B      
 ׉      DMBOT_IMU]?B# ׊A @fx C @-8оU@     Q     _?M          
 ׉-      $MBOT_ENCODERSN ׊     y     n :      
 ׊0:      DMBOT_IMU]?B# ׊YGA  Cv7@@O!>brAIQ     Q     zY󼔄?"          
 ׊2,      $MBOT_ENCODERSN ׊YG     x      4      
 ׊~      DMBOT_IMU]?B# ׊@ @ CN<@C7=MA     Q     L',@           
 ׊z      $MBOT_ENCODERSN ׊     x      .      
 ׊q      DMBOT_IMU]?B# ׊_ d C @ݍeA8N]     Q     HWV@          
 ׊Ζ      $MBOT_ENCODERSN ׊     x      &      
 ׊[      MBOT_MOTOR_COMMAND8m        ?            
 ׋      DMBOT_IMU]?B# ׋D@< ?@ BT@.Q=A+     Q     Pn@          
 ׋      $MBOT_ENCODERSN ׋D     x            
 ׋h      DMBOT_IMU]?B# ׋d@ @/ BQ@16
!A@     Q     뼼m@W          
 ׋k      $MBOT_ENCODERSN ׋d     x     ,        
 ׋      DMBOT_IMU]?B# ׋/3 @  Ac ?޳OA&i     Q     _kk?@	;          
 ׋      $MBOT_ENCODERSN ׋/     x     B        
 ׌+      DMBOT_IMU]?B# ׌.Y^     @@ >kڃkA#/     Q     Ҽ@	Iv          
 ׌      $MBOT_ENCODERSN ׌.Y     x     X        
 ׌S      DMBOT_IMU]?B# ׌|@  @  ( >vOAs     Q     !.@	Dj          
 ׌U;      $MBOT_ENCODERSN ׌|     y     t        
 ׌      DMBOT_IMU]?B# ׌e CP L >@[C     Q     <F\ R@	          
 ׌      $MBOT_ENCODERSN ׌e     y:      % )      
 ׌4      MBOT_MOTOR_COMMAND8m        ?            
 ׌!      DMBOT_IMU]?B# ׍7?+ Z L @;@     Q     Cɼ^@          
 ׌$      $MBOT_ENCODERSN ׍7     ym      3 7      
 ׍>      DMBOT_IMU]?B# ׍gL@ ? , ?gA4K     Q     Gq@$          
 ׍@6      $MBOT_ENCODERSN ׍gL     y      A D      
 ׍      DMBOT_IMU]?B# ׍n? ?  ?<iU@k
!AU     Q     JA9x
@k          
 ׍      $MBOT_ENCODERSN ׍n     y     h L P      
 ׍h      DMBOT_IMU]?B# ׎ @7 
 YA     Q     P<A$@7          
 ׍      $MBOT_ENCODERSN ׎     zJ      P X      
 ׎(      DMBOT_IMU]?B# ׎R?   # +gxaA     Q     M$߼*@          
 ׎*      $MBOT_ENCODERSN ׎R     z      U ]      
 ׎v      DMBOT_IMU]?B# ׎A| @+ 9 9H^@     Q     H,	@          
 ׎x      $MBOT_ENCODERSN ׎     z     z U ]      
 ׎      MBOT_MOTOR_COMMAND8m                      
 ׎      DMBOT_IMU]?B# ׎< K  M @|?dA`r     Q     eIlbL@S          
 ׎      $MBOT_ENCODERSN ׎<     {I      U `      
 ׏      DMBOT_IMU]?B# ׏<X?  ;  DcA     Q     g@	          
 ׏      $MBOT_ENCODERSN ׏<X     {     7 R ]      
 ׏a3      DMBOT_IMU]?B# ׏A^ X  @     Q     IU:a@d          
 ׏c$      $MBOT_ENCODERSN ׏     {      F P      
 ׏      DMBOT_IMU]?B# ׏  @ L ?k@[AJ$     Q     JI@_          
 ׏      $MBOT_ENCODERSN ׏     |      8 <      
 ׏      DMBOT_IMU]?B# א'Afx ? p ?'?&A#/     Q     Y]@f          
 ׏      $MBOT_ENCODERSN א'     |I      0 /      
 אL,      DMBOT_IMU]?B# אu2AR @; ?p ?=0GA&     Q     @Z,          
 אN@      $MBOT_ENCODERSN אu2     |u      , -      
 א      DMBOT_IMU]?B# א`K   @ >i6?EA#)     Q     `O@y          
 א      $MBOT_ENCODERSN א`     |     H , )      
 א      MBOT_MOTOR_COMMAND8m                      
 אU      DMBOT_IMU]?B# ב@@ =z  @r0 ?@LA9s     Q     *@          
 א      $MBOT_ENCODERSN ב     |     o ) '      
 ב6      DMBOT_IMU]?B# ב_@b ; . ?L?AF     Q     ;ɼA@{          
 ב8      $MBOT_ENCODERSN ב_     |      $ &      
 ב      DMBOT_IMU]?B# ב%, @K  b ?f$?EA     Q     :׼@-          
 ב      $MBOT_ENCODERSN ב%     }      " $      
 בm      DMBOT_IMU]?B# ב} ` gr u|?EA;5e     Q     NV@          
 ב~      $MBOT_ENCODERSN ב     }0        !      
 ג!q      DMBOT_IMU]?B# גJf@z  ?z   $y?nJA"i     Q     8ۼ;@          
 ג#m      $MBOT_ENCODERSN גJf     }N             
 גoE      DMBOT_IMU]?B# ג~+ ?  ? +P?
A z     Q     :^aA	@          
 גp      $MBOT_ENCODERSN ג~     }l             
 גF      MBOT_MOTOR_COMMAND8m                      
 ג      DMBOT_IMU]?B# ג >; @l ?nA-K     Q     9#<@k          
 ג      $MBOT_ENCODERSN ג     }     +        
 דL      DMBOT_IMU]?B# ד5gP   A. ?AWHtAH     Q     u'#@,          
 דW      $MBOT_ENCODERSN ד5g     }     C        
 דY      DMBOT_IMU]?B# ד)  >  34?PA9s     Q     yr@u          
 ד[      $MBOT_ENCODERSN ד)     }     W        
 דP      DMBOT_IMU]?B# דц@b @j` AX ?LZ)Az     Q     5缤֚@/          
 ד      $MBOT_ENCODERSN דц     }     i        
 ד      DMBOT_IMU]?B# ה  + @V b>brA*6     Q     t\@Lz          
 ד7      $MBOT_ENCODERSN ה     }     {        
 הD      DMBOT_IMU]?B# הm  z  @ ?05=
!A$     Q     z^8@q          
 הF      $MBOT_ENCODERSN הm     }             
 ה      DMBOT_IMU]?B# ה>z  >z  @$ Ъ>t8A+b     Q     y@          
 ה      $MBOT_ENCODERSN ה     }             
 ה      DMBOT_IMU]?B# ו
  @z  >Y
A.L     Q     3!y@          
 ה      $MBOT_ENCODERSN ו
     ~              
 ה      MBOT_MOTOR_COMMAND8m            @      
 ו/^      DMBOT_IMU]?B# וXK  ; @ ?2?ٲA 7     Q     U@          
 ו1Q      $MBOT_ENCODERSN וX     ~             
 ו|      DMBOT_IMU]?B# וy >@ AO ?YA"b     Q     Wb@Y          
 ו~      $MBOT_ENCODERSN וy     ~      
       
 וM      DMBOT_IMU]?B# ו  > B6 PTAwu     Q     8@          
 ו0      $MBOT_ENCODERSN ו     ~             
 ז      DMBOT_IMU]?B# זC  B>M3WAH     Q     '[@          
 ז      $MBOT_ENCODERSN זC     ~      %      
 זh      DMBOT_IMU]?B# ז @K  C`oYBA |     Q     IH)g@mU          
 זi      $MBOT_ENCODERSN ז     ~     ; ,      
 ז      DMBOT_IMU]?B# זSe~   CB@OHDBg     Q     wgc@I          
 ז      $MBOT_ENCODERSN זS     ~     q 6      
 ח      DMBOT_IMU]?B# ח-u@(  ( CJ'@s     Q      4p@P          
 ח&      $MBOT_ENCODERSN ח-u     }      :      
 חRi      DMBOT_IMU]?B# ח{AS ` Cp`*A#     Q     ̼Jo@z          
 חT2      $MBOT_ENCODERSN ח{     }      :      
 חhW      MBOT_MOTOR_COMMAND8m            @      
 ח      DMBOT_IMU]?B# ח@P x C0_drAHa     Q     Zal@          
 ח      $MBOT_ENCODERSN ח     }     ! <      
 ח      DMBOT_IMU]?B# ט+@+ ED C`k9jAk     Q      Vhf@$@          
 ח      $MBOT_ENCODERSN ט+     }     ^ =      
 ט<      DMBOT_IMU]?B# טfD@ v CC>a2AZ     Q     j@+	N          
 ט>      $MBOT_ENCODERSN טfD     }x      ?      
 טQ      DMBOT_IMU]?B# ט+ 0 CB@bW`Az     Q     JU%@1          
 ט      $MBOT_ENCODERSN ט     }U      ?      
 ט      DMBOT_IMU]?B# י,@fx U C8A^*     Q     	}Gf@8c          
 ט      $MBOT_ENCODERSN י,     }0      A      
 י      MBOT_MOTOR_COMMAND8m                      
 י'      DMBOT_IMU]?B# יP@  Cs?YA}A     Q     4zs@??          
 י)      $MBOT_ENCODERSN יP     }     [ >      
 יua      DMBOT_IMU]?B# י@@ ' C6`?I˿3@     Q     &.eu@F;          
 יw7      $MBOT_ENCODERSN י     |      8      
 י      DMBOT_IMU]?B# י6A
 1 C?ӻD%A     Q     m6E5          
 י      $MBOT_ENCODERSN י6     |      0      
 ךR      DMBOT_IMU]?B# ך;z  
 Ci@@5PA&     Q     [W?E          
 ך      $MBOT_ENCODERSN ך;     |      '      
 ך`9      DMBOT_IMU]?B# ך?  & CS @ֿ]@     Q     C!;?          
 ךb!      $MBOT_ENCODERSN ך     |     
        
 ך      DMBOT_IMU]?B# ךEA     B @ECA	     Q     ISC9p          
 ך2      $MBOT_ENCODERSN ךE     |     #       
 ך      MBOT_MOTOR_COMMAND8m        ?              ך      DMBOT_IMU]?B# כ&`@ @ A~ N5RA%p     Q     R8G           ך      $MBOT_ENCODERSN כ&`     |     5          כJ      DMBOT_IMU]?B# כtc@v  A. ?mgA$|A     Q     Yq8           כL      $MBOT_ENCODERSN כtc     |     H         כ      DMBOT_IMU]?B# כZ +  ?
#^gA(     Q     󼐪7           כ      $MBOT_ENCODERSN כ     |     a         כk      DMBOT_IMU]?B# לĿ  @  u|˄pAB2     Q     Fh8'           כ      $MBOT_ENCODERSN ל     |     z         ל6      DMBOT_IMU]?B# ל^ ? : ?RiA7D     Q     \k8.          	 ל8      $MBOT_ENCODERSN ל^     |             
 ל      DMBOT_IMU]?B# ל ` b 5/A     Q     QOq8           ל      $MBOT_ENCODERSN ל     }#      ) +       ל      DMBOT_IMU]?B# ל7@3 @  ? D_mfA     Q     ]O8           לӾ      $MBOT_ENCODERSN ל7     }Y      6 8       ם V      DMBOT_IMU]?B# םI @K  4 ?Ӟ@QU@e     Q     /u9"Q           ם       MBOT_MOTOR_COMMAND8m        ?             ם"      $MBOT_ENCODERSN םI     }     @ E E       םo      DMBOT_IMU]?B# םÿ A7 t$ ?dM{A"     Q      ৼP9j           םr      $MBOT_ENCODERSN ם     }      Q P       ם       DMBOT_IMU]?B# ם5! B @nH @Am     Q     R9|           ם5      $MBOT_ENCODERSN ם5     ~F      W P       מ
      DMBOT_IMU]?B# מ4 A\ ] @t?QU@q=     Q     lU:y91           מV      $MBOT_ENCODERSN מ4     ~     < \ \       מY       DMBOT_IMU]?B# מc? nH  ?\fA(	}     Q     i:Z!:A           מ[      $MBOT_ENCODERSN מc     ~      [ b       מ      DMBOT_IMU]?B# מY ?P P@
)@6>l     Q     nvh!;O           מ      $MBOT_ENCODERSN מY     W      Z d       מL      MBOT_MOTOR_COMMAND8m                       מE      DMBOT_IMU]?B# ן >  Jd@.@$@Y3     Q     uں<i           מ      $MBOT_ENCODERSN ן          d \ b       ןD2      DMBOT_IMU]?B# ןmp?` ? J& B?2_@     Q     |!"6=           ןF      $MBOT_ENCODERSN ןmp           Z ^        ן      DMBOT_IMU]?B# ןBA) Q @WEAm<     Q     1:s>@          ! ן_      $MBOT_ENCODERSN ן     Y      L P      " ן      DMBOT_IMU]?B# נ	TB	s^ r0 Ui4@     Q     };>          # ן      $MBOT_ENCODERSN נ	T          P 6 >      $ נ.g      DMBOT_IMU]?B# נWu @V  @}AIjT     Q     ƻh?          % נ/      $MBOT_ENCODERSN נWu           7 6      & נ}J      DMBOT_IMU]?B# נB AF @  m@`@q     Q     /:;>          ' נ~F      $MBOT_ENCODERSN נ            : 4      ( נp      MBOT_MOTOR_COMMAND8m        ?            ) נ       DMBOT_IMU]?B# נ5AZ e U AW@,A8a     Q     /ѺQ%>          * נ      $MBOT_ENCODERSN נ5     2      2 2      + ס      DMBOT_IMU]?B# סB=A4 AP ? u|@v @^A     Q     ;!<7>          , ס+      $MBOT_ENCODERSN סB=     ^      , +      - סg      DMBOT_IMU]?B# סc @ @3 >+P@hAz     Q     ;p:UC>          . סi
      $MBOT_ENCODERSN סc          > & '      / ס{      DMBOT_IMU]?B# סފ; >;  ?E@Ěv     Q     >:2:>          0 ס!      $MBOT_ENCODERSN סފ          e % '      1 ע\      DMBOT_IMU]?B# ע,m  @; (w3@d@     Q     >E8H>          2 עB      $MBOT_ENCODERSN ע,           * *      3 עRW      DMBOT_IMU]?B# ע{;@^   @D ۶	@.qAH     Q     t
0>]          4 עT<      $MBOT_ENCODERSN ע{;           4 4      5 עF      DMBOT_IMU]?B# ע,M @ A& "@04A     Q     9>U          6 עE      $MBOT_ENCODERSN ע,     ;      4 2      7 ע      DMBOT_IMU]?B# ף~@ >z  @ @c@w     Q     A9>]          8 ע      $MBOT_ENCODERSN ף~     u     1 : <      9 ף       MBOT_MOTOR_COMMAND8m        ?            : ף<!      DMBOT_IMU]?B# ףe  @l \)HA]     Q     飺j>6`          ; ף>      $MBOT_ENCODERSN ףe          u D D      < ף      DMBOT_IMU]?B# ף? @r0 @ ?*TAP     Q     RyX>3          = ף      $MBOT_ENCODERSN ף           L N      > ף7      DMBOT_IMU]?B# פ? ?K  ? >))A/.     Q     !G_=          ? ףJ      $MBOT_ENCODERSN פ     W      R U      @ פ&s      DMBOT_IMU]?B# פO@ި  ?P >d?A%S     Q     f$!=          A פ(k      $MBOT_ENCODERSN פO          p V X      B פt      DMBOT_IMU]?B# פ/ ?z  >z  jA!Ah>     Q     M: t=          C פv=      $MBOT_ENCODERSN פ           W Z      D פ      MBOT_MOTOR_COMMAND8m                      E פ<      DMBOT_IMU]?B# פn@$ @z  @nH ?V$$	A	7     Q     :"=          F פ      $MBOT_ENCODERSN פn     \     & X \      G ץ      DMBOT_IMU]?B# ץ:v  A ?Y޳ A4     Q     w:׾=          H ץ      $MBOT_ENCODERSN ץ:v          Ă Z \      I ץ_      DMBOT_IMU]?B# ץnH ?   𿚌A(:_     Q     :+=          J ץa      $MBOT_ENCODERSN ץ           W Z      K ץO      DMBOT_IMU]?B# ץw@?h  @ @?f@     Q     s93=d          L ץ[      $MBOT_ENCODERSN ץw     W     - J Q      M ץ      DMBOT_IMU]?B# צ%#} @ Z ?XWA!     Q     8 =(          N ץ      $MBOT_ENCODERSN צ%#          j < =      O צJp      DMBOT_IMU]?B# צscA ?h  sI@0A     Q     ^Ǔ=          P צL'      $MBOT_ENCODERSN צsc          ś 0 1      Q צLA      MBOT_MOTOR_COMMAND8m                      R צ      DMBOT_IMU]?B# צA\    ?!hi=	>A$     Q     =          S צ      $MBOT_ENCODERSN צ           . .      T צ      DMBOT_IMU]?B# קz   >  P?
AZ     Q     ԷJ=          U צ      $MBOT_ENCODERSN ק           - +      V ק5      DMBOT_IMU]?B# ק^) j` ?+ >ze@1wA,     Q     
E=          W ק6      $MBOT_ENCODERSN ק^)     G      ) )      X קh      DMBOT_IMU]?B# קA*   ?oY@KA      Q     aź0=Ǟ          Y ק      $MBOT_ENCODERSN ק     m     B & %      Z ק      DMBOT_IMU]?B# קH7 ?K  < ?9>;A"      Q     {{	E=K          [ ק/      $MBOT_ENCODERSN קH          e $ #      \ ק$      MBOT_MOTOR_COMMAND8m                      ] ר      DMBOT_IMU]?B# רHj  @R CP :?A3&     Q     S>{          ^ ר       $MBOT_ENCODERSN רHj          ƅ          _ רmg      DMBOT_IMU]?B# ר ?@ p >L?ysA     Q     ?`>T          ` רo      $MBOT_ENCODERSN ר          Ƥ         a ר{      DMBOT_IMU]?B# ר@X @   >?z?A#+     Q     n]>3           b רN      $MBOT_ENCODERSN ר                  c ש	      DMBOT_IMU]?B# ש2' @ A=t ?gA     Q     q:@<>#P          d שZ      $MBOT_ENCODERSN ש2                  e שX       DMBOT_IMU]?B# ש1j  P >*|k
!A/r+     Q     @]:ˤ=,          f שY      $MBOT_ENCODERSN ש1     !             g ש      MBOT_MOTOR_COMMAND8m                      h ש      DMBOT_IMU]?B# שxz  ?  p EK!A#+     Q     B:M'>          i ש      $MBOT_ENCODERSN שx     1             j ש      DMBOT_IMU]?B# ת? ?+ @( <c?Ag5     Q     {:D8=O          k ש      $MBOT_ENCODERSN ת     B             l תA      DMBOT_IMU]?B# תk ?K  =z  ?t8A(     Q     ,%:=          m תC      $MBOT_ENCODERSN תk     R     #        n תk      DMBOT_IMU]?B# תz  K  @p >b޿YA)U     Q     +:X=          o תz      $MBOT_ENCODERSN ת     b     4        p ת      DMBOT_IMU]?B# ׫5> ?+ z  ?+:3?04A#     Q     i:=          q ת      $MBOT_ENCODERSN ׫5     r     D        r ׫)
      MBOT_MOTOR_COMMAND8m                  s ׫,      DMBOT_IMU]?B# ׫V+ >; ? <cɿPA+     Q     :=          t ׫.      $MBOT_ENCODERSN ׫V          R        u ׫{W      DMBOT_IMU]?B# ׫ @ ( ; >UA7     Q     ;}o=B          v ׫}a      $MBOT_ENCODERSN ׫          a        w ׫ɜ      DMBOT_IMU]?B# ׫$ X X @wA$     Q     :?V=          x ׫      $MBOT_ENCODERSN ׫          j  	      y ׬      DMBOT_IMU]?B# ׬AFP 0 /@ q1Ab     Q     7>s          z ׬      $MBOT_ENCODERSN ׬AF          l        { ׬e      DMBOT_IMU]?B# ׬ ? @$ ~=x?ٲA(a{     Q     [I?          | ׬g      $MBOT_ENCODERSN ׬           e !      } ׬0      DMBOT_IMU]?B# ׬ݪA# ?+  @ظѶA%Ȫ     Q     =B.          ~ ׬      $MBOT_ENCODERSN ׬ݪ          ^ '       ׬      MBOT_MOTOR_COMMAND8m                   ׭      DMBOT_IMU]?B# ׭+@?h @; @R@@ˍ     Q     ĻE]           ׭      $MBOT_ENCODERSN ׭+     0     R -       ׭P4      DMBOT_IMU]?B# ׭y4 > 8S@S2_A     Q     @HZ           ׭R      $MBOT_ENCODERSN ׭y     `     C 0       ׭u      DMBOT_IMU]?B# ׭?p @ O6?+'A     Q     2H@Dg	           ׭5      $MBOT_ENCODERSN ׭          / 4       ׭|      DMBOT_IMU]?B# ׮@^ @X a@fA)U     Q     ,ƻ'@?J           ׭y      $MBOT_ENCODERSN ׮           7       ׮:      DMBOT_IMU]?B# ׮d$?0 @z  r Z?:,A     Q     z6@::           ׮<"      $MBOT_ENCODERSN ׮d$           8       ׮;      DMBOT_IMU]?B# ׮@ @} À4P@	7A!Z     Q      /õ@4m           ׮      $MBOT_ENCODERSN ׮     =      :       ׮o      DMBOT_IMU]?B# ׯ + @$ ÁՒA,x     Q     EyL@.V           ׮9      $MBOT_ENCODERSN ׯ      w      :       ׯ%^      DMBOT_IMU]?B# ׯN˿@ > Ç90>wGA8     Q     um]@(~           ׯ'
      $MBOT_ENCODERSN ׯN          ƣ :       ׯt      DMBOT_IMU]?B# ׯr @3 ÅAB     Q     /h t?@"           ׯv      $MBOT_ENCODERSN ׯr          ƀ <       ׯ%      DMBOT_IMU]?B# ׯ\P ? È ?F7߷O@     Q     .@           ׯ      $MBOT_ENCODERSN ׯ\     '     ] :       ׯM      MBOT_MOTOR_COMMAND8m        ?             װ      DMBOT_IMU]?B# װ9 @^ ÈǠ?zWsALn     Q     ]@           װ      $MBOT_ENCODERSN װ9     a     8 :       װ^      DMBOT_IMU]?B# װ =  z  LN@A7     Q     ,@F           װ`      $MBOT_ENCODERSN װ          ( .       װ      DMBOT_IMU]?B# װ @, 8S)ųADV     Q     B3@D           װN      $MBOT_ENCODERSN װ          , $        װk      DMBOT_IMU]?B# ױ$l A V0|HA%2     Q     ,ƺ%@;            װ      $MBOT_ENCODERSN ױ$l          A          ױIc      DMBOT_IMU]?B# ױr}  2wKÿbrA5@:     Q     p@
$           ױK#      $MBOT_ENCODERSN ױr}          i  (       ױ      DMBOT_IMU]?B# ױ;   @T?{Ag     Q     RŻ#@	$           ױ      $MBOT_ENCODERSN ױ     
     Ɲ  4       ױ      DMBOT_IMU]?B# ײ@ ; @ >@@     Q     t[@	y           ױ      $MBOT_ENCODERSN ײ     4      * <       ײ      MBOT_MOTOR_COMMAND8m        ?             ײ3      DMBOT_IMU]?B# ײ\X @X @ MwARe     Q     ﻻ#@	k           ײ5c      $MBOT_ENCODERSN ײ\     l      8 F       ײ      DMBOT_IMU]?B# ײ9?p @/ @+ df$Aѐ     Q     w˕@	           ײ      $MBOT_ENCODERSN ײ9          p G Q       ײ      DMBOT_IMU]?B# ײ;j` ? $ -AC     Q     ߻=@	           ײB      $MBOT_ENCODERSN ײ;           P X       ׳      DMBOT_IMU]?B# ׳G Z ?P = AsY     Q     @	.           ׳       $MBOT_ENCODERSN ׳G     W     " T Z       ׳l      DMBOT_IMU]?B# ׳@ >  =(@&<@Z     Q     yڻ@	n           ׳m      $MBOT_ENCODERSN ׳          | V Z       ׳      DMBOT_IMU]?B# ׳ʿ+ @ A8 @B?A-'     Q     @	           ׳R      $MBOT_ENCODERSN ׳           Y Y       ׳      MBOT_MOTOR_COMMAND8m        ?             ״m      DMBOT_IMU]?B# ״1Z @Z @nH ?d7wA9˨     Q     m>@	%           ״
0      $MBOT_ENCODERSN ״1     ^     0 X [       ״V      DMBOT_IMU]?B# ״L> =    @\c>A
     Q      V@	            ״Y      $MBOT_ENCODERSN ״L          ɋ X [       ״r      DMBOT_IMU]?B# ״t0 @K  @ ?0׮AA     Q      W@	           ״      $MBOT_ENCODERSN ״t           X [       ״      DMBOT_IMU]?B# ׵@j`  A!" ?rk,E*A!!     Q     $>fv@
           ״      $MBOT_ENCODERSN ׵     h     @ Z Z       ׵A      DMBOT_IMU]?B# ׵j| @+ AF |<AH'     Q     %ќ
@
Z           ׵C      $MBOT_ENCODERSN ׵j          ʛ Z [       ׵j      MBOT_MOTOR_COMMAND8m        ?             ׵      DMBOT_IMU]?B# ׵@  O ?Ǜlk@     Q     %*@
n9           ׵      $MBOT_ENCODERSN ׵           Y ]       ׵ݻ      DMBOT_IMU]?B# ׶_P  p bAY`     Q     &m@
]|           ׵ߏ      $MBOT_ENCODERSN ׶_     s     T X \       ׶,*      DMBOT_IMU]?B# ׶Uz  + A2 <?RA}     Q     ,4@
           ׶.      $MBOT_ENCODERSN ׶U          ˮ X Z       ׶z      DMBOT_IMU]?B# ׶? 7 ADJ ?.AYj     Q     *"ʻ@
o           ׶{      $MBOT_ENCODERSN ׶     %      Z Y       ׶l      DMBOT_IMU]?B# ׶/ @ A w39AE     Q     +ޫ@	            ׶      $MBOT_ENCODERSN ׶     }     ` X Y       ׷      MBOT_MOTOR_COMMAND8m                       ׷      DMBOT_IMU]?B# ׷@,@`  Aȯ @6@Av"     Q     -K@j           ׷{      $MBOT_ENCODERSN ׷@,          ̷ Z W       ׷d      DMBOT_IMU]?B# ׷O@ @ A @rʬ@Q[     Q     $Sһ@           ׷f      $MBOT_ENCODERSN ׷O     1      Z V       ׷)      DMBOT_IMU]?B# ׷{@ T @4 ?L?3A#     Q     +9@3           ׷T      $MBOT_ENCODERSN ׷{          d X W       ׸=      DMBOT_IMU]?B# ׸*@?h @ @ x3Ad      Q     #lټ,@Le           ׸&      $MBOT_ENCODERSN ׸*          ͳ N O       ׸OY      DMBOT_IMU]?B# ׸xA >@ @ ;8>AIߦ     Q     Z¼@|X           ׸Q*      $MBOT_ENCODERSN ׸x           D E       ׸      DMBOT_IMU]?B# ׸A Z > ?A&a     Q     }E@~           ׸M      $MBOT_ENCODERSN ׸     X     8 = @       ׸՗      MBOT_MOTOR_COMMAND8m                       ׸      DMBOT_IMU]?B# ׹ fx @ Mw@M@     Q     R*TK@           ׸      $MBOT_ENCODERSN ׹          p 7 8       ׹:=      DMBOT_IMU]?B# ׹czA_ A Aߢ >]@dAp9     Q     @           ׹<k      $MBOT_ENCODERSN ׹cz          Σ 5 3       ׹      DMBOT_IMU]?B# ׹Aυ 
 @O ?V@ @     Q     P7@@	           ׹T      $MBOT_ENCODERSN ׹           . 0       ׹>      DMBOT_IMU]?B# ׹A @d ި L@U8A./     Q     ~ּ.y@0h           ׹E      $MBOT_ENCODERSN ׹           & )       ׺$h      DMBOT_IMU]?B# ׺M@^ @z  @b ?tB@LcA     Q     ;D:@<           ׺&0      $MBOT_ENCODERSN ׺M     >     ! & %       ׺rX      DMBOT_IMU]?B# ׺L   >f?KA     Q     K-@!           ׺t,      $MBOT_ENCODERSN ׺     `     C " "       ׺      MBOT_MOTOR_COMMAND8m                       ׺:      DMBOT_IMU]?B# ׺b@ ( ? ??@A&     Q     B%Y@i           ׺L      $MBOT_ENCODERSN ׺b          c           ׻      DMBOT_IMU]?B# ׻8υ   =N@&AGd)     Q     	a@           ׻}      $MBOT_ENCODERSN ׻8          ρ         ׻]`      DMBOT_IMU]?B# ׻@< ?  ( W+AG     Q     +w@           ׻_|      $MBOT_ENCODERSN ׻          Ϝ         ׻      DMBOT_IMU]?B# ׻ȯ K  @ܴ @%y?bxmAAڊ     Q      ~G@6e           ׻      $MBOT_ENCODERSN ׻          ϭ         ׻      DMBOT_IMU]?B# ׼#)@ @    .0}A     Q     ۫K
I@$           ׻      $MBOT_ENCODERSN ׼#)          Ͼ         ׼C      MBOT_MOTOR_COMMAND8m                       ׼H5      DMBOT_IMU]?B# ׼q?Z > ?p >3dA (     Q     w P@           ׼J0      $MBOT_ENCODERSN ׼q                   ׼      DMBOT_IMU]?B# ׼ >z  ? =05?nuA'2g     Q     bT@%           ׼!      $MBOT_ENCODERSN ׼                   ׼h      DMBOT_IMU]?B# ׽7 >;   >*|A"1     Q     bW@+g           ׼1      $MBOT_ENCODERSN ׽     
              ׽2      DMBOT_IMU]?B# ׽[? ?  >k>AUu     Q     L@!           ׽4      $MBOT_ENCODERSN ׽[                   ׽      DMBOT_IMU]?B# ׽: ? ?K  >P|A.     Q     =@!           ׽      $MBOT_ENCODERSN ׽:     (     	         ׽c      DMBOT_IMU]?B# ׽t? > >; >=r?|A     Q     x&J@$j           ׽      $MBOT_ENCODERSN ׽t     8              ׾      DMBOT_IMU]?B# ׾Fz$ ?@  ;zWuA-     Q     䱏@           ׾)      $MBOT_ENCODERSN ׾Fz     F     (         ׾k      DMBOT_IMU]?B# ׾@z  ?   5>;A՝     Q     h@           ׾m      $MBOT_ENCODERSN ׾     V     7         ׾      DMBOT_IMU]?B# ׾P @  >WNA=     Q     ߽Lf6@;           ׾;      $MBOT_ENCODERSN ׾     d     E         ׿      DMBOT_IMU]?B# ׿1? ?; ; >N=GA0(     Q     ǋ>@           ׿
I      $MBOT_ENCODERSN ׿1     s     S          ׿H      MBOT_MOTOR_COMMAND8m        ?             ׿VE      DMBOT_IMU]?B# ׿_Z ?@  @ҎiA-׌     Q     .˕@           ׿X      $MBOT_ENCODERSN ׿_          a         ׿      DMBOT_IMU]?B# ׿> @  =(HA b     Q     8v_@[           ׿k      $MBOT_ENCODERSN ׿>          o         ׿o      DMBOT_IMU]?B# Z ? > ?>6A)U     Q     =껽@(           ׿      $MBOT_ENCODERSN           ~         @      DMBOT_IMU]?B# j  ? ?z!oA-U     Q     s=Ƕ@e           B      $MBOT_ENCODERSN j          А        	 @      DMBOT_IMU]?B# ?} ?  >z  Wƿ?A!     Q     ~É.@          
 b      $MBOT_ENCODERSN ?          Ъ               DMBOT_IMU]?B# sA z  ? ?tm?r$@v     Q     ?@O                 $MBOT_ENCODERSN s           " &       )      MBOT_MOTOR_COMMAND8m        ?             +      DMBOT_IMU]?B# TG8 @V @ ?fA+     Q     _λ˔@q           .'      $MBOT_ENCODERSN T           1 5       y/      DMBOT_IMU]?B# ?    @z  5ӿM|@(     Q     8c@$           {      $MBOT_ENCODERSN      Z     H > C       ǂ      DMBOT_IMU]?B#  + A) @sV׿oA6     Q      <t@Pj                 $MBOT_ENCODERSN           і L N       S      DMBOT_IMU]?B# >@$ ?  A8 nt8@ƭ     Q     @           l      $MBOT_ENCODERSN >           R T       dP      DMBOT_IMU]?B# YA. > A2 ^A     Q     G@R           f      $MBOT_ENCODERSN Y     O     B W X       ²      DMBOT_IMU]?B# q& z  A AK,     Q     K@,           ´      $MBOT_ENCODERSN q          Қ X X              DMBOT_IMU]?B# )@ @X A  	7@rm     Q     Q3@J                 $MBOT_ENCODERSN )           \ X       4      MBOT_MOTOR_COMMAND8m                       NH      DMBOT_IMU]?B# w ?h B  @GPAK     Q     0$/@P           PN      $MBOT_ENCODERSN w     `     J ] X       Ýr      DMBOT_IMU]?B# Ɨp @ Aa @-@z     Q     GO@Z            à9      $MBOT_ENCODERSN Ɨ          Ӣ ^ X      ! ^      DMBOT_IMU]?B# XAJ& @ AB ?ߢ@	Bj@     Q     ԣA@          "       $MBOT_ENCODERSN X           \ U      # 9      DMBOT_IMU]?B# bA As* A @{@-_NA/     Q     X_h@C          $ ;      $MBOT_ENCODERSN b     l     D R M      % Ĉ5      DMBOT_IMU]?B# İB ?; @kAj     Q     D_@          & Ċ      $MBOT_ENCODERSN İ          Ԃ < >      ' 	      DMBOT_IMU]?B# BA   Ot٧A~     Q     ԏa@          ( _      $MBOT_ENCODERSN B          Զ , 4      ) $V      DMBOT_IMU]?B# MIA; A AX ?۶	@12A$     Q     :໇<7@6|          * &      $MBOT_ENCODERSN MI            , ,      + M~      MBOT_MOTOR_COMMAND8m                      , r      DMBOT_IMU]?B# śN@R  A  @EA     Q     ;yeN @`          - uo      $MBOT_ENCODERSN śN     ,      , ,      . "      DMBOT_IMU]?B# tAd A @ @%@0ACB     Q     <ɻ=@߄          / d      $MBOT_ENCODERSN t     V     9 * +      0 3      DMBOT_IMU]?B# 7?+ z   k9>AM}     Q     <+/bCj@          1 h      $MBOT_ENCODERSN 7     }     c ' *      2 \      DMBOT_IMU]?B# ƅ V AL ??;A(0     Q     <v@u          3 _5      $MBOT_ENCODERSN ƅ          Ո $ %      4 ƪ      DMBOT_IMU]?B#  @< CP ?e?g]A-׌     Q     ;@y          5 Ƭ      $MBOT_ENCODERSN           ի # #      6       DMBOT_IMU]?B# "nH p ?` $@qA8"     Q     ;C@/          7       $MBOT_ENCODERSN "                   8 Gi      DMBOT_IMU]?B# pg@ Z  ?k?PA%     Q     ;Z@          9 I      $MBOT_ENCODERSN pg                   : d      MBOT_MOTOR_COMMAND8m                      ; ǖI      DMBOT_IMU]?B# ǿ? @fx  ?)b?;2A     Q     ;ɬǂ@ݍ          < ǘ7      $MBOT_ENCODERSN ǿ                  = 4      DMBOT_IMU]?B# G8 p  >? ]A$     Q     ;{;@	          >       $MBOT_ENCODERSN      5             ? 2	      DMBOT_IMU]?B# [?  > A8 ?0
?9A2΅     Q     ;R&6c@          @ 3      $MBOT_ENCODERSN [?     N     0        A Ȁ      DMBOT_IMU]?B# ȩT\ >; P ?a;2A)     Q     :X	g@5          B Ȃp      $MBOT_ENCODERSN ȩT     `     C        C ΄      DMBOT_IMU]?B# ?  @ ?\S&ݒA$.     Q     :Sf@`          D r      $MBOT_ENCODERSN      q     T        E       MBOT_MOTOR_COMMAND8m                      F m      DMBOT_IMU]?B# G ( @ >; ?(gA.     Q     :Ά(@          G  1      $MBOT_ENCODERSN G          e        H j      DMBOT_IMU]?B# ɓϿ+ ?P @fx  A     Q     9\@!          I l      $MBOT_ENCODERSN ɓ          u        J ɸ      DMBOT_IMU]?B#  0   >+P?FPA     Q     k=!j@P          K ɺ      $MBOT_ENCODERSN            օ        L       DMBOT_IMU]?B# 0@/ ? @V >Ъ#mA A     Q     -1Ax@+          M 	P      $MBOT_ENCODERSN 0@          ֕        N U^      DMBOT_IMU]?B# ~n!"  ?0 (sA     Q     RE6@          O WT      $MBOT_ENCODERSN ~n          ֥        P ʣ      DMBOT_IMU]?B# ̃ K  @| ?\f EA     Q     %q@1X          Q ʥ!      $MBOT_ENCODERSN ̃          ַ        R ʷ      MBOT_MOTOR_COMMAND8m                      S       DMBOT_IMU]?B# /z  j` Dcɿ@E     Q     I,@5          T       $MBOT_ENCODERSN                   U ?      DMBOT_IMU]?B# i> >z  @l k9 yd     Q     @L@H          V A      $MBOT_ENCODERSN i                  W ˎ\      DMBOT_IMU]?B# ˷D@   ? >@     Q     Ҽ%@V          X ː      $MBOT_ENCODERSN ˷D                  Y 8      DMBOT_IMU]?B# d ? @d &k@耐     Q     @e          Z D      $MBOT_ENCODERSN d                  [ *      DMBOT_IMU]?B# Sʿ   ?EKAd     Q     H	)@gX          \ -!      $MBOT_ENCODERSN S     !             ] r      MBOT_MOTOR_COMMAND8m                      ^ y      DMBOT_IMU]?B# ̢R?@ ?` ?p N\A90     Q     k	g@e7          _ z      $MBOT_ENCODERSN ̢R     1             ` Ƈ      DMBOT_IMU]?B# =  ?h ?+ &k=lAk     Q     I@jk          a t      $MBOT_ENCODERSN      ?     ,        b       DMBOT_IMU]?B# >%z  ?Z  ?->fA)     Q     &ټ9@c          c )      $MBOT_ENCODERSN >%     M     :        d c=      DMBOT_IMU]?B# ͌R=      p J׽
!A&     Q     @@P          e e      $MBOT_ENCODERSN ͌R     Y     G        f ͱf      DMBOT_IMU]?B# ڃ?@ K  z  ?
)>A,!     Q     jۼj@D          g ͳA      $MBOT_ENCODERSN ڃ     f     R        h       DMBOT_IMU]?B# (>   ; >	>A      Q     ʼy@>          i d      $MBOT_ENCODERSN (     q     \  
      j >      MBOT_MOTOR_COMMAND8m                      k M      DMBOT_IMU]?B# vܿj` + >z  =lA'     Q     B=@;          l O      $MBOT_ENCODERSN v     |     g        m Λ      DMBOT_IMU]?B# @ z  ? >IL5A(Z     Q     ~@Bs          n Ξ      $MBOT_ENCODERSN           q 
 
      o       DMBOT_IMU]?B# g    + ?+ =X]>ZA(D     Q     @H$          p &      $MBOT_ENCODERSN g          {  
      q 8a      DMBOT_IMU]?B# a =z  ?z  >A%6     Q     f@K          r :%      $MBOT_ENCODERSN a          ׅ 
 
      s φ      DMBOT_IMU]?B# ϯZ @ ? ?A%zs     Q     Ӽ$%@Pr          t ψ      $MBOT_ENCODERSN ϯ          ׎  	      u       MBOT_MOTOR_COMMAND8m                      v t      DMBOT_IMU]?B# /+ z  @ '0GA$}     Q     U!E@O          w K      $MBOT_ENCODERSN /          ז        x #{      DMBOT_IMU]?B# L@   ; N>U.A!Z     Q     'ż F@Rr          y %      $MBOT_ENCODERSN L          מ        z qf      DMBOT_IMU]?B# Кa> @ >  ?g~>WsA!Z     Q     4!Ʉ@T          { r      $MBOT_ENCODERSN Кa          ץ        | п8      DMBOT_IMU]?B# =z  > ? >A#K     Q      r@V'          }       $MBOT_ENCODERSN           ׫        ~       DMBOT_IMU]?B# 6?@ @  &k5-$A%q     Q     Fʼ"B@QE           Y      $MBOT_ENCODERSN 6          ײ         [      DMBOT_IMU]?B# х> >   >a~OA     Q     D o@R           ]      $MBOT_ENCODERSN х          ׸         щ/      MBOT_MOTOR_COMMAND8m                       ѩ      DMBOT_IMU]?B# " =  =z  >50GAq     Q     (@I>           ѫ      $MBOT_ENCODERSN "          ׽         <      DMBOT_IMU]?B# !V =z  p >6FPA#     Q     Ě:@K7                 $MBOT_ENCODERSN !V                   F      DMBOT_IMU]?B# o} ?@ ?` )b޾0GA      Q     -@E@           G      $MBOT_ENCODERSN o}                   Ҕ/      DMBOT_IMU]?B# ҽ>; @  >NTA"     Q     ;,@F           ҕ      $MBOT_ENCODERSN ҽ                         DMBOT_IMU]?B#     ?+ ? <]a?A!     Q     穼@Dd                 $MBOT_ENCODERSN                    1	      DMBOT_IMU]?B# Z+ K  z  >.
!A"0     Q     @Mt           3      $MBOT_ENCODERSN Z                   x      DMBOT_IMU]?B# Ө    ?; ; =3A#M.     Q     @D           Ӆ      $MBOT_ENCODERSN Ө                   ӏX      MBOT_MOTOR_COMMAND8m                             DMBOT_IMU]?B#   z  z  >(A$     Q     )N@H                 $MBOT_ENCODERSN                          DMBOT_IMU]?B# D>;   >5CA"X     Q     `}@A'                 $MBOT_ENCODERSN D                   i      DMBOT_IMU]?B# ԓ  ?@  >$yUA#~     Q     D޼~@A5           k      $MBOT_ENCODERSN ԓ                   ԹM      DMBOT_IMU]?B# ᏽz  @ >  >.A#/     Q     c@=@           Ժ      $MBOT_ENCODERSN                    .      DMBOT_IMU]?B# /; ?j` ; >J=t8A#     Q     ^@@R           P      $MBOT_ENCODERSN /                   T[      DMBOT_IMU]?B# }i  Z ?P NPA#9     Q     n@@n           U      $MBOT_ENCODERSN }i                   YF      MBOT_MOTOR_COMMAND8m                       բ      DMBOT_IMU]?B# ˥z  =z  ?@ >;A$7     Q     w@@I           դd      $MBOT_ENCODERSN ˥                   A      DMBOT_IMU]?B# ?+ =z   >{<lA$$D     Q     os@L           '      $MBOT_ENCODERSN                     ?M      DMBOT_IMU]?B# h    =  Z ;>A#&     Q     8R5@C)           Ae      $MBOT_ENCODERSN h                     ֍      DMBOT_IMU]?B# ֶ<p z  > >AW<CA!s     Q     ?a@H|           ֑      $MBOT_ENCODERSN ֶ<                         DMBOT_IMU]?B# m; =z  ?+ >A%     Q     Zh@Ka                 $MBOT_ENCODERSN m                   
0      MBOT_MOTOR_COMMAND8m                       (      DMBOT_IMU]?B# R?K  z  ?+ >IYA$     Q     @L           *      $MBOT_ENCODERSN R                    w1      DMBOT_IMU]?B# נ >   >|-$A#V     Q     I@K=           {      $MBOT_ENCODERSN נ                   9      DMBOT_IMU]?B# (?+ ; =z  >a>;A!:     Q     ^Q)0@EF                 $MBOT_ENCODERSN (                          DMBOT_IMU]?B# =G z   >J=MA"     Q     "f@@                 $MBOT_ENCODERSN =G                     a      DMBOT_IMU]?B# ؋i@ K  ?0 =kUA"lP     Q     T@B           c      $MBOT_ENCODERSN ؋i                   ة|      MBOT_MOTOR_COMMAND8m                       ز/      DMBOT_IMU]?B# ۏ?+ =z  K  >"yA$A     Q     4 @G9           س      $MBOT_ENCODERSN ۏ                     c      DMBOT_IMU]?B# 'ξ@ ; ?+ >F<&|A!     Q     (ʼ e@Gb            d      $MBOT_ENCODERSN '                     L      DMBOT_IMU]?B# v  =   >:pA"     Q     `@E@           N      $MBOT_ENCODERSN v                     ٛ      DMBOT_IMU]?B# d=      @ >ILlA!     Q     P!<:@FW           ٝj      $MBOT_ENCODERSN d                           DMBOT_IMU]?B# d  ; >z  >?z侀A"l     Q     8 4Y@E+                 $MBOT_ENCODERSN d                     8n      DMBOT_IMU]?B# `=z      @ >NoA"     Q     ?!*@D9           9      $MBOT_ENCODERSN `                     B.      MBOT_MOTOR_COMMAND8m                       څ#      DMBOT_IMU]?B# ڮ; >;  >+PU.A"     Q     !g@Dc           ڇ      $MBOT_ENCODERSN ڮ                     ӭ      DMBOT_IMU]?B# 	z   >z  >AWt8A#     Q     ټ!@C                 $MBOT_ENCODERSN 	                     "      DMBOT_IMU]?B# K    >;  >K!oA"
     Q     B!2@B           $      $MBOT_ENCODERSN K                     p      DMBOT_IMU]?B# ۙ@ z  ; >K!h\A#     Q     ġ!%@B           r>      $MBOT_ENCODERSN ۙ                     ۾      DMBOT_IMU]?B# 猾; z  =  >&kwGA"     Q     &"ԏ@B_           ۿ      $MBOT_ENCODERSN                      ԁ      MBOT_MOTOR_COMMAND8m                             DMBOT_IMU]?B# 5    =z  ; >&k\YA"     Q     ¼"V@A                 $MBOT_ENCODERSN 5                     Z      DMBOT_IMU]?B# ܄z  z    >K!oA#tI     Q     \#B@AP           \      $MBOT_ENCODERSN ܄                     ܨ      DMBOT_IMU]?B# $    >@     >.KþoA#     Q     #@@           ܪ      $MBOT_ENCODERSN $                     t      DMBOT_IMU]?B#  ; z  ; >Pm|A#K     Q     Ƽ#\@?           |      $MBOT_ENCODERSN                       En      DMBOT_IMU]?B# n    >; z  >+P A#j     Q     w$@?K           G      $MBOT_ENCODERSN n                     o
      MBOT_MOTOR_COMMAND8m                       ݓ~      DMBOT_IMU]?B# ݼ  z      >5t8A#/     Q     $!*@>           ݕ:      $MBOT_ENCODERSN ݼ                           DMBOT_IMU]?B# z  =z    >A#     Q     _$-@>&                 $MBOT_ENCODERSN                      0       DMBOT_IMU]?B# Ybz  =z  ; >K!7A";n     Q     HT$q@=           2      $MBOT_ENCODERSN Yb                     ~J      DMBOT_IMU]?B# ާɾz  z  ; >ILa?A"      Q     n%%h@=.           ހ      $MBOT_ENCODERSN ާ                     Y      DMBOT_IMU]?B# =z      z  >F<~OA#/     Q     `N%a@<y                 $MBOT_ENCODERSN                      T      DMBOT_IMU]?B# Cֽ  z  z  >:oA"     Q     ~%@;                 $MBOT_ENCODERSN C                     E      MBOT_MOTOR_COMMAND8m                       i      DMBOT_IMU]?B# ߒ9          >05\YA"     Q     /&A=@;           k      $MBOT_ENCODERSN ߒ9                     ߶      DMBOT_IMU]?B# !        ; >:HRA#     Q     ڼ&-C@:           ߸      $MBOT_ENCODERSN !                           DMBOT_IMU]?B# .b  =z  z  >)b޾f$A#     Q     ۩&H@:F           (      $MBOT_ENCODERSN .b                     SP      DMBOT_IMU]?B# |        ; >ILrbrA"'     Q     퉼&@9           U<      $MBOT_ENCODERSN |                     ࡰ      DMBOT_IMU]?B# ʤz    ; >SxcA"1     Q     趼&w@9                 $MBOT_ENCODERSN ʤ                           DMBOT_IMU]?B# (        z  >F<t8A#~     Q     ﮼&f@8<           (      $MBOT_ENCODERSN (                     >R      DMBOT_IMU]?B# gG  z      >AWA"v     Q     %&@7           @      $MBOT_ENCODERSN gG                     x      DMBOT_IMU]?B# ᵥz      z  >+PA#     Q     #&>@6           Ꮁ      $MBOT_ENCODERSN ᵥ                           MBOT_MOTOR_COMMAND8m                       ڳ      DMBOT_IMU]?B# ݾ; z    >Pk
!A"N     Q     l%'g@6b           ܅      $MBOT_ENCODERSN                      (      DMBOT_IMU]?B# Q        z  >05rbrA"     Q     b'v@5           *.      $MBOT_ENCODERSN Q                     v      DMBOT_IMU]?B#   z  =z  >Dcɾ>;A"     Q     '@5S           x      $MBOT_ENCODERSN                            DMBOT_IMU]?B# cz  z      >"f$A"     Q     U(G8@5=                 $MBOT_ENCODERSN c                     y      DMBOT_IMU]?B# <          >?zMA#F     Q     N(hl@4F                 $MBOT_ENCODERSN <                      au      DMBOT_IMU]?B# ㊹z    z  >dMwGA#     Q     *(@3|           c      $MBOT_ENCODERSN ㊹                     q      MBOT_MOTOR_COMMAND8m                       }      DMBOT_IMU]?B# ܽ  z  ; >8cA"N     Q     2)<e@2           㱊      $MBOT_ENCODERSN                            DMBOT_IMU]?B# 'j  ; z  >8rbrA"     Q     鿼)@1            "      $MBOT_ENCODERSN 'j                     K      DMBOT_IMU]?B# uOz        >k
!A"l     Q     )@1           M      $MBOT_ENCODERSN uO                    	 䙽      DMBOT_IMU]?B# Xz  ; @ >:yA"     Q     .*fD@0          
 䛚      $MBOT_ENCODERSN X                     '      DMBOT_IMU]?B# w  z  ; >5oA#     Q     WF*܊@/                 $MBOT_ENCODERSN w                     $      MBOT_MOTOR_COMMAND8m                       6      DMBOT_IMU]?B# `+z    z  >34t8A#)     Q     a!+59@/           8~      $MBOT_ENCODERSN `+                           DMBOT_IMU]?B# Az    @ >IL^EA#M.     Q     xP+@.           7      $MBOT_ENCODERSN A                     Ҧ      DMBOT_IMU]?B# 1        ; >=rk
!A#     Q     p,XS@.           j      $MBOT_ENCODERSN 1                            DMBOT_IMU]?B# JK          >DcɾcA"i     Q     ,Z@.           "\      $MBOT_ENCODERSN JK                     oL      DMBOT_IMU]?B# 昨  z    >a'k
!A#/     Q     m,=@-\           q%      $MBOT_ENCODERSN 昨                     0      MBOT_MOTOR_COMMAND8m                             DMBOT_IMU]?B# ƽ      ; >K!wGA$     Q     &,F<@,                 $MBOT_ENCODERSN                            DMBOT_IMU]?B# 5Y  =z    >F<>A"     Q     -F,@,4           Y      $MBOT_ENCODERSN 5Y                     Y      DMBOT_IMU]?B# -      z  >5RiA#+     Q     :-;I@+U           [T      $MBOT_ENCODERSN -                     秿      DMBOT_IMU]?B# (z    ; >J׾h\A$}     Q     9-գ@*                  $MBOT_ENCODERSN (                    !       DMBOT_IMU]?B# f    =z  ; >3yA"N     Q     P.#@*          "       $MBOT_ENCODERSN f                    # C      DMBOT_IMU]?B# m          >PPA#9     Q     t.w@)          $ E      $MBOT_ENCODERSN m                    % l      MBOT_MOTOR_COMMAND8m                      &       DMBOT_IMU]?B#   z    >\BYA#Cg     Q     T.lo@)$          '       $MBOT_ENCODERSN                   (       DMBOT_IMU]?B# 
!; z  @ >DcɾA#K     Q     ∼.@(          )       $MBOT_ENCODERSN 
!                    * .      DMBOT_IMU]?B# XP          >ILoA#M.     Q     M/)@'          + 0      $MBOT_ENCODERSN XP                    , |      DMBOT_IMU]?B# i  ; @ >Z{оf$A"E5     Q     //Y@&          - ~      $MBOT_ENCODERSN i                    . 0      DMBOT_IMU]?B# ; z    >K!cA"     Q     /@&          /       $MBOT_ENCODERSN                     0 =      DMBOT_IMU]?B# Ct    ;     >AW^EA"i     Q     0 j@%          1 G      $MBOT_ENCODERSN Ct                  2 g      DMBOT_IMU]?B# =z  >; ; >AWh\A#     Q     	0@%          3 i      $MBOT_ENCODERSN                   4 굾      DMBOT_IMU]?B# !  z  ; >w.K6A#Cg     Q     Ѽ0=@$!          5 [      $MBOT_ENCODERSN !                  6       MBOT_MOTOR_COMMAND8m                      7       DMBOT_IMU]?B# -g        z  >N5wGA#tI     Q     <0Q@#          8 !      $MBOT_ENCODERSN -g                  9 Q      DMBOT_IMU]?B# {=z  >; z  >b<>A#tI     Q     !0U@!          : S      $MBOT_ENCODERSN {                  ; ;      DMBOT_IMU]?B# f  >;  >.5A#     Q     /@[          <        $MBOT_ENCODERSN f                    =       DMBOT_IMU]?B# 7>; ;  = A#j     Q     Pq0@R          >       $MBOT_ENCODERSN 7                    ? =4      DMBOT_IMU]?B# f  ; ?; >PCA"X     Q     06@d          @ ?      $MBOT_ENCODERSN f                    A       DMBOT_IMU]?B# _    =  @ >(PA#/     Q     0f@          B       $MBOT_ENCODERSN _                    C T      MBOT_MOTOR_COMMAND8m                      D *      DMBOT_IMU]?B#       =z  >=r\YA#     Q     (1@          E       $MBOT_ENCODERSN                   F '      DMBOT_IMU]?B# P۽z  z    =x	A#     Q     |1f@          G )      $MBOT_ENCODERSN P                    H v      DMBOT_IMU]?B# *  z  + >Dcɾm|A"0     Q     1@
          I w      $MBOT_ENCODERSN *                    J        DMBOT_IMU]?B# .z  =z  + > A"i     Q     1G@          K       $MBOT_ENCODERSN .                  L       DMBOT_IMU]?B# ;O    ?+ p >!A#Cg     Q     [0Le@          M       $MBOT_ENCODERSN ;O                N _      DMBOT_IMU]?B# w+ z  + 5K6A"     Q     1_@          O a      $MBOT_ENCODERSN w                  P       DMBOT_IMU]?B# ?     ; >+(HA$$D     Q     1@D          Q       $MBOT_ENCODERSN                 R       MBOT_MOTOR_COMMAND8m                      S R      DMBOT_IMU]?B# &x; z  ^ =X]>xA"     Q     38T@ղ          T       $MBOT_ENCODERSN &x                U Kf      DMBOT_IMU]?B# t  ; yNA$     Q     03Dp@͗          V N      $MBOT_ENCODERSN t                W 1      DMBOT_IMU]?B# s?     P >cɾA#~     Q     ܼ5X@0          X       $MBOT_ENCODERSN s                  Y v      DMBOT_IMU]?B# q    ?K  7 >-$A"     Q     Ya1@1          Z       $MBOT_ENCODERSN q                  [ 6v      DMBOT_IMU]?B# _z  @ ?h >zelA"     Q     94Y@          \ 8y      $MBOT_ENCODERSN _                  ]       DMBOT_IMU]?B# <  =z   NkA#     Q     3N@           ^       $MBOT_ENCODERSN <                    _ ҉      DMBOT_IMU]?B# H>   ='CA#     Q     F4a @          ` Ӻ      $MBOT_ENCODERSN H                  a ?      MBOT_MOTOR_COMMAND8m                      b  h      DMBOT_IMU]?B# I; @ @  =:<CA"N     Q     @|9@W          c "z      $MBOT_ENCODERSN I                  d m      DMBOT_IMU]?B# 񗃾 @ + >xA"X     Q     7%@"          e o      $MBOT_ENCODERSN                     f Y      DMBOT_IMU]?B# ? > j` >S>5A"     Q     <8@           g       $MBOT_ENCODERSN                 h       DMBOT_IMU]?B# 4N =  v >)b<lA A     Q     6L@@          i X      $MBOT_ENCODERSN 4N                  j YC      DMBOT_IMU]?B# \  ; >a(RA"v     Q     {6@          k [      $MBOT_ENCODERSN \                  l       MBOT_MOTOR_COMMAND8m                      m       DMBOT_IMU]?B# h?z  ?+ ?h >xA$     Q     Ѽ5v@          n       $MBOT_ENCODERSN h                  o       DMBOT_IMU]?B# iz    z  EA#)     Q     458A@zP          p       $MBOT_ENCODERSN i                q DC      DMBOT_IMU]?B# mR?K    >F<fA"N     Q     91!@w          r Fh      $MBOT_ENCODERSN mR                  s       DMBOT_IMU]?B# ?+ ?K  ' >BlA%?     Q     }9e@qN          t       $MBOT_ENCODERSN                 u ߖ      DMBOT_IMU]?B# 	z  Z  J׾oA!     Q     Pm:6@`          v 4      $MBOT_ENCODERSN 	                    w  ?      MBOT_MOTOR_COMMAND8m                      x .H      DMBOT_IMU]?B# W;     @  >2_A"2     Q     :@l5          y /      $MBOT_ENCODERSN W                z {      DMBOT_IMU]?B# X  z   >{о]A#j     Q     (=@iA          { }      $MBOT_ENCODERSN X                | ʀ      DMBOT_IMU]?B# ? >z  X =CA"l     Q     	;k@U?          } ̃      $MBOT_ENCODERSN                 ~       DMBOT_IMU]?B# Az     =>RiA R     Q     <վ@F           z      $MBOT_ENCODERSN A                 fq      DMBOT_IMU]?B# @ @ ; =cɾgA$     Q     .w=_@Cj           h!      $MBOT_ENCODERSN                  _      MBOT_MOTOR_COMMAND8m                             DMBOT_IMU]?B# > =z  @ >Z{оsA$}     Q     V=d@C                 $MBOT_ENCODERSN                        DMBOT_IMU]?B# ,^z  ; z  >a?A#V     Q     &=@A                 $MBOT_ENCODERSN ,^                 Q      DMBOT_IMU]?B# {>z  =z  + >F<+bA#`     Q     =[@?           S      $MBOT_ENCODERSN {                       DMBOT_IMU]?B# z  =  ; >=CA      Q     w=@6                 $MBOT_ENCODERSN                          DMBOT_IMU]?B# .@ z  ` yRA#     Q     \ż>r@&                 $MBOT_ENCODERSN .                 ;      DMBOT_IMU]?B# e1>   =x:A#     Q     >@#Z           =      $MBOT_ENCODERSN e1                 V6      MBOT_MOTOR_COMMAND8m                             DMBOT_IMU]?B# r>      @ >r	A#     Q     ?@@ L                 $MBOT_ENCODERSN r          ׾       K      DMBOT_IMU]?B#  z  X >SxA      Q     v0>@           `      $MBOT_ENCODERSN           ׼       &      DMBOT_IMU]?B# P>  =z  CP >K! A"     Q     ?L@           (      $MBOT_ENCODERSN P          ׹       t*      DMBOT_IMU]?B# z  z  p A      Q     2@@#           u      $MBOT_ENCODERSN           ׷             DMBOT_IMU]?B# I; Z + >dMoA#     Q     Bm{@?           ĭ      $MBOT_ENCODERSN I          ׵       @      MBOT_MOTOR_COMMAND8m                             DMBOT_IMU]?B# :_    ?+ 7 >BA!w     Q     kPBa@           t      $MBOT_ENCODERSN :_          ױ       _L      DMBOT_IMU]?B# +  X A!7     Q     Z@D,@?           a      $MBOT_ENCODERSN           ׯ       |      DMBOT_IMU]?B#       ? >)b޾k
!A!     Q     mwDLG@}           j      $MBOT_ENCODERSN            ׭       :      DMBOT_IMU]?B# $ѽ  >z  b >u+bA#F     Q     >E@                 $MBOT_ENCODERSN $          ת       I      DMBOT_IMU]?B# s(; >@  )b޾A"1     Q     C@
           Kl      $MBOT_ENCODERSN s(          ר             DMBOT_IMU]?B# \>   ? =5bA$$     Q     fbE@                 $MBOT_ENCODERSN \          ץ             MBOT_MOTOR_COMMAND8m                       S      DMBOT_IMU]?B#     ?Z  >z|A"N     Q     rGDH@                 $MBOT_ENCODERSN           ף       4s      DMBOT_IMU]?B# ]    ; =  =X]=MA!:     Q     dF@E           6}      $MBOT_ENCODERSN ]          נ       C      DMBOT_IMU]?B#  z  Z >MCA#j     Q     F@g                 $MBOT_ENCODERSN           מ       Д      DMBOT_IMU]?B#   > ; =u||A#     Q     ZI
@)           |      $MBOT_ENCODERSN           ל             DMBOT_IMU]?B# HE=   ?K  =5TA#     Q     [I@                  $MBOT_ENCODERSN HE          י       m      DMBOT_IMU]?B# ? =z  p >dUA#     Q     cI@           o      $MBOT_ENCODERSN           ז             MBOT_MOTOR_COMMAND8m                       u      DMBOT_IMU]?B# ɿ ?@  =L	>A     Q     ʼI/@           (      $MBOT_ENCODERSN           ה         	      DMBOT_IMU]?B# 3@ Z + =NA$.     Q     %GJ?/@{                 $MBOT_ENCODERSN 3          ב       X       DMBOT_IMU]?B# P =z  z  ;FPA#d     Q     
Iā@N           Z"      $MBOT_ENCODERSN P          ׏       j      DMBOT_IMU]?B# ϔ+ + @  =zxA#     Q     ɼK@           ^      $MBOT_ENCODERSN ϔ          ׍             DMBOT_IMU]?B#     > p >:,A$}     Q     PK.@                 $MBOT_ENCODERSN           ׋       B      DMBOT_IMU]?B# k=z  ?+ 0 <A$     Q     J;@I           D      $MBOT_ENCODERSN k          ׈             DMBOT_IMU]?B# ; p ? =k-$A!n     Q     ּL@v                 $MBOT_ENCODERSN           ׇ             DMBOT_IMU]?B# ? ?+ ?+ ?'HRA#     Q     `L4@p           r      $MBOT_ENCODERSN           ׄ       0      MBOT_MOTOR_COMMAND8m                       -M      DMBOT_IMU]?B# Vz  >; $ NYA#     Q     K@           /:      $MBOT_ENCODERSN V          ׂ       {l      DMBOT_IMU]?B# ?+   ? =5JA#tI     Q     L~@+           }      $MBOT_ENCODERSN           ׀       .      DMBOT_IMU]?B# Ľz  ;  >ՒҎiA"l     Q     K;@j           P      $MBOT_ENCODERSN           }              DMBOT_IMU]?B#  A>@ ?Z K  >ILA#     Q     8J@                  $MBOT_ENCODERSN  A          {        e      DMBOT_IMU]?B#  >;  @$ >A#     Q     ӼM@            g      $MBOT_ENCODERSN            y              MBOT_MOTOR_COMMAND8m                              DMBOT_IMU]?B#  Q=  ?j`  ?Vھ.A$]     Q     JS@                  $MBOT_ENCODERSN  Q          w       <      DMBOT_IMU]?B# +? =z   =kCA$     Q     Lj@n                 $MBOT_ENCODERSN +          u       P?      DMBOT_IMU]?B# y  z  ?j` kA!     Q     x	LK@|(           R      $MBOT_ENCODERSN y          s             DMBOT_IMU]?B# ? > ? >Wƾ|A$}     Q     %K@s           /      $MBOT_ENCODERSN           p             DMBOT_IMU]?B# *; >;  >(lA#     Q     3LV@~           u      $MBOT_ENCODERSN *          n       ;      DMBOT_IMU]?B# d<@  ? DcɾLA"     Q     ;L1@           @      $MBOT_ENCODERSN d<          l       U      MBOT_MOTOR_COMMAND8m                       )      DMBOT_IMU]?B# ?     P >$A$A     Q     k~K @{!                 $MBOT_ENCODERSN           i       Z      DMBOT_IMU]?B#  >; ?j` j` ;=k
!A#     Q     [ռJ @y^                 $MBOT_ENCODERSN            g       %V      DMBOT_IMU]?B# Nz  @ @  =u|A$     Q     K-@|            '      $MBOT_ENCODERSN N          e       s      DMBOT_IMU]?B# 0>z  ? X ?)b޾A$h     Q     H	@x?           u      $MBOT_ENCODERSN 0          b             DMBOT_IMU]?B# 1>@ =z   5A#`     Q     ļJd@n8           u      $MBOT_ENCODERSN 1          `             MBOT_MOTOR_COMMAND8m                       :      DMBOT_IMU]?B# 9; j` ?` ;:A"N     Q     I<@r                 $MBOT_ENCODERSN 9          ^       ^L      DMBOT_IMU]?B# >z  ?; =z  ?(YA#/     Q     kHߑ@x           `}      $MBOT_ENCODERSN      }     [             DMBOT_IMU]?B# Ӿ ;  5xA"E5     Q     :I@r                 $MBOT_ENCODERSN      z     Y       Q      DMBOT_IMU]?B# #> @  >rTA"     Q     YI@q                 $MBOT_ENCODERSN #     x     V       I      DMBOT_IMU]?B# r >z   >A ?     Q     tKKw@g           L	      $MBOT_ENCODERSN r     v     S             DMBOT_IMU]?B# _=     >.Kþ
!A"lP     Q     WI?@`                 $MBOT_ENCODERSN _     s     Q             MBOT_MOTOR_COMMAND8m                             DMBOT_IMU]?B# =z  ?Z V ?>;A!U     Q     ^nJ@Z3           L      $MBOT_ENCODERSN      q     N       5      DMBOT_IMU]?B# \   ; M0GA#+     Q     (J@M           6      $MBOT_ENCODERSN \     n     K       r      DMBOT_IMU]?B#     @ >ILLA$A     Q     Iz@U~                 $MBOT_ENCODERSN      l     I       Ϗ      DMBOT_IMU]?B# !?+ ?+ ?+ ?WsA$$     Q     }Jiw@]                 $MBOT_ENCODERSN !     j     G             DMBOT_IMU]?B# G]+ @ ?; F<A#     Q     :Hfc@].                  $MBOT_ENCODERSN G]     h     E        [J      MBOT_MOTOR_COMMAND8m                       lr      DMBOT_IMU]?B# =  > ?p >Wƾ^EA#K     Q     Gb@h/           n      $MBOT_ENCODERSN      e     C             DMBOT_IMU]?B# #z  >@ ? >A"     Q     H@m;                 $MBOT_ENCODERSN #     b     A       ~      DMBOT_IMU]?B# 2?@ @ ? :<uA"     Q     mE@p;           
      $MBOT_ENCODERSN 2     `     >       V      DMBOT_IMU]?B# BK  ?@ >; >Ւ>5A!!     Q     JFʂ@x           Z      $MBOT_ENCODERSN B     ^     <      	 C      DMBOT_IMU]?B# ΐz    ='=|A";n     Q     F@s          
       $MBOT_ENCODERSN ΐ     Z     9             DMBOT_IMU]?B# 	 z  @ =3fA$K_     Q     aUE"@q#           b      $MBOT_ENCODERSN 	     X     7       	@      DMBOT_IMU]?B# 	j?Z >  ?0 >?zA%]     Q     VEpZ@{_           	C-      $MBOT_ENCODERSN 	j     T     4       	      DMBOT_IMU]?B# 	      Z >a'OA%     Q     E2E@y           	      $MBOT_ENCODERSN 	     R     1       	t      MBOT_MOTOR_COMMAND8m                       	      DMBOT_IMU]?B# 
C=z  ?K    =xbA#j     Q     C@w           	      $MBOT_ENCODERSN 
C     P     /       
,      DMBOT_IMU]?B# 
U+ K  >z  =X]>A";n     Q     hE@v           
/      $MBOT_ENCODERSN 
U     L     ,       
z3      DMBOT_IMU]?B# 
 > =  >.^EA#tI     Q     ۼD@z           
|      $MBOT_ENCODERSN 
     J     *       
9      DMBOT_IMU]?B# 
-?j` =   >nd-A%Ȫ     Q     lD@uv           
      $MBOT_ENCODERSN 
-     H     '       w      DMBOT_IMU]?B# @&?+      >p־WsA"l     Q     qEP@o@                 $MBOT_ENCODERSN @&     F     %       d      DMBOT_IMU]?B# Z + ? =Dcɾ5A!     Q     樼F]<@mH           f      $MBOT_ENCODERSN      D     #             DMBOT_IMU]?B# ܉=  >; ?` >>;A!7     Q     rWEɞ@xa                 $MBOT_ENCODERSN ܉     B              9      MBOT_MOTOR_COMMAND8m                      !       DMBOT_IMU]?B# *=z  >  >xA#M.     Q     uXFz@x'          "       $MBOT_ENCODERSN *     ?           # O      DMBOT_IMU]?B# xĿK  =z  ?+ lA      Q     J1E@{          $ Q      $MBOT_ENCODERSN x     >           %       DMBOT_IMU]?B# z  @ K  >PA$     Q     [F@w          & F      $MBOT_ENCODERSN      <           '       DMBOT_IMU]?B#    ? z  =|MA$|A     Q     Dk-@v          (       $MBOT_ENCODERSN       :           ) :      DMBOT_IMU]?B# cg    @ @G8 y.qA%     Q     `3G@{O          * ?       $MBOT_ENCODERSN cg     8           +       DMBOT_IMU]?B# >@ ?j`  >)A%     Q     DQ@~F          ,       $MBOT_ENCODERSN      6           - 1      DMBOT_IMU]?B# > =z    <y>&|A#     Q     ּEY@}%          . c      $MBOT_ENCODERSN      3           / h      MBOT_MOTOR_COMMAND8m                      0 $      DMBOT_IMU]?B# N p @  N52_A"     Q     F@          1 &      $MBOT_ENCODERSN N     0           2 s      DMBOT_IMU]?B# ? ?j` @+ >x@A%     Q     <1D@H          3 u3      $MBOT_ENCODERSN      .           4 i      DMBOT_IMU]?B# e=z  =  >@ >w.=ͨA#+     Q     		F@          5       $MBOT_ENCODERSN e     ,           6 k      DMBOT_IMU]?B# 8  >z  =yA$|A     Q     F@F          7 D      $MBOT_ENCODERSN 8     *     
      8 ]      DMBOT_IMU]?B# ?Z >@  >KþA#K     Q     Dp@(          9 _R      $MBOT_ENCODERSN      (           :       DMBOT_IMU]?B# 0      >P=&|A#     Q     D@U          ;       $MBOT_ENCODERSN 0     &           < Ǐ      MBOT_MOTOR_COMMAND8m                      =       DMBOT_IMU]?B# $
=  z  >z  =X]A$|A     Q     <D@          > h      $MBOT_ENCODERSN $
     $           ? H      DMBOT_IMU]?B# q> ?+   >2|-A"     Q     W׼CQ@p          @ K      $MBOT_ENCODERSN q     "           A <      DMBOT_IMU]?B# >      =N>xA#j     Q     Bj@          B _      $MBOT_ENCODERSN                 C r      DMBOT_IMU]?B#   ? <yWsA z     Q     ݼA@          D       $MBOT_ENCODERSN                 E 3      DMBOT_IMU]?B# \> =z  @CP >*|ҎiA"i     Q     `4A@          F 4      $MBOT_ENCODERSN \                G Ws      MBOT_MOTOR_COMMAND8m                      H       DMBOT_IMU]?B# ?; >@ @ >(
!A"N     Q     0B@          I %      $MBOT_ENCODERSN                 J       DMBOT_IMU]?B# R z  > ='=WsA z     Q     A/@S          K E      $MBOT_ENCODERSN R                L       DMBOT_IMU]?B# F; ;  >I5A#     Q     fB5@          M       $MBOT_ENCODERSN F                N k:      DMBOT_IMU]?B#     >z  =z  =<uA#     Q     ڼAF@          O l      $MBOT_ENCODERSN                 P       DMBOT_IMU]?B# ʿK   >  >)b޾)A"     Q     A[_@          Q ~      $MBOT_ENCODERSN                 R       MBOT_MOTOR_COMMAND8m                      S       DMBOT_IMU]?B# 1L? >  p >>A"     Q     |A7@          T 	i      $MBOT_ENCODERSN 1L                U V       DMBOT_IMU]?B#  >; p  A#+     Q     +?@5          V X      $MBOT_ENCODERSN      
           W -      DMBOT_IMU]?B# ͝@  ? :,A"      Q     +A@          X       $MBOT_ENCODERSN ͝                Y       DMBOT_IMU]?B# ?+ ?K  ? >SUA"
     Q     J=@@          Z       $MBOT_ENCODERSN                 [ @[      DMBOT_IMU]?B# iܾ ; P >5<sA!P     Q     @@          \ B      $MBOT_ENCODERSN i                ] t      DMBOT_IMU]?B# 1  =  ? >AW)A!     Q     R?@          ^       $MBOT_ENCODERSN 1                _       MBOT_MOTOR_COMMAND8m                      ` ;      DMBOT_IMU]?B# {?+      >UPA"lP     Q     ?ԛ@          a       $MBOT_ENCODERSN {                 b +|      DMBOT_IMU]?B# T  >   =a)A!     Q     4?@	          c -~      $MBOT_ENCODERSN T                d y      DMBOT_IMU]?B# ?j` K  ?p kA!w     Q     3\?@_          e {$      $MBOT_ENCODERSN                 f Ǵ      DMBOT_IMU]?B# Z ?@     ?<CA     Q     b?3n@L          g h      $MBOT_ENCODERSN                 h       DMBOT_IMU]?B# ?2      >(>xA y     Q     B?M@          i Y      $MBOT_ENCODERSN ?2                j Cf      MBOT_MOTOR_COMMAND8m                      k dN      DMBOT_IMU]?B# vz  =z  7 <klA"i     Q     ;>@          l f^      $MBOT_ENCODERSN v                m 9      DMBOT_IMU]?B# ۩ @ @CP a'xA"     Q     A@l          n       $MBOT_ENCODERSN ۩                o        DMBOT_IMU]?B# *>z  + @+ >J׾WsA!3v     Q     dѼ?@          p u      $MBOT_ENCODERSN *                q Ny      DMBOT_IMU]?B# w=z  ?K    >M<lA#     Q     5?,@          r P      $MBOT_ENCODERSN w                s f      DMBOT_IMU]?B# z  @ ? )A!     Q     2x?7@7          t       $MBOT_ENCODERSN                 u       DMBOT_IMU]?B# >     ; >L A#V     Q     1>@          v X      $MBOT_ENCODERSN                 w -      MBOT_MOTOR_COMMAND8m                      x 9V      DMBOT_IMU]?B# b    > >z  =c<OA#j     Q     ؼ?@          y <      $MBOT_ENCODERSN b                z Q      DMBOT_IMU]?B# =z    ? =	>A$     Q     ׼>B@          { *      $MBOT_ENCODERSN                 | P      DMBOT_IMU]?B# >z  >   >xfA"1     Q     ̼?A@U          }       $MBOT_ENCODERSN                   ~ #L      DMBOT_IMU]?B# L> =    =X]>\YA!:     Q     셼>[_@>           $      $MBOT_ENCODERSN L                 r      DMBOT_IMU]?B#  @ p =DcɾMA"N     Q     Y?$A@           t      $MBOT_ENCODERSN                  a      DMBOT_IMU]?B# x>z      ? >05A#     Q     \A@                 $MBOT_ENCODERSN x                 /      MBOT_MOTOR_COMMAND8m                       ,      DMBOT_IMU]?B# 7>;  ? >K!A#)     Q     ÖATU@           $      $MBOT_ENCODERSN 7          ֿ       \      DMBOT_IMU]?B# ȿz  ?j` 3 >Kþ A#M.     Q     J@6@O           ^J      $MBOT_ENCODERSN           ־               DMBOT_IMU]?B# ?Z =   >NYA"2     Q     ?Q@                 $MBOT_ENCODERSN           ּ               DMBOT_IMU]?B# "M@    N5=MA#     Q     {@PJ@           "      $MBOT_ENCODERSN "M          ּ         GG      DMBOT_IMU]?B# p >  @ >P:,A#K     Q     k@@           I      $MBOT_ENCODERSN p          ֻ       B      DMBOT_IMU]?B# z  =      >$A"X     Q     B<|@                 $MBOT_ENCODERSN           ֺ       _      DMBOT_IMU]?B# ; z  G8 >IsA#~     Q     9:?@           "      $MBOT_ENCODERSN           ָ         1      DMBOT_IMU]?B# Z޾  >z   DcɾsA$}     Q     ?@u{           3H      $MBOT_ENCODERSN Z          ָ                 DMBOT_IMU]?B# @ + ?+ >zeA"     Q     D,@~o                 $MBOT_ENCODERSN           ָ               DMBOT_IMU]?B# o>@ >   >w.cA#     Q     ]A@w           Ј      $MBOT_ENCODERSN o          ַ         O      MBOT_MOTOR_COMMAND8m                             DMBOT_IMU]?B# E=  > z  >NHRA"     Q     F? @k                 $MBOT_ENCODERSN E          ֶ       j      DMBOT_IMU]?B#  z    >J׽bA#     Q     j@%@e           l      $MBOT_ENCODERSN           ֵ               DMBOT_IMU]?B# >@ K  >@ cɾcA";n     Q     ?@__                 $MBOT_ENCODERSN           ֵ                 DMBOT_IMU]?B# 0 ?+ + >A"     Q     dCZ@jK           	      $MBOT_ENCODERSN 0          ֵ           UL      DMBOT_IMU]?B# ~~>; @ ? >\YA"0     Q     B@h           W<      $MBOT_ENCODERSN ~~          ִ               DMBOT_IMU]?B# {  z  + >mOA"i     Q     A@ei                 $MBOT_ENCODERSN {          ִ                 DMBOT_IMU]?B#     >;   >w.TA#j     Q     C(@hX           ~      $MBOT_ENCODERSN           ִ         ?      DMBOT_IMU]?B# hz  z  > =־:A"2     Q     C?@gF           A8      $MBOT_ENCODERSN h          ִ           |      MBOT_MOTOR_COMMAND8m                             DMBOT_IMU]?B# νz    @ >X]ҎiA#`     Q     u&Cs@f#                 $MBOT_ENCODERSN           ִ         _      DMBOT_IMU]?B#  ? @ ?Z >a>EA&G     Q     D@i           ށ      $MBOT_ENCODERSN            ֳ        *      DMBOT_IMU]?B#  Sҽz  @ >@ >\B ]A(     Q     )7E@k            ,D      $MBOT_ENCODERSN  S          ֲ        z9      DMBOT_IMU]?B#  ?+ ?+ R >N5-8"A"0     Q     )C@^5            |W      $MBOT_ENCODERSN            ְ        Ƶ      DMBOT_IMU]?B#  >; >  <cɾpA"E5     Q     
CM@Ua            K      $MBOT_ENCODERSN            ֯         !      DMBOT_IMU]?B# !?z  p     DcɾA"S     Q     MDF@L           !      $MBOT_ENCODERSN !?          ֮         !=      MBOT_MOTOR_COMMAND8m                       !b      DMBOT_IMU]?B# !\  z  ?Z >a$A"     Q     fqFi@TA           !d      $MBOT_ENCODERSN !\          ֮         !      DMBOT_IMU]?B# !=  ; =z  >I|A"     Q     %Fy@Qt           ![      $MBOT_ENCODERSN !          ֮           !      DMBOT_IMU]?B# "(    ? ; >3&|A#     Q     yEm@Q>           "a      $MBOT_ENCODERSN "(          ֮           "M      DMBOT_IMU]?B# "v        >F<oA#~     Q     )F@Pz           "OO      $MBOT_ENCODERSN "v          ֮           "4      DMBOT_IMU]?B# "Ũ    >  >?z\YA"     Q     E@Np           "      $MBOT_ENCODERSN "Ũ          ֮           "      DMBOT_IMU]?B# #O; z  z  >IL0GA#9     Q     OE4$@M           "      $MBOT_ENCODERSN #O          ֮           #X      MBOT_MOTOR_COMMAND8m                       #8K      DMBOT_IMU]?B# #aѽ  z      >X]oA"v     Q     fF'@M	           #:D      $MBOT_ENCODERSN #a          ֮           #.      DMBOT_IMU]?B# #         >Dcɾ<uA"     Q     ͹E@K           #       $MBOT_ENCODERSN #          ֮           #f      DMBOT_IMU]?B# #=z  >@  >(>;A"     Q     SSEkh@G%           ##      $MBOT_ENCODERSN #          ֭         $"      DMBOT_IMU]?B# $L#z  z   =z侢ZA!٪     Q     D@B           $$      $MBOT_ENCODERSN $L#          ֭           $q      DMBOT_IMU]?B# $zz  @   >AWA"     Q     濼El@A           $s      $MBOT_ENCODERSN $z          ֭           $A      MBOT_MOTOR_COMMAND8m                       ${      DMBOT_IMU]?B# $    =   >nd	>A#&     Q     E'@?           $C      $MBOT_ENCODERSN $          ֬         %      DMBOT_IMU]?B# %6ν  =z  @ =|-A#M.     Q     ڼD@9           %D      $MBOT_ENCODERSN %6          ֬           %[*      DMBOT_IMU]?B# %=z     >F<A#tI     Q     j{E5@7           %\      $MBOT_ENCODERSN %          ֬           %      DMBOT_IMU]?B# %ӆ?@ @ ?Z =A#     Q     F&@6           %      $MBOT_ENCODERSN %ӆ          ֫       %n      DMBOT_IMU]?B# &!ǿ     @ >fA!     Q     6HS@;           %X      $MBOT_ENCODERSN &!          ֫           &D(      MBOT_MOTOR_COMMAND8m                       &Fl      DMBOT_IMU]?B# &o>z   ? >5<>A"     Q     ۼI@>           &H.      $MBOT_ENCODERSN &o          ֫           &      DMBOT_IMU]?B# &'j` ; ; >I~OA#~     Q     +I`6@B           &      $MBOT_ENCODERSN &'          ֪         &)      DMBOT_IMU]?B# '=  >@ @ >4PA#     Q     ~ȼJ0@@           &      $MBOT_ENCODERSN '          ֪           '0      DMBOT_IMU]?B# 'ZA>z  ?z  } >_d?A#     Q     DȂ@/           '2      $MBOT_ENCODERSN 'ZA          ֨         ',      DMBOT_IMU]?B# '    =k?A"     Q     F@)x           '      $MBOT_ENCODERSN '          ֨           '       DMBOT_IMU]?B# '>; z    >U뾕YA#tI     Q     ;,G{@&           '      $MBOT_ENCODERSN '          ֨           (-      DMBOT_IMU]?B# (Dz  >;  >+P0GA#K     Q     fF@%           (      $MBOT_ENCODERSN (D          ֨           (iq      DMBOT_IMU]?B# (  z  z  >Z{оA"E5     Q     KH@$           (k      $MBOT_ENCODERSN (          ֨           (      DMBOT_IMU]?B# ((=z  >@  =NA#/     Q     @G@"           (      $MBOT_ENCODERSN ((          ֨           )+      DMBOT_IMU]?B# )/z   ; >\BWsA#d     Q      Gw7@ y           )Y      $MBOT_ENCODERSN )/          ֨           )S      DMBOT_IMU]?B# )}h=z  >z   >A"     Q     0HL@n           )U      $MBOT_ENCODERSN )}h          ֧         )      DMBOT_IMU]?B# )ˎz        >+PPA#K     Q     2H48@           )      $MBOT_ENCODERSN )ˎ          ֧           )      DMBOT_IMU]?B# *  z  @ >AWK6A#     Q      ɼHz@           )      $MBOT_ENCODERSN *          ֧           *>u      DMBOT_IMU]?B# *h    >;  >dRiA#     Q     CH{@P           *@S      $MBOT_ENCODERSN *h          ֧           *      DMBOT_IMU]?B# *Ez  ; ; >=rh\A#M.     Q     ǼID|@           *      $MBOT_ENCODERSN *E          ֧           *       DMBOT_IMU]?B# +[=z      z  >?zYA#&     Q     IF@           *      $MBOT_ENCODERSN +[          ֧         +*      DMBOT_IMU]?B# +SNz  ; >z  >34A"      Q     Jg@           ++      $MBOT_ENCODERSN +SN          ֧         +wo      DMBOT_IMU]?B# +?@ z  ?K  >_dsA#     Q     MXK@           +yo      $MBOT_ENCODERSN +          ֦         +      DMBOT_IMU]?B# +?Z >   >N^EA"E5     Q     }J)@            +*      $MBOT_ENCODERSN +          ֥       ,+      DMBOT_IMU]?B# ,=Y?     @ >	yRA!=<     Q     uKb@           ,,      $MBOT_ENCODERSN ,=Y          ֤       ,b      DMBOT_IMU]?B# ,BZ  > >PAkA#b     Q     5|K8@           ,c      $MBOT_ENCODERSN ,B          ֤           ,      DMBOT_IMU]?B# ,~=z  > @ >a'?A#/     Q     K@           ,6      $MBOT_ENCODERSN ,~          ֤           ,      DMBOT_IMU]?B# -' z  @ ='$A#V     Q     HKE@           -       $MBOT_ENCODERSN -'          ֤          	 -M      DMBOT_IMU]?B# -v; @     >Dcɾt8A#tI     Q     NDK8@          
 -N      $MBOT_ENCODERSN -v          ֤           -9      DMBOT_IMU]?B# -Sz  >;   =|+bA#     Q     AKz@           -      $MBOT_ENCODERSN -S          ֤           -*      DMBOT_IMU]?B# .K @ ; >DcɾYA"0     Q     K@?           -|      $MBOT_ENCODERSN .K          ֤           .6      DMBOT_IMU]?B# .`x  =z    >)b޾f$A"     Q     +K0@           .8      $MBOT_ENCODERSN .`x          ֤           .      DMBOT_IMU]?B# .;     @ >&kPA#     Q     y~K+@L           .      $MBOT_ENCODERSN .          ֤           .      DMBOT_IMU]?B# .  z  ; >F<\YA"X     Q     iK@
           .      $MBOT_ENCODERSN .          ֤           /!      DMBOT_IMU]?B# /K0z  ; @ >"k
!A#     Q     sK~@	           /#      $MBOT_ENCODERSN /K0          ֤           /o      DMBOT_IMU]?B# /Q      ; >F<PA#&     Q     ?L"'@	3           /r       $MBOT_ENCODERSN /Q          ֤           /      DMBOT_IMU]?B# /皾; z  ; >IRiA#/     Q     uɼK@f           /      $MBOT_ENCODERSN /          ֤           0I      DMBOT_IMU]?B# 05z        >?zm|A#     Q     Lt@           0x      $MBOT_ENCODERSN 05          ֤           0Zb      DMBOT_IMU]?B# 0  =z   >5U.A"     Q     La@           0\0      $MBOT_ENCODERSN 0          ֤           0      DMBOT_IMU]?B# 0-  ;  >)b޾U.A"     Q     L@*            0      $MBOT_ENCODERSN 0-          ֤          ! 0X      DMBOT_IMU]?B# 1 "  z  @ >AW^EA"     Q     L]@          " 0      $MBOT_ENCODERSN 1 "          ֤          # 1D      DMBOT_IMU]?B# 1ne>; =   >I0GA$Z     Q     U7L9@           $ 1F      $MBOT_ENCODERSN 1ne          ֣        % 1      DMBOT_IMU]?B# 1?0 ?z   >=:A$U&     Q     I@a          & 1	      $MBOT_ENCODERSN 1          ֡        ' 1	      DMBOT_IMU]?B# 2
@ j` ?z  kGA%     Q     bJ!@          ( 1      $MBOT_ENCODERSN 2
          ֠      ) 2/      DMBOT_IMU]?B# 2Y3@j` >  z  ?
)(A     Q     M{@?          * 21      $MBOT_ENCODERSN 2Y3          ֞      + 2}      DMBOT_IMU]?B# 2S@R   =z  =NlA$     Q     4̼M/@          , 2      $MBOT_ENCODERSN 2S          ֜      - 2      DMBOT_IMU]?B# 2@Z ?+ b >J׾A     Q     akIrH@ݵ          . 2      $MBOT_ENCODERSN 2          ֚      / 3      DMBOT_IMU]?B# 3C@p p @ J׾wGA"     Q     u Ox'@          0 3      $MBOT_ENCODERSN 3C          ֘      1 3h`      DMBOT_IMU]?B# 3?   @ >4>xA$     Q     h.K@          2 3j       $MBOT_ENCODERSN 3          ֖      3 3      DMBOT_IMU]?B# 3/@CP ?p     >m?$1A#/     Q     S6Nu@          4 3      $MBOT_ENCODERSN 3/          ֔      5 4      DMBOT_IMU]?B# 4.B?  p >; =;A7     Q     <TMW@          6 4      $MBOT_ENCODERSN 4.B          ֑      7 4S      DMBOT_IMU]?B# 4|@nH >  z  >X]A"l     Q     (jGLK@/          8 4T      $MBOT_ENCODERSN 4|          ֎      9 4      DMBOT_IMU]?B# 4ʙ@ ? =z  <5UA'K     Q     uL @?          : 4      $MBOT_ENCODERSN 4ʙ          ֊      ; 44      DMBOT_IMU]?B# 5@} j`  >IL\YA$.     Q     3[NB@h          < 4      $MBOT_ENCODERSN 5          ֆ      = 5=      DMBOT_IMU]?B# 5g'@nH ? > y[A $     Q     ɾ\JLi@          > 5?      $MBOT_ENCODERSN 5g'          ւ      ? 5o      DMBOT_IMU]?B# 5<@z          >ksA$A     Q     AsK @H          @ 5I      $MBOT_ENCODERSN 5<          ~      A 5ٍ      DMBOT_IMU]?B# 6M?     ?; :t8A     Q     KT@          B 5P      $MBOT_ENCODERSN 6M          z      C 6(      DMBOT_IMU]?B# 6R@  >; > >L=CA!     Q     |SH`@          D 6++      $MBOT_ENCODERSN 6R          u      E 6vi      DMBOT_IMU]?B# 6?Z =z   >K=UA#     Q     ]J @          F 6x
      $MBOT_ENCODERSN 6          p      G 6      DMBOT_IMU]?B# 67; >z  ?P >'>;A&N     Q     a)̼G@          H 6      $MBOT_ENCODERSN 67          k      I 7L      DMBOT_IMU]?B# 7<? +  >=rlA     Q     6-K@          J 7      $MBOT_ENCODERSN 7<          g      K 7a      DMBOT_IMU]?B# 7?; >z  @ >a.A'O     Q     9K5@          L 7b      $MBOT_ENCODERSN 7          c      M 7      DMBOT_IMU]?B# 7Žz    @ >>A!     Q     65Li@=          N 7      $MBOT_ENCODERSN 7          ^      O 7      DMBOT_IMU]?B# 8&ÿj` >@ >@ (A     Q     .(׼LZ@          P 7      $MBOT_ENCODERSN 8&          Z      Q 8K      DMBOT_IMU]?B# 8u?     A++.     Q     :sLbT@          R 8M      $MBOT_ENCODERSN 8u     }     V      S 8j      DMBOT_IMU]?B# 8*Z Z >@ =MA $     Q     7mO@          T 8      $MBOT_ENCODERSN 8*     y     R      U 8      DMBOT_IMU]?B# 9z  ?@ >; >(A     Q     <BӼLa@          V 8      $MBOT_ENCODERSN 9     u     O      W 95      DMBOT_IMU]?B# 9_>; @  =]>&|A%zs     Q     @yOK@f          X 98,      $MBOT_ENCODERSN 9_     q     L      Y 9      DMBOT_IMU]?B# 9=z  ?+  |:A]     Q     'M@>          Z 9      $MBOT_ENCODERSN 9     o     H      [ 9Җ      DMBOT_IMU]?B# 9=  @ ? u|UA(     Q     KVO@          \ 9Ԣ      $MBOT_ENCODERSN 9     k     E      ] : 8      DMBOT_IMU]?B# :J"?  ?Z 0 >a>(HA A     Q     $ռM@~          ^ :"0      $MBOT_ENCODERSN :J"     g     B      _ :n      DMBOT_IMU]?B# :Z+ >z      3=RA"X     Q     %S8Nn@8          ` :po      $MBOT_ENCODERSN :Z     c     >      a :      DMBOT_IMU]?B# :懿+ @     >IoA"i     Q     )sN@          b :      $MBOT_ENCODERSN :     a     :      c ;      DMBOT_IMU]?B# ;4?p ?+  >=r=&|A"N     Q     !9Mb@          d ;	      $MBOT_ENCODERSN ;4     [     6      e ;Y      DMBOT_IMU]?B# ;  >z  N>A@     Q     "ENOx@C          f ;[      $MBOT_ENCODERSN ;     X     3      g ;      DMBOT_IMU]?B# ;N>   ?0 >W>YA%]     Q     5޼M@          h ;2      $MBOT_ENCODERSN ;N     U     /      i ;      DMBOT_IMU]?B# <J=   + >F<
!A"N     Q     1Nź@          j ;      $MBOT_ENCODERSN <J     Q     ,      k <C      DMBOT_IMU]?B# <mp >; ? >UCA$7     Q     /՗M"@          l <F      $MBOT_ENCODERSN <m     M     )      m <W      DMBOT_IMU]?B# <;  @ >05f$A#j     Q     8fPO@          n <8      $MBOT_ENCODERSN <     K     %      o <      DMBOT_IMU]?B# =
D@ ?  >05>A!:     Q     N@T          p <      $MBOT_ENCODERSN =
D     G     "      q =.D      DMBOT_IMU]?B# =Xp  ? =5A&     Q     @Pb6@          r =0V      $MBOT_ENCODERSN =X     C           s =|I      DMBOT_IMU]?B# =L? ?+  >+g<A     Q     EQDP@          t =~i      $MBOT_ENCODERSN =L     A           u =      DMBOT_IMU]?B# =  + >; =05=YA"     Q     5ʸRH<@          v =      $MBOT_ENCODERSN =     =           w >      DMBOT_IMU]?B# >BԿ; @ ? >P.A"
     Q     </BQ:@          x >      $MBOT_ENCODERSN >B     ;           y >g      DMBOT_IMU]?B# >?; >;  >J׾
!A$     Q     BGR,@j          z >k      $MBOT_ENCODERSN >     8           { >      DMBOT_IMU]?B# >A?     @ =|>ͨA$     Q     >5R@o          | >      $MBOT_ENCODERSN >A     5           } ?v      DMBOT_IMU]?B# ?-JP ; ?h >=lA     Q     6rS~j@          ~ ?      $MBOT_ENCODERSN ?-J     3            ?Q      DMBOT_IMU]?B# ?{z@  ?0 <k
!A%     Q     WT@           ?S      $MBOT_ENCODERSN ?{z     /            ?      DMBOT_IMU]?B# ?ɽ?   + >sA%     Q     >ZS@i           ?      $MBOT_ENCODERSN ?ɽ     -            ?w      DMBOT_IMU]?B# @@ =z      >$y;lA      Q     C%$V9@           ?      $MBOT_ENCODERSN @     )            @<      DMBOT_IMU]?B# @f    ?Z =A"N     Q     U`S@E           @>i      $MBOT_ENCODERSN @f     '            @      DMBOT_IMU]?B# @=z  >;  ?(!A$     Q     WZVV@2           @      $MBOT_ENCODERSN @     %            @ع      DMBOT_IMU]?B# At>; >  =3>f$A$A     Q     T:߼V@A           @      $MBOT_ENCODERSN At     !            A&      DMBOT_IMU]?B# AP  z  >IA     Q     ?W@O           A(      $MBOT_ENCODERSN AP                 Av      DMBOT_IMU]?B# A =z  ; >_dlA'm     Q     w?W@           Aw      $MBOT_ENCODERSN A                 AÂ      DMBOT_IMU]?B# AJ?` =   >">RA"v     Q     \W+@           Aŏ      $MBOT_ENCODERSN AJ                 BC      DMBOT_IMU]?B# B;:    ='=?A     Q     J|AY@$           B      $MBOT_ENCODERSN B;:                 B`      DMBOT_IMU]?B# B    =   ;A"     Q     [żW@h           BbL      $MBOT_ENCODERSN B                 B      DMBOT_IMU]?B# B?     > >P>!A(0     Q     `Y]@Ļ           B      $MBOT_ENCODERSN B                 B      DMBOT_IMU]?B# C&   >2>A!     Q     d'ؼZ%)@Y           C F      $MBOT_ENCODERSN C&                 CK4      DMBOT_IMU]?B# CtA>; >;  >@lA!q     Q     d<\X@           CM      $MBOT_ENCODERSN CtA                 C      DMBOT_IMU]?B# CD?@   >  u|h\A#9     Q     W9Z@>           C      $MBOT_ENCODERSN CD                 Cp      DMBOT_IMU]?B# D  z  > >d<lA%p     Q     |Ƽ[T@           C      $MBOT_ENCODERSN D                 D5      DMBOT_IMU]?B# D^? =z    >>;A ѱ     Q     k\3@           D8      $MBOT_ENCODERSN D^     	            D      DMBOT_IMU]?B# DM?j` =z  ` =A x     Q     TZ8@           D      $MBOT_ENCODERSN DM                 DL      DMBOT_IMU]?B# D =z  ; >۶	>8A'     Q     uE^"@           D'      $MBOT_ENCODERSN D                 EH      DMBOT_IMU]?B# EI;   x>A"S     Q     uSؼ_ @            E!.      $MBOT_ENCODERSN EI                 Em      DMBOT_IMU]?B# Ee?@  > >y>CA"l     Q     f,_%@           Eo      $MBOT_ENCODERSN Ee                 E       DMBOT_IMU]?B# Eɽz  ; =z  =3UA$7     Q     Voa`/@           EQ      $MBOT_ENCODERSN E                 F
~      DMBOT_IMU]?B# F3; >; > >b޾m|A!     Q     ^&`8J@           F      $MBOT_ENCODERSN F3                 FX      DMBOT_IMU]?B# Fz  z  @ =lA$     Q     ndM*@           FZ      $MBOT_ENCODERSN F                 F      DMBOT_IMU]?B# F%    ?z  fx >8>:A$     Q     vA`@D           F      $MBOT_ENCODERSN F%                 F      DMBOT_IMU]?B# Gm  Z Z 05>~OA ]     Q     |d@+           Fp      $MBOT_ENCODERSN Gm                 GC      DMBOT_IMU]?B# Gl  @ ='7A     Q     w޼dZ@	           GE      $MBOT_ENCODERSN Gl                 G      DMBOT_IMU]?B# G=     >k A+\     Q     ep@           G!      $MBOT_ENCODERSN G                 Gߧ      DMBOT_IMU]?B# H@  ?; @ >3>sA%     Q     d:@l           G      $MBOT_ENCODERSN H                 H-      DMBOT_IMU]?B# HW"z   ?K  >A     Q     stdO@           H/      $MBOT_ENCODERSN HW"                 H{      DMBOT_IMU]?B# H ?z   ?U=0GA#9     Q     c@;           H~n      $MBOT_ENCODERSN H                 H0      DMBOT_IMU]?B# HK   @+ ==A#`     Q     KFf@           H      $MBOT_ENCODERSN H                 I      DMBOT_IMU]?B# IB@    >(sA!     Q     fec@           IL      $MBOT_ENCODERSN IB                 If      DMBOT_IMU]?B# IZ ?j` @ >>uA%     Q     rf1@Q           Ih      $MBOT_ENCODERSN I                 I      DMBOT_IMU]?B# I2 +  >X]>A!     Q     tXg@G           IC      $MBOT_ENCODERSN I2          տ       J      DMBOT_IMU]?B# J,\    @ @ >U.A      Q     c<f\@           J      $MBOT_ENCODERSN J,\          ս       JQR      DMBOT_IMU]?B# Jz ?@ ? >d<>A x     Q     qO3gM|@           JSh      $MBOT_ENCODERSN Jz          ջ       J      DMBOT_IMU]?B# J?Z ; >; >a'lA&G     Q     v4j=@*           J      $MBOT_ENCODERSN J          չ